Archive member included to satisfy reference by file (symbol)

c:/xpack-arm-none-eabi-gcc/bin/../lib/gcc/arm-none-eabi/11.2.1/../../../../arm-none-eabi/lib/thumb/v7e-m/nofp\librdimon.a(rdimon-syscalls.o)
                              c:/xpack-arm-none-eabi-gcc/bin/../lib/gcc/arm-none-eabi/11.2.1/../../../../arm-none-eabi/lib/thumb/v7e-m/nofp/rdimon-crt0.o (initialise_monitor_handles)
c:/xpack-arm-none-eabi-gcc/bin/../lib/gcc/arm-none-eabi/11.2.1/thumb/v7e-m/nofp\libgcc.a(unwind-arm.o)
                              c:/xpack-arm-none-eabi-gcc/bin/../lib/gcc/arm-none-eabi/11.2.1/../../../../arm-none-eabi/lib/thumb/v7e-m/nofp\librdimon.a(rdimon-syscalls.o) (__aeabi_unwind_cpp_pr0)
c:/xpack-arm-none-eabi-gcc/bin/../lib/gcc/arm-none-eabi/11.2.1/thumb/v7e-m/nofp\libgcc.a(libunwind.o)
                              c:/xpack-arm-none-eabi-gcc/bin/../lib/gcc/arm-none-eabi/11.2.1/thumb/v7e-m/nofp\libgcc.a(unwind-arm.o) (restore_core_regs)
c:/xpack-arm-none-eabi-gcc/bin/../lib/gcc/arm-none-eabi/11.2.1/thumb/v7e-m/nofp\libgcc.a(pr-support.o)
                              c:/xpack-arm-none-eabi-gcc/bin/../lib/gcc/arm-none-eabi/11.2.1/thumb/v7e-m/nofp\libgcc.a(unwind-arm.o) (__gnu_unwind_execute)
c:/xpack-arm-none-eabi-gcc/bin/../lib/gcc/arm-none-eabi/11.2.1/../../../../arm-none-eabi/lib/thumb/v7e-m/nofp\libc.a(lib_a-abort.o)
                              c:/xpack-arm-none-eabi-gcc/bin/../lib/gcc/arm-none-eabi/11.2.1/thumb/v7e-m/nofp\libgcc.a(unwind-arm.o) (abort)
c:/xpack-arm-none-eabi-gcc/bin/../lib/gcc/arm-none-eabi/11.2.1/../../../../arm-none-eabi/lib/thumb/v7e-m/nofp\libc.a(lib_a-atexit.o)
                              c:/xpack-arm-none-eabi-gcc/bin/../lib/gcc/arm-none-eabi/11.2.1/../../../../arm-none-eabi/lib/thumb/v7e-m/nofp/rdimon-crt0.o (atexit)
c:/xpack-arm-none-eabi-gcc/bin/../lib/gcc/arm-none-eabi/11.2.1/../../../../arm-none-eabi/lib/thumb/v7e-m/nofp\libc.a(lib_a-errno.o)
                              c:/xpack-arm-none-eabi-gcc/bin/../lib/gcc/arm-none-eabi/11.2.1/../../../../arm-none-eabi/lib/thumb/v7e-m/nofp\librdimon.a(rdimon-syscalls.o) (__errno)
c:/xpack-arm-none-eabi-gcc/bin/../lib/gcc/arm-none-eabi/11.2.1/../../../../arm-none-eabi/lib/thumb/v7e-m/nofp\libc.a(lib_a-exit.o)
                              c:/xpack-arm-none-eabi-gcc/bin/../lib/gcc/arm-none-eabi/11.2.1/../../../../arm-none-eabi/lib/thumb/v7e-m/nofp/rdimon-crt0.o (exit)
c:/xpack-arm-none-eabi-gcc/bin/../lib/gcc/arm-none-eabi/11.2.1/../../../../arm-none-eabi/lib/thumb/v7e-m/nofp\libc.a(lib_a-findfp.o)
                              c:/xpack-arm-none-eabi-gcc/bin/../lib/gcc/arm-none-eabi/11.2.1/../../../../arm-none-eabi/lib/thumb/v7e-m/nofp\librdimon.a(rdimon-syscalls.o) (__sinit)
c:/xpack-arm-none-eabi-gcc/bin/../lib/gcc/arm-none-eabi/11.2.1/../../../../arm-none-eabi/lib/thumb/v7e-m/nofp\libc.a(lib_a-fini.o)
                              c:/xpack-arm-none-eabi-gcc/bin/../lib/gcc/arm-none-eabi/11.2.1/../../../../arm-none-eabi/lib/thumb/v7e-m/nofp/rdimon-crt0.o (__libc_fini_array)
c:/xpack-arm-none-eabi-gcc/bin/../lib/gcc/arm-none-eabi/11.2.1/../../../../arm-none-eabi/lib/thumb/v7e-m/nofp\libc.a(lib_a-fwalk.o)
                              c:/xpack-arm-none-eabi-gcc/bin/../lib/gcc/arm-none-eabi/11.2.1/../../../../arm-none-eabi/lib/thumb/v7e-m/nofp\libc.a(lib_a-findfp.o) (_fwalk)
c:/xpack-arm-none-eabi-gcc/bin/../lib/gcc/arm-none-eabi/11.2.1/../../../../arm-none-eabi/lib/thumb/v7e-m/nofp\libc.a(lib_a-impure.o)
                              c:/xpack-arm-none-eabi-gcc/bin/../lib/gcc/arm-none-eabi/11.2.1/../../../../arm-none-eabi/lib/thumb/v7e-m/nofp\libc.a(lib_a-exit.o) (_global_impure_ptr)
c:/xpack-arm-none-eabi-gcc/bin/../lib/gcc/arm-none-eabi/11.2.1/../../../../arm-none-eabi/lib/thumb/v7e-m/nofp\libc.a(lib_a-init.o)
                              c:/xpack-arm-none-eabi-gcc/bin/../lib/gcc/arm-none-eabi/11.2.1/../../../../arm-none-eabi/lib/thumb/v7e-m/nofp/rdimon-crt0.o (__libc_init_array)
c:/xpack-arm-none-eabi-gcc/bin/../lib/gcc/arm-none-eabi/11.2.1/../../../../arm-none-eabi/lib/thumb/v7e-m/nofp\libc.a(lib_a-mallocr.o)
                              c:/xpack-arm-none-eabi-gcc/bin/../lib/gcc/arm-none-eabi/11.2.1/../../../../arm-none-eabi/lib/thumb/v7e-m/nofp\libc.a(lib_a-findfp.o) (_malloc_r)
c:/xpack-arm-none-eabi-gcc/bin/../lib/gcc/arm-none-eabi/11.2.1/../../../../arm-none-eabi/lib/thumb/v7e-m/nofp\libc.a(lib_a-memcpy.o)
                              c:/xpack-arm-none-eabi-gcc/bin/../lib/gcc/arm-none-eabi/11.2.1/thumb/v7e-m/nofp\libgcc.a(unwind-arm.o) (memcpy)
c:/xpack-arm-none-eabi-gcc/bin/../lib/gcc/arm-none-eabi/11.2.1/../../../../arm-none-eabi/lib/thumb/v7e-m/nofp\libc.a(lib_a-memset.o)
                              c:/xpack-arm-none-eabi-gcc/bin/../lib/gcc/arm-none-eabi/11.2.1/../../../../arm-none-eabi/lib/thumb/v7e-m/nofp/rdimon-crt0.o (memset)
c:/xpack-arm-none-eabi-gcc/bin/../lib/gcc/arm-none-eabi/11.2.1/../../../../arm-none-eabi/lib/thumb/v7e-m/nofp\libc.a(lib_a-mlock.o)
[...]
Memory Configuration

Name             Origin             Length             Attributes
RAM              0x0000000020000000 0x0000000000020000 xrw
FLASH            0x0000000008000000 0x0000000000080000 xr
*default*        0x0000000000000000 0xffffffffffffffff

Linker script and memory map

LOAD c:/xpack-arm-none-eabi-gcc/bin/../lib/gcc/arm-none-eabi/11.2.1/thumb/v7e-m/nofp/crti.o
LOAD c:/xpack-arm-none-eabi-gcc/bin/../lib/gcc/arm-none-eabi/11.2.1/thumb/v7e-m/nofp/crtbegin.o
LOAD c:/xpack-arm-none-eabi-gcc/bin/../lib/gcc/arm-none-eabi/11.2.1/../../../../arm-none-eabi/lib/thumb/v7e-m/nofp/rdimon-crt0.o
LOAD c:/xpack-arm-none-eabi-gcc/bin/../lib/gcc/arm-none-eabi/11.2.1/../../../../arm-none-eabi/lib/thumb/v7e-m/nofp\librdimon.a
LOAD C:\Users\vqtrong\AppData\Roaming\MOBAXT~1\slash\tmp\ccwVkeX1.o
LOAD C:\Users\vqtrong\AppData\Roaming\MOBAXT~1\slash\tmp\ccqWMo1u.o
LOAD C:\Users\vqtrong\AppData\Roaming\MOBAXT~1\slash\tmp\ccuQaQZ0.o
LOAD C:\Users\vqtrong\AppData\Roaming\MOBAXT~1\slash\tmp\ccqQtuPz.o
START GROUP
LOAD c:/xpack-arm-none-eabi-gcc/bin/../lib/gcc/arm-none-eabi/11.2.1/thumb/v7e-m/nofp\libgcc.a
LOAD c:/xpack-arm-none-eabi-gcc/bin/../lib/gcc/arm-none-eabi/11.2.1/../../../../arm-none-eabi/lib/thumb/v7e-m/nofp\libc.a
END GROUP
START GROUP
LOAD c:/xpack-arm-none-eabi-gcc/bin/../lib/gcc/arm-none-eabi/11.2.1/thumb/v7e-m/nofp\libgcc.a
LOAD c:/xpack-arm-none-eabi-gcc/bin/../lib/gcc/arm-none-eabi/11.2.1/../../../../arm-none-eabi/lib/thumb/v7e-m/nofp\libc.a
LOAD c:/xpack-arm-none-eabi-gcc/bin/../lib/gcc/arm-none-eabi/11.2.1/../../../../arm-none-eabi/lib/thumb/v7e-m/nofp\librdimon.a
END GROUP
LOAD c:/xpack-arm-none-eabi-gcc/bin/../lib/gcc/arm-none-eabi/11.2.1/thumb/v7e-m/nofp/crtend.o
LOAD c:/xpack-arm-none-eabi-gcc/bin/../lib/gcc/arm-none-eabi/11.2.1/thumb/v7e-m/nofp/crtn.o
                0x0000000020020000                _estack = (ORIGIN (RAM) + LENGTH (RAM))
                0x0000000000000200                _Min_Heap_Size = 0x200
                0x0000000000000400                _Min_Stack_Size = 0x400

.isr_vector     0x0000000008000000      0x198
                0x0000000008000000                . = ALIGN (0x4)
 *(.isr_vector)
 .isr_vector    0x0000000008000000      0x198 C:\Users\vqtrong\AppData\Roaming\MOBAXT~1\slash\tmp\ccuQaQZ0.o
                0x0000000008000000                vector_table
                0x0000000008000198                . = ALIGN (0x4)

.text           0x00000000080001c0     0xae90
                0x00000000080001c0                . = ALIGN (0x4)
 *(.text)
 .text          0x00000000080001c0        0x0 c:/xpack-arm-none-eabi-gcc/bin/../lib/gcc/arm-none-eabi/11.2.1/thumb/v7e-m/nofp/crti.o
 .text          0x00000000080001c0        0x0 c:/xpack-arm-none-eabi-gcc/bin/../lib/gcc/arm-none-eabi/11.2.1/thumb/v7e-m/nofp/crtbegin.o
 .text          0x00000000080001c0       0xf0 c:/xpack-arm-none-eabi-gcc/bin/../lib/gcc/arm-none-eabi/11.2.1/../../../../arm-none-eabi/lib/thumb/v7e-m/nofp/rdimon-crt0.o
                0x00000000080001c0                _stack_init
                0x00000000080001cc                _start
                0x00000000080001cc                _mainCRTStartup
 .text          0x00000000080002b0        0x0 c:/xpack-arm-none-eabi-gcc/bin/../lib/gcc/arm-none-eabi/11.2.1/../../../../arm-none-eabi/lib/thumb/v7e-m/nofp\librdimon.a(rdimon-syscalls.o)
 .text          0x00000000080002b0       0x8c C:\Users\vqtrong\AppData\Roaming\MOBAXT~1\slash\tmp\ccwVkeX1.o
                0x00000000080002b0                main
 .text          0x000000000800033c       0x2c C:\Users\vqtrong\AppData\Roaming\MOBAXT~1\slash\tmp\ccqWMo1u.o
                0x000000000800033c                delay
 .text          0x0000000008000368        0x6 C:\Users\vqtrong\AppData\Roaming\MOBAXT~1\slash\tmp\ccuQaQZ0.o
                0x0000000008000368                RTC_Alarm_IRQHandler
                0x0000000008000368                EXTI2_IRQHandler
                0x0000000008000368                DebugMon_Handler
                0x0000000008000368                SPI4_IRQHandler
                0x0000000008000368                TIM1_CC_IRQHandler
                0x0000000008000368                DMA2_Stream5_IRQHandler
                0x0000000008000368                HardFault_Handler
                0x0000000008000368                DMA1_Stream5_IRQHandler
                0x0000000008000368                SysTick_Handler
                0x0000000008000368                PVD_IRQHandler
                0x0000000008000368                SDIO_IRQHandler
                0x0000000008000368                TAMP_STAMP_IRQHandler
                0x0000000008000368                PendSV_Handler
                0x0000000008000368                NMI_Handler
                0x0000000008000368                EXTI3_IRQHandler
                0x0000000008000368                TIM1_UP_TIM10_IRQHandler
                0x0000000008000368                I2C3_ER_IRQHandler
                0x0000000008000368                EXTI0_IRQHandler
                0x0000000008000368                I2C2_EV_IRQHandler
                0x0000000008000368                DMA1_Stream2_IRQHandler
                0x0000000008000368                FPU_IRQHandler
                0x0000000008000368                UsageFault_Handler
                0x0000000008000368                DMA2_Stream2_IRQHandler
                0x0000000008000368                SPI1_IRQHandler
                0x0000000008000368                TIM1_BRK_TIM9_IRQHandler
                0x0000000008000368                DMA2_Stream3_IRQHandler
                0x0000000008000368                USART6_IRQHandler
                0x0000000008000368                DMA2_Stream0_IRQHandler
                0x0000000008000368                TIM4_IRQHandler
                0x0000000008000368                I2C1_EV_IRQHandler
                0x0000000008000368                DMA1_Stream6_IRQHandler
                0x0000000008000368                DMA1_Stream1_IRQHandler
                0x0000000008000368                TIM3_IRQHandler
                0x0000000008000368                RCC_IRQHandler
                0x0000000008000368                Default_Handler
                0x0000000008000368                EXTI15_10_IRQHandler
                0x0000000008000368                ADC_IRQHandler
                0x0000000008000368                DMA1_Stream7_IRQHandler
                0x0000000008000368                SPI5_IRQHandler
                0x0000000008000368                TIM5_IRQHandler
                0x0000000008000368                DMA2_Stream7_IRQHandler
                0x0000000008000368                I2C3_EV_IRQHandler
                0x0000000008000368                EXTI9_5_IRQHandler
                0x0000000008000368                RTC_WKUP_IRQHandler
                0x0000000008000368                SPI2_IRQHandler
                0x0000000008000368                MemManage_Handler
                0x0000000008000368                DMA1_Stream0_IRQHandler
                0x0000000008000368                SVC_Handler
                0x0000000008000368                EXTI4_IRQHandler
                0x0000000008000368                WWDG_IRQHandler
                0x0000000008000368                TIM2_IRQHandler
                0x0000000008000368                OTG_FS_WKUP_IRQHandler
                0x0000000008000368                TIM1_TRG_COM_TIM11_IRQHandler
                0x0000000008000368                EXTI1_IRQHandler
                0x0000000008000368                USART2_IRQHandler
                0x0000000008000368                I2C2_ER_IRQHandler
                0x0000000008000368                DMA2_Stream1_IRQHandler
                0x0000000008000368                FLASH_IRQHandler
                0x0000000008000368                DMA2_Stream4_IRQHandler
                0x0000000008000368                BusFault_Handler
                0x0000000008000368                USART1_IRQHandler
                0x0000000008000368                OTG_FS_IRQHandler
                0x0000000008000368                SPI3_IRQHandler
                0x0000000008000368                DMA1_Stream4_IRQHandler
                0x0000000008000368                I2C1_ER_IRQHandler
                0x0000000008000368                DMA2_Stream6_IRQHandler
                0x0000000008000368                DMA1_Stream3_IRQHandler
 *fill*         0x000000000800036e        0x2 
 .text          0x0000000008000370       0x88 C:\Users\vqtrong\AppData\Roaming\MOBAXT~1\slash\tmp\ccqQtuPz.o
                0x0000000008000370                Reset_Handler
 .text          0x00000000080003f8        0x0 c:/xpack-arm-none-eabi-gcc/bin/../lib/gcc/arm-none-eabi/11.2.1/thumb/v7e-m/nofp\libgcc.a(unwind-arm.o)
 .text          0x00000000080003f8      0x1ac c:/xpack-arm-none-eabi-gcc/bin/../lib/gcc/arm-none-eabi/11.2.1/thumb/v7e-m/nofp\libgcc.a(libunwind.o)
                0x00000000080003f8                __restore_core_regs
                0x00000000080003f8                restore_core_regs
                0x0000000008000410                __gnu_Unwind_Restore_VFP
                0x0000000008000418                __gnu_Unwind_Save_VFP
                0x0000000008000420                __gnu_Unwind_Restore_VFP_D
                0x0000000008000428                __gnu_Unwind_Save_VFP_D
                0x0000000008000430                __gnu_Unwind_Restore_VFP_D_16_to_31
                0x0000000008000438                __gnu_Unwind_Save_VFP_D_16_to_31
                0x0000000008000440                __gnu_Unwind_Restore_WMMXD
                0x0000000008000484                __gnu_Unwind_Save_WMMXD
                0x00000000080004c8                __gnu_Unwind_Restore_WMMXC
                0x00000000080004dc                __gnu_Unwind_Save_WMMXC
                0x00000000080004f0                ___Unwind_RaiseException
                0x00000000080004f0                _Unwind_RaiseException
                0x0000000008000514                _Unwind_Resume
                0x0000000008000514                ___Unwind_Resume
                0x0000000008000538                _Unwind_Resume_or_Rethrow
                0x0000000008000538                ___Unwind_Resume_or_Rethrow
                0x000000000800055c                _Unwind_ForcedUnwind
                0x000000000800055c                ___Unwind_ForcedUnwind
                0x0000000008000580                ___Unwind_Backtrace
                0x0000000008000580                _Unwind_Backtrace
 .text          0x00000000080005a4        0x0 c:/xpack-arm-none-eabi-gcc/bin/../lib/gcc/arm-none-eabi/11.2.1/thumb/v7e-m/nofp\libgcc.a(pr-support.o)
 .text          0x00000000080005a4        0x0 c:/xpack-arm-none-eabi-gcc/bin/../lib/gcc/arm-none-eabi/11.2.1/../../../../arm-none-eabi/lib/thumb/v7e-m/nofp\libc.a(lib_a-abort.o)
 .text          0x00000000080005a4        0x0 c:/xpack-arm-none-eabi-gcc/bin/../lib/gcc/arm-none-eabi/11.2.1/../../../../arm-none-eabi/lib/thumb/v7e-m/nofp\libc.a(lib_a-atexit.o)
 .text          0x00000000080005a4        0x0 c:/xpack-arm-none-eabi-gcc/bin/../lib/gcc/arm-none-eabi/11.2.1/../../../../arm-none-eabi/lib/thumb/v7e-m/nofp\libc.a(lib_a-errno.o)
 .text          0x00000000080005a4        0x0 c:/xpack-arm-none-eabi-gcc/bin/../lib/gcc/arm-none-eabi/11.2.1/../../../../arm-none-eabi/lib/thumb/v7e-m/nofp\libc.a(lib_a-exit.o)
 .text          0x00000000080005a4        0x0 c:/xpack-arm-none-eabi-gcc/bin/../lib/gcc/arm-none-eabi/11.2.1/../../../../arm-none-eabi/lib/thumb/v7e-m/nofp\libc.a(lib_a-findfp.o)
 .text          0x00000000080005a4        0x0 c:/xpack-arm-none-eabi-gcc/bin/../lib/gcc/arm-none-eabi/11.2.1/../../../../arm-none-eabi/lib/thumb/v7e-m/nofp\libc.a(lib_a-fini.o)
 .text          0x00000000080005a4        0x0 c:/xpack-arm-none-eabi-gcc/bin/../lib/gcc/arm-none-eabi/11.2.1/../../../../arm-none-eabi/lib/thumb/v7e-m/nofp\libc.a(lib_a-fwalk.o)
 .text          0x00000000080005a4        0x0 c:/xpack-arm-none-eabi-gcc/bin/../lib/gcc/arm-none-eabi/11.2.1/../../../../arm-none-eabi/lib/thumb/v7e-m/nofp\libc.a(lib_a-impure.o)
 .text          0x00000000080005a4        0x0 c:/xpack-arm-none-eabi-gcc/bin/../lib/gcc/arm-none-eabi/11.2.1/../../../../arm-none-eabi/lib/thumb/v7e-m/nofp\libc.a(lib_a-init.o)
 .text          0x00000000080005a4        0x0 c:/xpack-arm-none-eabi-gcc/bin/../lib/gcc/arm-none-eabi/11.2.1/../../../../arm-none-eabi/lib/thumb/v7e-m/nofp\libc.a(lib_a-mallocr.o)
 .text          0x00000000080005a4      0x134 c:/xpack-arm-none-eabi-gcc/bin/../lib/gcc/arm-none-eabi/11.2.1/../../../../arm-none-eabi/lib/thumb/v7e-m/nofp\libc.a(lib_a-memcpy.o)
                0x00000000080005a4                memcpy
 .text          0x00000000080006d8        0x0 c:/xpack-arm-none-eabi-gcc/bin/../lib/gcc/arm-none-eabi/11.2.1/../../../../arm-none-eabi/lib/thumb/v7e-m/nofp\libc.a(lib_a-memset.o)
 .text          0x00000000080006d8        0x0 c:/xpack-arm-none-eabi-gcc/bin/../lib/gcc/arm-none-eabi/11.2.1/../../../../arm-none-eabi/lib/thumb/v7e-m/nofp\libc.a(lib_a-mlock.o)
 .text          0x00000000080006d8        0x0 c:/xpack-arm-none-eabi-gcc/bin/../lib/gcc/arm-none-eabi/11.2.1/../../../../arm-none-eabi/lib/thumb/v7e-m/nofp\libc.a(lib_a-printf.o)
 .text          0x00000000080006d8        0x0 c:/xpack-arm-none-eabi-gcc/bin/../lib/gcc/arm-none-eabi/11.2.1/../../../../arm-none-eabi/lib/thumb/v7e-m/nofp\libc.a(lib_a-sbrkr.o)
 .text          0x00000000080006d8        0x0 c:/xpack-arm-none-eabi-gcc/bin/../lib/gcc/arm-none-eabi/11.2.1/../../../../arm-none-eabi/lib/thumb/v7e-m/nofp\libc.a(lib_a-signal.o)
 .text          0x00000000080006d8        0x0 c:/xpack-arm-none-eabi-gcc/bin/../lib/gcc/arm-none-eabi/11.2.1/../../../../arm-none-eabi/lib/thumb/v7e-m/nofp\libc.a(lib_a-signalr.o)
 .text          0x00000000080006d8        0x0 c:/xpack-arm-none-eabi-gcc/bin/../lib/gcc/arm-none-eabi/11.2.1/../../../../arm-none-eabi/lib/thumb/v7e-m/nofp\libc.a(lib_a-stdio.o)
 *fill*         0x00000000080006d8       0x28 
 .text          0x0000000008000700       0xdc c:/xpack-arm-none-eabi-gcc/bin/../lib/gcc/arm-none-eabi/11.2.1/../../../../arm-none-eabi/lib/thumb/v7e-m/nofp\libc.a(lib_a-strlen.o)
                0x0000000008000700                strlen
 .text          0x00000000080007dc        0x0 c:/xpack-arm-none-eabi-gcc/bin/../lib/gcc/arm-none-eabi/11.2.1/../../../../arm-none-eabi/lib/thumb/v7e-m/nofp\libc.a(lib_a-vfprintf.o)
 .text          0x00000000080007dc        0x0 c:/xpack-arm-none-eabi-gcc/bin/../lib/gcc/arm-none-eabi/11.2.1/../../../../arm-none-eabi/lib/thumb/v7e-m/nofp\libc.a(lib_a-wcrtomb.o)
 .text          0x00000000080007dc        0x0 c:/xpack-arm-none-eabi-gcc/bin/../lib/gcc/arm-none-eabi/11.2.1/../../../../arm-none-eabi/lib/thumb/v7e-m/nofp\libc.a(lib_a-wcsrtombs.o)
 .text          0x00000000080007dc        0x0 c:/xpack-arm-none-eabi-gcc/bin/../lib/gcc/arm-none-eabi/11.2.1/../../../../arm-none-eabi/lib/thumb/v7e-m/nofp\libc.a(lib_a-writer.o)
 .text          0x00000000080007dc        0x0 c:/xpack-arm-none-eabi-gcc/bin/../lib/gcc/arm-none-eabi/11.2.1/../../../../arm-none-eabi/lib/thumb/v7e-m/nofp\libc.a(lib_a-wsetup.o)
 .text          0x00000000080007dc        0x0 c:/xpack-arm-none-eabi-gcc/bin/../lib/gcc/arm-none-eabi/11.2.1/../../../../arm-none-eabi/lib/thumb/v7e-m/nofp\libc.a(lib_a-__atexit.o)
 .text          0x00000000080007dc        0x0 c:/xpack-arm-none-eabi-gcc/bin/../lib/gcc/arm-none-eabi/11.2.1/../../../../arm-none-eabi/lib/thumb/v7e-m/nofp\libc.a(lib_a-__call_atexit.o)
 .text          0x00000000080007dc        0x0 c:/xpack-arm-none-eabi-gcc/bin/../lib/gcc/arm-none-eabi/11.2.1/../../../../arm-none-eabi/lib/thumb/v7e-m/nofp\libc.a(lib_a-closer.o)
 .text          0x00000000080007dc        0x0 c:/xpack-arm-none-eabi-gcc/bin/../lib/gcc/arm-none-eabi/11.2.1/../../../../arm-none-eabi/lib/thumb/v7e-m/nofp\libc.a(lib_a-dtoa.o)
 .text          0x00000000080007dc        0x0 c:/xpack-arm-none-eabi-gcc/bin/../lib/gcc/arm-none-eabi/11.2.1/../../../../arm-none-eabi/lib/thumb/v7e-m/nofp\libc.a(lib_a-fclose.o)
 .text          0x00000000080007dc        0x0 c:/xpack-arm-none-eabi-gcc/bin/../lib/gcc/arm-none-eabi/11.2.1/../../../../arm-none-eabi/lib/thumb/v7e-m/nofp\libc.a(lib_a-fflush.o)
 .text          0x00000000080007dc        0x0 c:/xpack-arm-none-eabi-gcc/bin/../lib/gcc/arm-none-eabi/11.2.1/../../../../arm-none-eabi/lib/thumb/v7e-m/nofp\libc.a(lib_a-freer.o)
 .text          0x00000000080007dc        0x0 c:/xpack-arm-none-eabi-gcc/bin/../lib/gcc/arm-none-eabi/11.2.1/../../../../arm-none-eabi/lib/thumb/v7e-m/nofp\libc.a(lib_a-localeconv.o)
 .text          0x00000000080007dc        0x0 c:/xpack-arm-none-eabi-gcc/bin/../lib/gcc/arm-none-eabi/11.2.1/../../../../arm-none-eabi/lib/thumb/v7e-m/nofp\libc.a(lib_a-locale.o)
 .text          0x00000000080007dc        0x0 c:/xpack-arm-none-eabi-gcc/bin/../lib/gcc/arm-none-eabi/11.2.1/../../../../arm-none-eabi/lib/thumb/v7e-m/nofp\libc.a(lib_a-lseekr.o)
 .text          0x00000000080007dc        0x0 c:/xpack-arm-none-eabi-gcc/bin/../lib/gcc/arm-none-eabi/11.2.1/../../../../arm-none-eabi/lib/thumb/v7e-m/nofp\libc.a(lib_a-makebuf.o)
 .text          0x00000000080007dc        0x0 c:/xpack-arm-none-eabi-gcc/bin/../lib/gcc/arm-none-eabi/11.2.1/../../../../arm-none-eabi/lib/thumb/v7e-m/nofp\libc.a(lib_a-mbtowc_r.o)
 *fill*         0x00000000080007dc        0x4 
 .text          0x00000000080007e0       0xa0 c:/xpack-arm-none-eabi-gcc/bin/../lib/gcc/arm-none-eabi/11.2.1/../../../../arm-none-eabi/lib/thumb/v7e-m/nofp\libc.a(lib_a-memchr.o)
                0x00000000080007e0                memchr
 .text          0x0000000008000880        0x0 c:/xpack-arm-none-eabi-gcc/bin/../lib/gcc/arm-none-eabi/11.2.1/../../../../arm-none-eabi/lib/thumb/v7e-m/nofp\libc.a(lib_a-mprec.o)
 .text          0x0000000008000880        0x0 c:/xpack-arm-none-eabi-gcc/bin/../lib/gcc/arm-none-eabi/11.2.1/../../../../arm-none-eabi/lib/thumb/v7e-m/nofp\libc.a(lib_a-readr.o)
 .text          0x0000000008000880        0x0 c:/xpack-arm-none-eabi-gcc/bin/../lib/gcc/arm-none-eabi/11.2.1/../../../../arm-none-eabi/lib/thumb/v7e-m/nofp\libc.a(lib_a-reent.o)
 .text          0x0000000008000880        0x0 c:/xpack-arm-none-eabi-gcc/bin/../lib/gcc/arm-none-eabi/11.2.1/../../../../arm-none-eabi/lib/thumb/v7e-m/nofp\libc.a(lib_a-s_frexp.o)
 .text          0x0000000008000880        0x0 c:/xpack-arm-none-eabi-gcc/bin/../lib/gcc/arm-none-eabi/11.2.1/../../../../arm-none-eabi/lib/thumb/v7e-m/nofp\libc.a(lib_a-strcasecmp.o)
 .text          0x0000000008000880        0x0 c:/xpack-arm-none-eabi-gcc/bin/../lib/gcc/arm-none-eabi/11.2.1/../../../../arm-none-eabi/lib/thumb/v7e-m/nofp\libc.a(lib_a-strcat.o)
 .text          0x0000000008000880        0x0 c:/xpack-arm-none-eabi-gcc/bin/../lib/gcc/arm-none-eabi/11.2.1/../../../../arm-none-eabi/lib/thumb/v7e-m/nofp\libc.a(lib_a-strchr.o)
 .text          0x0000000008000880      0x2dc c:/xpack-arm-none-eabi-gcc/bin/../lib/gcc/arm-none-eabi/11.2.1/../../../../arm-none-eabi/lib/thumb/v7e-m/nofp\libc.a(lib_a-strcmp.o)
                0x0000000008000888                strcmp
 .text          0x0000000008000b5c        0x0 c:/xpack-arm-none-eabi-gcc/bin/../lib/gcc/arm-none-eabi/11.2.1/../../../../arm-none-eabi/lib/thumb/v7e-m/nofp\libc.a(lib_a-strcpy.o)
 .text          0x0000000008000b5c        0x0 c:/xpack-arm-none-eabi-gcc/bin/../lib/gcc/arm-none-eabi/11.2.1/../../../../arm-none-eabi/lib/thumb/v7e-m/nofp\libc.a(lib_a-strlcpy.o)
 .text          0x0000000008000b5c        0x0 c:/xpack-arm-none-eabi-gcc/bin/../lib/gcc/arm-none-eabi/11.2.1/../../../../arm-none-eabi/lib/thumb/v7e-m/nofp\libc.a(lib_a-strncasecmp.o)
 .text          0x0000000008000b5c        0x0 c:/xpack-arm-none-eabi-gcc/bin/../lib/gcc/arm-none-eabi/11.2.1/../../../../arm-none-eabi/lib/thumb/v7e-m/nofp\libc.a(lib_a-strncpy.o)
 .text          0x0000000008000b5c        0x0 c:/xpack-arm-none-eabi-gcc/bin/../lib/gcc/arm-none-eabi/11.2.1/../../../../arm-none-eabi/lib/thumb/v7e-m/nofp\libc.a(lib_a-strtol.o)
 .text          0x0000000008000b5c        0x0 c:/xpack-arm-none-eabi-gcc/bin/../lib/gcc/arm-none-eabi/11.2.1/../../../../arm-none-eabi/lib/thumb/v7e-m/nofp\libc.a(lib_a-vfiprintf.o)
 .text          0x0000000008000b5c        0x0 c:/xpack-arm-none-eabi-gcc/bin/../lib/gcc/arm-none-eabi/11.2.1/../../../../arm-none-eabi/lib/thumb/v7e-m/nofp\libc.a(lib_a-wcsnrtombs.o)
 .text          0x0000000008000b5c        0x0 c:/xpack-arm-none-eabi-gcc/bin/../lib/gcc/arm-none-eabi/11.2.1/../../../../arm-none-eabi/lib/thumb/v7e-m/nofp\libc.a(lib_a-wctomb_r.o)
 .text          0x0000000008000b5c        0x0 c:/xpack-arm-none-eabi-gcc/bin/../lib/gcc/arm-none-eabi/11.2.1/../../../../arm-none-eabi/lib/thumb/v7e-m/nofp\libc.a(lib_a-assert.o)
 .text          0x0000000008000b5c        0x0 c:/xpack-arm-none-eabi-gcc/bin/../lib/gcc/arm-none-eabi/11.2.1/../../../../arm-none-eabi/lib/thumb/v7e-m/nofp\libc.a(lib_a-callocr.o)
 .text          0x0000000008000b5c        0x0 c:/xpack-arm-none-eabi-gcc/bin/../lib/gcc/arm-none-eabi/11.2.1/../../../../arm-none-eabi/lib/thumb/v7e-m/nofp\libc.a(lib_a-ctype_.o)
 .text          0x0000000008000b5c        0x0 c:/xpack-arm-none-eabi-gcc/bin/../lib/gcc/arm-none-eabi/11.2.1/../../../../arm-none-eabi/lib/thumb/v7e-m/nofp\libc.a(lib_a-fiprintf.o)
 .text          0x0000000008000b5c        0x0 c:/xpack-arm-none-eabi-gcc/bin/../lib/gcc/arm-none-eabi/11.2.1/../../../../arm-none-eabi/lib/thumb/v7e-m/nofp\libc.a(lib_a-fputwc.o)
 .text          0x0000000008000b5c        0x0 c:/xpack-arm-none-eabi-gcc/bin/../lib/gcc/arm-none-eabi/11.2.1/../../../../arm-none-eabi/lib/thumb/v7e-m/nofp\libc.a(lib_a-fstatr.o)
 .text          0x0000000008000b5c        0x0 c:/xpack-arm-none-eabi-gcc/bin/../lib/gcc/arm-none-eabi/11.2.1/../../../../arm-none-eabi/lib/thumb/v7e-m/nofp\libc.a(lib_a-fvwrite.o)
 .text          0x0000000008000b5c        0x0 c:/xpack-arm-none-eabi-gcc/bin/../lib/gcc/arm-none-eabi/11.2.1/../../../../arm-none-eabi/lib/thumb/v7e-m/nofp\libc.a(lib_a-getenv_r.o)
 .text          0x0000000008000b5c        0x0 c:/xpack-arm-none-eabi-gcc/bin/../lib/gcc/arm-none-eabi/11.2.1/../../../../arm-none-eabi/lib/thumb/v7e-m/nofp\libc.a(lib_a-isattyr.o)
 .text          0x0000000008000b5c        0x0 c:/xpack-arm-none-eabi-gcc/bin/../lib/gcc/arm-none-eabi/11.2.1/../../../../arm-none-eabi/lib/thumb/v7e-m/nofp\libc.a(lib_a-memmove.o)
 .text          0x0000000008000b5c        0x0 c:/xpack-arm-none-eabi-gcc/bin/../lib/gcc/arm-none-eabi/11.2.1/../../../../arm-none-eabi/lib/thumb/v7e-m/nofp\libc.a(lib_a-reallocr.o)
 .text          0x0000000008000b5c        0x0 c:/xpack-arm-none-eabi-gcc/bin/../lib/gcc/arm-none-eabi/11.2.1/../../../../arm-none-eabi/lib/thumb/v7e-m/nofp\libc.a(lib_a-strncmp.o)
 .text          0x0000000008000b5c        0x0 c:/xpack-arm-none-eabi-gcc/bin/../lib/gcc/arm-none-eabi/11.2.1/../../../../arm-none-eabi/lib/thumb/v7e-m/nofp\libc.a(lib_a-wbuf.o)
 .text          0x0000000008000b5c        0x0 c:/xpack-arm-none-eabi-gcc/bin/../lib/gcc/arm-none-eabi/11.2.1/../../../../arm-none-eabi/lib/thumb/v7e-m/nofp\libc.a(lib_a-environ.o)
 .text          0x0000000008000b5c        0x0 c:/xpack-arm-none-eabi-gcc/bin/../lib/gcc/arm-none-eabi/11.2.1/../../../../arm-none-eabi/lib/thumb/v7e-m/nofp\libc.a(lib_a-envlock.o)
 .text          0x0000000008000b5c      0x254 c:/xpack-arm-none-eabi-gcc/bin/../lib/gcc/arm-none-eabi/11.2.1/thumb/v7e-m/nofp\libgcc.a(_arm_muldf3.o)
 .text          0x0000000008000db0      0x378 c:/xpack-arm-none-eabi-gcc/bin/../lib/gcc/arm-none-eabi/11.2.1/thumb/v7e-m/nofp\libgcc.a(_arm_addsubdf3.o)
                0x0000000008000db0                __aeabi_drsub
                0x0000000008000db8                __aeabi_dsub
                0x0000000008000db8                __subdf3
                0x0000000008000dbc                __aeabi_dadd
                0x0000000008000dbc                __adddf3
                0x0000000008001034                __floatunsidf
                0x0000000008001034                __aeabi_ui2d
                0x0000000008001054                __floatsidf
                0x0000000008001054                __aeabi_i2d
                0x0000000008001078                __aeabi_f2d
                0x0000000008001078                __extendsfdf2
                0x00000000080010bc                __floatundidf
                0x00000000080010bc                __aeabi_ul2d
                0x00000000080010cc                __floatdidf
                0x00000000080010cc                __aeabi_l2d
 .text          0x0000000008001128      0x424 c:/xpack-arm-none-eabi-gcc/bin/../lib/gcc/arm-none-eabi/11.2.1/thumb/v7e-m/nofp\libgcc.a(_arm_muldivdf3.o)
                0x0000000008001128                __aeabi_dmul
                0x0000000008001128                __muldf3
                0x000000000800137c                __divdf3
                0x000000000800137c                __aeabi_ddiv
 .text          0x000000000800154c      0x110 c:/xpack-arm-none-eabi-gcc/bin/../lib/gcc/arm-none-eabi/11.2.1/thumb/v7e-m/nofp\libgcc.a(_arm_cmpdf2.o)
                0x000000000800154c                __gtdf2
                0x000000000800154c                __gedf2
                0x0000000008001554                __ltdf2
                0x0000000008001554                __ledf2
                0x000000000800155c                __nedf2
                0x000000000800155c                __eqdf2
                0x000000000800155c                __cmpdf2
                0x00000000080015d8                __aeabi_cdrcmple
                0x00000000080015e8                __aeabi_cdcmpeq
                0x00000000080015e8                __aeabi_cdcmple
                0x00000000080015f8                __aeabi_dcmpeq
                0x000000000800160c                __aeabi_dcmplt
                0x0000000008001620                __aeabi_dcmple
                0x0000000008001634                __aeabi_dcmpge
                0x0000000008001648                __aeabi_dcmpgt
 .text          0x000000000800165c       0x2c c:/xpack-arm-none-eabi-gcc/bin/../lib/gcc/arm-none-eabi/11.2.1/thumb/v7e-m/nofp\libgcc.a(_arm_unorddf2.o)
                0x000000000800165c                __unorddf2
                0x000000000800165c                __aeabi_dcmpun
 .text          0x0000000008001688       0x50 c:/xpack-arm-none-eabi-gcc/bin/../lib/gcc/arm-none-eabi/11.2.1/thumb/v7e-m/nofp\libgcc.a(_arm_fixdfsi.o)
                0x0000000008001688                __aeabi_d2iz
                0x0000000008001688                __fixdfsi
 .text          0x00000000080016d8        0x0 c:/xpack-arm-none-eabi-gcc/bin/../lib/gcc/arm-none-eabi/11.2.1/../../../../arm-none-eabi/lib/thumb/v7e-m/nofp\librdimon.a(rdimon-_exit.o)
 .text          0x00000000080016d8        0x0 c:/xpack-arm-none-eabi-gcc/bin/../lib/gcc/arm-none-eabi/11.2.1/../../../../arm-none-eabi/lib/thumb/v7e-m/nofp\librdimon.a(rdimon-_kill.o)
 .text          0x00000000080016d8        0x0 c:/xpack-arm-none-eabi-gcc/bin/../lib/gcc/arm-none-eabi/11.2.1/thumb/v7e-m/nofp/crtend.o
 .text          0x00000000080016d8        0x0 c:/xpack-arm-none-eabi-gcc/bin/../lib/gcc/arm-none-eabi/11.2.1/thumb/v7e-m/nofp/crtn.o
 *(.text*)
 .text.deregister_tm_clones
                0x00000000080016d8       0x1c c:/xpack-arm-none-eabi-gcc/bin/../lib/gcc/arm-none-eabi/11.2.1/thumb/v7e-m/nofp/crtbegin.o
 .text.register_tm_clones
                0x00000000080016f4       0x24 c:/xpack-arm-none-eabi-gcc/bin/../lib/gcc/arm-none-eabi/11.2.1/thumb/v7e-m/nofp/crtbegin.o
 .text.__do_global_dtors_aux
                0x0000000008001718       0x28 c:/xpack-arm-none-eabi-gcc/bin/../lib/gcc/arm-none-eabi/11.2.1/thumb/v7e-m/nofp/crtbegin.o
 .text.frame_dummy
                0x0000000008001740       0x24 c:/xpack-arm-none-eabi-gcc/bin/../lib/gcc/arm-none-eabi/11.2.1/thumb/v7e-m/nofp/crtbegin.o
 .text._swiread
                0x0000000008001764       0x3c c:/xpack-arm-none-eabi-gcc/bin/../lib/gcc/arm-none-eabi/11.2.1/../../../../arm-none-eabi/lib/thumb/v7e-m/nofp\librdimon.a(rdimon-syscalls.o)
                0x0000000008001764                _swiread
 .text._read    0x00000000080017a0       0x90 c:/xpack-arm-none-eabi-gcc/bin/../lib/gcc/arm-none-eabi/11.2.1/../../../../arm-none-eabi/lib/thumb/v7e-m/nofp\librdimon.a(rdimon-syscalls.o)
                0x00000000080017a0                _read
 .text._swilseek
                0x0000000008001830       0xe4 c:/xpack-arm-none-eabi-gcc/bin/../lib/gcc/arm-none-eabi/11.2.1/../../../../arm-none-eabi/lib/thumb/v7e-m/nofp\librdimon.a(rdimon-syscalls.o)
                0x0000000008001830                _swilseek
 .text._lseek   0x0000000008001914        0x4 c:/xpack-arm-none-eabi-gcc/bin/../lib/gcc/arm-none-eabi/11.2.1/../../../../arm-none-eabi/lib/thumb/v7e-m/nofp\librdimon.a(rdimon-syscalls.o)
                0x0000000008001914                _lseek
 .text._swiwrite
                0x0000000008001918       0x3c c:/xpack-arm-none-eabi-gcc/bin/../lib/gcc/arm-none-eabi/11.2.1/../../../../arm-none-eabi/lib/thumb/v7e-m/nofp\librdimon.a(rdimon-syscalls.o)
                0x0000000008001918                _swiwrite
 .text._write   0x0000000008001954       0xbc c:/xpack-arm-none-eabi-gcc/bin/../lib/gcc/arm-none-eabi/11.2.1/../../../../arm-none-eabi/lib/thumb/v7e-m/nofp\librdimon.a(rdimon-syscalls.o)
                0x0000000008001954                _write
 .text._swiclose
                0x0000000008001a10       0x38 c:/xpack-arm-none-eabi-gcc/bin/../lib/gcc/arm-none-eabi/11.2.1/../../../../arm-none-eabi/lib/thumb/v7e-m/nofp\librdimon.a(rdimon-syscalls.o)
                0x0000000008001a10                _swiclose
 .text._close   0x0000000008001a48       0x98 c:/xpack-arm-none-eabi-gcc/bin/../lib/gcc/arm-none-eabi/11.2.1/../../../../arm-none-eabi/lib/thumb/v7e-m/nofp\librdimon.a(rdimon-syscalls.o)
                0x0000000008001a48                _close
 .text._getpid  0x0000000008001ae0        0x4 c:/xpack-arm-none-eabi-gcc/bin/../lib/gcc/arm-none-eabi/11.2.1/../../../../arm-none-eabi/lib/thumb/v7e-m/nofp\librdimon.a(rdimon-syscalls.o)
                0x0000000008001ae0                _getpid
 .text._sbrk    0x0000000008001ae4       0x48 c:/xpack-arm-none-eabi-gcc/bin/../lib/gcc/arm-none-eabi/11.2.1/../../../../arm-none-eabi/lib/thumb/v7e-m/nofp\librdimon.a(rdimon-syscalls.o)
                0x0000000008001ae4                _sbrk
 .text._swistat
                0x0000000008001b2c       0x80 c:/xpack-arm-none-eabi-gcc/bin/../lib/gcc/arm-none-eabi/11.2.1/../../../../arm-none-eabi/lib/thumb/v7e-m/nofp\librdimon.a(rdimon-syscalls.o)
                0x0000000008001b2c                _swistat
 .text._fstat   0x0000000008001bac       0x1c c:/xpack-arm-none-eabi-gcc/bin/../lib/gcc/arm-none-eabi/11.2.1/../../../../arm-none-eabi/lib/thumb/v7e-m/nofp\librdimon.a(rdimon-syscalls.o)
                0x0000000008001bac                _fstat
 .text._stat    0x0000000008001bc8       0x3c c:/xpack-arm-none-eabi-gcc/bin/../lib/gcc/arm-none-eabi/11.2.1/../../../../arm-none-eabi/lib/thumb/v7e-m/nofp\librdimon.a(rdimon-syscalls.o)
                0x0000000008001bc8                _stat
 .text._swiopen
                0x0000000008001c04       0xcc c:/xpack-arm-none-eabi-gcc/bin/../lib/gcc/arm-none-eabi/11.2.1/../../../../arm-none-eabi/lib/thumb/v7e-m/nofp\librdimon.a(rdimon-syscalls.o)
                0x0000000008001c04                _swiopen
 .text._open    0x0000000008001cd0       0x14 c:/xpack-arm-none-eabi-gcc/bin/../lib/gcc/arm-none-eabi/11.2.1/../../../../arm-none-eabi/lib/thumb/v7e-m/nofp\librdimon.a(rdimon-syscalls.o)
                0x0000000008001cd0                _open
 .text._get_semihosting_exts
                0x0000000008001ce4      0x110 c:/xpack-arm-none-eabi-gcc/bin/../lib/gcc/arm-none-eabi/11.2.1/../../../../arm-none-eabi/lib/thumb/v7e-m/nofp\librdimon.a(rdimon-syscalls.o)
                0x0000000008001ce4                _get_semihosting_exts
 .text._has_ext_exit_extended
                0x0000000008001df4       0x48 c:/xpack-arm-none-eabi-gcc/bin/../lib/gcc/arm-none-eabi/11.2.1/../../../../arm-none-eabi/lib/thumb/v7e-m/nofp\librdimon.a(rdimon-syscalls.o)
                0x0000000008001df4                _has_ext_exit_extended
 .text._has_ext_stdout_stderr
                0x0000000008001e3c       0x48 c:/xpack-arm-none-eabi-gcc/bin/../lib/gcc/arm-none-eabi/11.2.1/../../../../arm-none-eabi/lib/thumb/v7e-m/nofp\librdimon.a(rdimon-syscalls.o)
                0x0000000008001e3c                _has_ext_stdout_stderr
 .text.initialise_monitor_handles
                0x0000000008001e84      0x158 c:/xpack-arm-none-eabi-gcc/bin/../lib/gcc/arm-none-eabi/11.2.1/../../../../arm-none-eabi/lib/thumb/v7e-m/nofp\librdimon.a(rdimon-syscalls.o)
                0x0000000008001e84                initialise_monitor_handles
 .text._link    0x0000000008001fdc       0x10 c:/xpack-arm-none-eabi-gcc/bin/../lib/gcc/arm-none-eabi/11.2.1/../../../../arm-none-eabi/lib/thumb/v7e-m/nofp\librdimon.a(rdimon-syscalls.o)
                0x0000000008001fdc                _link
 .text._unlink  0x0000000008001fec       0x40 c:/xpack-arm-none-eabi-gcc/bin/../lib/gcc/arm-none-eabi/11.2.1/../../../../arm-none-eabi/lib/thumb/v7e-m/nofp\librdimon.a(rdimon-syscalls.o)
                0x0000000008001fec                _unlink
 .text._gettimeofday
                0x000000000800202c       0x28 c:/xpack-arm-none-eabi-gcc/bin/../lib/gcc/arm-none-eabi/11.2.1/../../../../arm-none-eabi/lib/thumb/v7e-m/nofp\librdimon.a(rdimon-syscalls.o)
                0x000000000800202c                _gettimeofday
 .text._clock   0x0000000008002054       0x14 c:/xpack-arm-none-eabi-gcc/bin/../lib/gcc/arm-none-eabi/11.2.1/../../../../arm-none-eabi/lib/thumb/v7e-m/nofp\librdimon.a(rdimon-syscalls.o)
                0x0000000008002054                _clock
 .text._times   0x0000000008002068       0x20 c:/xpack-arm-none-eabi-gcc/bin/../lib/gcc/arm-none-eabi/11.2.1/../../../../arm-none-eabi/lib/thumb/v7e-m/nofp\librdimon.a(rdimon-syscalls.o)
                0x0000000008002068                _times
 .text._isatty  0x0000000008002088       0x68 c:/xpack-arm-none-eabi-gcc/bin/../lib/gcc/arm-none-eabi/11.2.1/../../../../arm-none-eabi/lib/thumb/v7e-m/nofp\librdimon.a(rdimon-syscalls.o)
                0x0000000008002088                _isatty
 .text._system  0x00000000080020f0       0x5c c:/xpack-arm-none-eabi-gcc/bin/../lib/gcc/arm-none-eabi/11.2.1/../../../../arm-none-eabi/lib/thumb/v7e-m/nofp\librdimon.a(rdimon-syscalls.o)
                0x00000000080020f0                _system
 .text._rename  0x000000000800214c       0x54 c:/xpack-arm-none-eabi-gcc/bin/../lib/gcc/arm-none-eabi/11.2.1/../../../../arm-none-eabi/lib/thumb/v7e-m/nofp\librdimon.a(rdimon-syscalls.o)
                0x000000000800214c                _rename
 .text.selfrel_offset31
                0x00000000080021a0       0x14 c:/xpack-arm-none-eabi-gcc/bin/../lib/gcc/arm-none-eabi/11.2.1/thumb/v7e-m/nofp\libgcc.a(unwind-arm.o)
 .text.search_EIT_table
                0x00000000080021b4       0x5c c:/xpack-arm-none-eabi-gcc/bin/../lib/gcc/arm-none-eabi/11.2.1/thumb/v7e-m/nofp\libgcc.a(unwind-arm.o)
 .text.__gnu_unwind_get_pr_addr
                0x0000000008002210       0x28 c:/xpack-arm-none-eabi-gcc/bin/../lib/gcc/arm-none-eabi/11.2.1/thumb/v7e-m/nofp\libgcc.a(unwind-arm.o)
 .text.get_eit_entry
                0x0000000008002238       0x98 c:/xpack-arm-none-eabi-gcc/bin/../lib/gcc/arm-none-eabi/11.2.1/thumb/v7e-m/nofp\libgcc.a(unwind-arm.o)
 .text.restore_non_core_regs
                0x00000000080022d0       0x58 c:/xpack-arm-none-eabi-gcc/bin/../lib/gcc/arm-none-eabi/11.2.1/thumb/v7e-m/nofp\libgcc.a(unwind-arm.o)
 .text.__gnu_unwind_24bit.constprop.0
                0x0000000008002328        0x4 c:/xpack-arm-none-eabi-gcc/bin/../lib/gcc/arm-none-eabi/11.2.1/thumb/v7e-m/nofp\libgcc.a(unwind-arm.o)
 .text._Unwind_decode_typeinfo_ptr.constprop.0
                0x000000000800232c        0xc c:/xpack-arm-none-eabi-gcc/bin/../lib/gcc/arm-none-eabi/11.2.1/thumb/v7e-m/nofp\libgcc.a(unwind-arm.o)
 .text._Unwind_DebugHook
                0x0000000008002338        0x4 c:/xpack-arm-none-eabi-gcc/bin/../lib/gcc/arm-none-eabi/11.2.1/thumb/v7e-m/nofp\libgcc.a(unwind-arm.o)
 .text.unwind_phase2
                0x000000000800233c       0x3c c:/xpack-arm-none-eabi-gcc/bin/../lib/gcc/arm-none-eabi/11.2.1/thumb/v7e-m/nofp\libgcc.a(unwind-arm.o)
 .text.unwind_phase2_forced
                0x0000000008002378       0xcc c:/xpack-arm-none-eabi-gcc/bin/../lib/gcc/arm-none-eabi/11.2.1/thumb/v7e-m/nofp\libgcc.a(unwind-arm.o)
 .text._Unwind_GetCFA
                0x0000000008002444        0x4 c:/xpack-arm-none-eabi-gcc/bin/../lib/gcc/arm-none-eabi/11.2.1/thumb/v7e-m/nofp\libgcc.a(unwind-arm.o)
                0x0000000008002444                _Unwind_GetCFA
 .text.__gnu_Unwind_RaiseException
                0x0000000008002448       0x68 c:/xpack-arm-none-eabi-gcc/bin/../lib/gcc/arm-none-eabi/11.2.1/thumb/v7e-m/nofp\libgcc.a(unwind-arm.o)
                0x0000000008002448                __gnu_Unwind_RaiseException
 .text.__gnu_Unwind_ForcedUnwind
                0x00000000080024b0       0x10 c:/xpack-arm-none-eabi-gcc/bin/../lib/gcc/arm-none-eabi/11.2.1/thumb/v7e-m/nofp\libgcc.a(unwind-arm.o)
                0x00000000080024b0                __gnu_Unwind_ForcedUnwind
 .text.__gnu_Unwind_Resume
                0x00000000080024c0       0x44 c:/xpack-arm-none-eabi-gcc/bin/../lib/gcc/arm-none-eabi/11.2.1/thumb/v7e-m/nofp\libgcc.a(unwind-arm.o)
                0x00000000080024c0                __gnu_Unwind_Resume
 .text.__gnu_Unwind_Resume_or_Rethrow
                0x0000000008002504       0x14 c:/xpack-arm-none-eabi-gcc/bin/../lib/gcc/arm-none-eabi/11.2.1/thumb/v7e-m/nofp\libgcc.a(unwind-arm.o)
                0x0000000008002504                __gnu_Unwind_Resume_or_Rethrow
 .text._Unwind_Complete
                0x0000000008002518        0x4 c:/xpack-arm-none-eabi-gcc/bin/../lib/gcc/arm-none-eabi/11.2.1/thumb/v7e-m/nofp\libgcc.a(unwind-arm.o)
                0x0000000008002518                _Unwind_Complete
 .text._Unwind_DeleteException
                0x000000000800251c        0xc c:/xpack-arm-none-eabi-gcc/bin/../lib/gcc/arm-none-eabi/11.2.1/thumb/v7e-m/nofp\libgcc.a(unwind-arm.o)
                0x000000000800251c                _Unwind_DeleteException
 .text._Unwind_VRS_Get
                0x0000000008002528       0x30 c:/xpack-arm-none-eabi-gcc/bin/../lib/gcc/arm-none-eabi/11.2.1/thumb/v7e-m/nofp\libgcc.a(unwind-arm.o)
                0x0000000008002528                _Unwind_VRS_Get
 .text._Unwind_GetGR
                0x0000000008002558       0x1c c:/xpack-arm-none-eabi-gcc/bin/../lib/gcc/arm-none-eabi/11.2.1/thumb/v7e-m/nofp\libgcc.a(unwind-arm.o)
 .text._Unwind_VRS_Set
                0x0000000008002574       0x30 c:/xpack-arm-none-eabi-gcc/bin/../lib/gcc/arm-none-eabi/11.2.1/thumb/v7e-m/nofp\libgcc.a(unwind-arm.o)
                0x0000000008002574                _Unwind_VRS_Set
 .text._Unwind_SetGR
                0x00000000080025a4       0x18 c:/xpack-arm-none-eabi-gcc/bin/../lib/gcc/arm-none-eabi/11.2.1/thumb/v7e-m/nofp\libgcc.a(unwind-arm.o)
 .text.__gnu_Unwind_Backtrace
                0x00000000080025bc       0x84 c:/xpack-arm-none-eabi-gcc/bin/../lib/gcc/arm-none-eabi/11.2.1/thumb/v7e-m/nofp\libgcc.a(unwind-arm.o)
                0x00000000080025bc                __gnu_Unwind_Backtrace
 .text.__gnu_unwind_pr_common
                0x0000000008002640      0x2a8 c:/xpack-arm-none-eabi-gcc/bin/../lib/gcc/arm-none-eabi/11.2.1/thumb/v7e-m/nofp\libgcc.a(unwind-arm.o)
 .text.__aeabi_unwind_cpp_pr0
                0x00000000080028e8        0x8 c:/xpack-arm-none-eabi-gcc/bin/../lib/gcc/arm-none-eabi/11.2.1/thumb/v7e-m/nofp\libgcc.a(unwind-arm.o)
                0x00000000080028e8                __aeabi_unwind_cpp_pr0
 .text.__aeabi_unwind_cpp_pr1
                0x00000000080028f0        0x8 c:/xpack-arm-none-eabi-gcc/bin/../lib/gcc/arm-none-eabi/11.2.1/thumb/v7e-m/nofp\libgcc.a(unwind-arm.o)
                0x00000000080028f0                __aeabi_unwind_cpp_pr1
 .text.__aeabi_unwind_cpp_pr2
                0x00000000080028f8        0x8 c:/xpack-arm-none-eabi-gcc/bin/../lib/gcc/arm-none-eabi/11.2.1/thumb/v7e-m/nofp\libgcc.a(unwind-arm.o)
                0x00000000080028f8                __aeabi_unwind_cpp_pr2
 .text._Unwind_VRS_Pop
                0x0000000008002900      0x2b0 c:/xpack-arm-none-eabi-gcc/bin/../lib/gcc/arm-none-eabi/11.2.1/thumb/v7e-m/nofp\libgcc.a(unwind-arm.o)
                0x0000000008002900                _Unwind_VRS_Pop
 .text.next_unwind_byte
                0x0000000008002bb0       0x38 c:/xpack-arm-none-eabi-gcc/bin/../lib/gcc/arm-none-eabi/11.2.1/thumb/v7e-m/nofp\libgcc.a(pr-support.o)
 .text._Unwind_GetGR.constprop.0
                0x0000000008002be8       0x1c c:/xpack-arm-none-eabi-gcc/bin/../lib/gcc/arm-none-eabi/11.2.1/thumb/v7e-m/nofp\libgcc.a(pr-support.o)
 .text.unwind_UCB_from_context
                0x0000000008002c04        0x4 c:/xpack-arm-none-eabi-gcc/bin/../lib/gcc/arm-none-eabi/11.2.1/thumb/v7e-m/nofp\libgcc.a(pr-support.o)
 .text.__gnu_unwind_execute
                0x0000000008002c08      0x28c c:/xpack-arm-none-eabi-gcc/bin/../lib/gcc/arm-none-eabi/11.2.1/thumb/v7e-m/nofp\libgcc.a(pr-support.o)
                0x0000000008002c08                __gnu_unwind_execute
 .text.__gnu_unwind_frame
                0x0000000008002e94       0x2c c:/xpack-arm-none-eabi-gcc/bin/../lib/gcc/arm-none-eabi/11.2.1/thumb/v7e-m/nofp\libgcc.a(pr-support.o)
                0x0000000008002e94                __gnu_unwind_frame
 .text._Unwind_GetRegionStart
                0x0000000008002ec0        0xc c:/xpack-arm-none-eabi-gcc/bin/../lib/gcc/arm-none-eabi/11.2.1/thumb/v7e-m/nofp\libgcc.a(pr-support.o)
                0x0000000008002ec0                _Unwind_GetRegionStart
 .text._Unwind_GetLanguageSpecificData
                0x0000000008002ecc       0x14 c:/xpack-arm-none-eabi-gcc/bin/../lib/gcc/arm-none-eabi/11.2.1/thumb/v7e-m/nofp\libgcc.a(pr-support.o)
                0x0000000008002ecc                _Unwind_GetLanguageSpecificData
 .text.unlikely._Unwind_GetDataRelBase
                0x0000000008002ee0        0x6 c:/xpack-arm-none-eabi-gcc/bin/../lib/gcc/arm-none-eabi/11.2.1/thumb/v7e-m/nofp\libgcc.a(pr-support.o)
                0x0000000008002ee0                _Unwind_GetDataRelBase
 .text.unlikely._Unwind_GetTextRelBase
                0x0000000008002ee6        0x6 c:/xpack-arm-none-eabi-gcc/bin/../lib/gcc/arm-none-eabi/11.2.1/thumb/v7e-m/nofp\libgcc.a(pr-support.o)
                0x0000000008002ee6                _Unwind_GetTextRelBase
 .text.abort    0x0000000008002eec       0x10 c:/xpack-arm-none-eabi-gcc/bin/../lib/gcc/arm-none-eabi/11.2.1/../../../../arm-none-eabi/lib/thumb/v7e-m/nofp\libc.a(lib_a-abort.o)
                0x0000000008002eec                abort
 .text.atexit   0x0000000008002efc        0xc c:/xpack-arm-none-eabi-gcc/bin/../lib/gcc/arm-none-eabi/11.2.1/../../../../arm-none-eabi/lib/thumb/v7e-m/nofp\libc.a(lib_a-atexit.o)
                0x0000000008002efc                atexit
 .text.__errno  0x0000000008002f08        0xc c:/xpack-arm-none-eabi-gcc/bin/../lib/gcc/arm-none-eabi/11.2.1/../../../../arm-none-eabi/lib/thumb/v7e-m/nofp\libc.a(lib_a-errno.o)
                0x0000000008002f08                __errno
 .text.exit     0x0000000008002f14       0x20 c:/xpack-arm-none-eabi-gcc/bin/../lib/gcc/arm-none-eabi/11.2.1/../../../../arm-none-eabi/lib/thumb/v7e-m/nofp\libc.a(lib_a-exit.o)
                0x0000000008002f14                exit
 .text.__fp_lock
                0x0000000008002f34        0x4 c:/xpack-arm-none-eabi-gcc/bin/../lib/gcc/arm-none-eabi/11.2.1/../../../../arm-none-eabi/lib/thumb/v7e-m/nofp\libc.a(lib_a-findfp.o)
 .text._cleanup_r
                0x0000000008002f38        0xc c:/xpack-arm-none-eabi-gcc/bin/../lib/gcc/arm-none-eabi/11.2.1/../../../../arm-none-eabi/lib/thumb/v7e-m/nofp\libc.a(lib_a-findfp.o)
                0x0000000008002f38                _cleanup_r
 .text.__fp_unlock
                0x0000000008002f44        0x4 c:/xpack-arm-none-eabi-gcc/bin/../lib/gcc/arm-none-eabi/11.2.1/../../../../arm-none-eabi/lib/thumb/v7e-m/nofp\libc.a(lib_a-findfp.o)
 .text.__sinit.part.0
                0x0000000008002f48       0xd8 c:/xpack-arm-none-eabi-gcc/bin/../lib/gcc/arm-none-eabi/11.2.1/../../../../arm-none-eabi/lib/thumb/v7e-m/nofp\libc.a(lib_a-findfp.o)
 .text.__sfmoreglue
                0x0000000008003020       0x30 c:/xpack-arm-none-eabi-gcc/bin/../lib/gcc/arm-none-eabi/11.2.1/../../../../arm-none-eabi/lib/thumb/v7e-m/nofp\libc.a(lib_a-findfp.o)
                0x0000000008003020                __sfmoreglue
 .text.__sfp    0x0000000008003050       0xa8 c:/xpack-arm-none-eabi-gcc/bin/../lib/gcc/arm-none-eabi/11.2.1/../../../../arm-none-eabi/lib/thumb/v7e-m/nofp\libc.a(lib_a-findfp.o)
                0x0000000008003050                __sfp
 .text._cleanup
                0x00000000080030f8       0x14 c:/xpack-arm-none-eabi-gcc/bin/../lib/gcc/arm-none-eabi/11.2.1/../../../../arm-none-eabi/lib/thumb/v7e-m/nofp\libc.a(lib_a-findfp.o)
                0x00000000080030f8                _cleanup
 .text.__sinit  0x000000000800310c        0xc c:/xpack-arm-none-eabi-gcc/bin/../lib/gcc/arm-none-eabi/11.2.1/../../../../arm-none-eabi/lib/thumb/v7e-m/nofp\libc.a(lib_a-findfp.o)
                0x000000000800310c                __sinit
 .text.__sfp_lock_acquire
                0x0000000008003118        0x4 c:/xpack-arm-none-eabi-gcc/bin/../lib/gcc/arm-none-eabi/11.2.1/../../../../arm-none-eabi/lib/thumb/v7e-m/nofp\libc.a(lib_a-findfp.o)
                0x0000000008003118                __sfp_lock_acquire
 .text.__sfp_lock_release
                0x000000000800311c        0x4 c:/xpack-arm-none-eabi-gcc/bin/../lib/gcc/arm-none-eabi/11.2.1/../../../../arm-none-eabi/lib/thumb/v7e-m/nofp\libc.a(lib_a-findfp.o)
                0x000000000800311c                __sfp_lock_release
 .text.__sinit_lock_acquire
                0x0000000008003120        0x4 c:/xpack-arm-none-eabi-gcc/bin/../lib/gcc/arm-none-eabi/11.2.1/../../../../arm-none-eabi/lib/thumb/v7e-m/nofp\libc.a(lib_a-findfp.o)
                0x0000000008003120                __sinit_lock_acquire
 .text.__sinit_lock_release
                0x0000000008003124        0x4 c:/xpack-arm-none-eabi-gcc/bin/../lib/gcc/arm-none-eabi/11.2.1/../../../../arm-none-eabi/lib/thumb/v7e-m/nofp\libc.a(lib_a-findfp.o)
                0x0000000008003124                __sinit_lock_release
 .text.__fp_lock_all
                0x0000000008003128       0x14 c:/xpack-arm-none-eabi-gcc/bin/../lib/gcc/arm-none-eabi/11.2.1/../../../../arm-none-eabi/lib/thumb/v7e-m/nofp\libc.a(lib_a-findfp.o)
                0x0000000008003128                __fp_lock_all
 .text.__fp_unlock_all
                0x000000000800313c       0x14 c:/xpack-arm-none-eabi-gcc/bin/../lib/gcc/arm-none-eabi/11.2.1/../../../../arm-none-eabi/lib/thumb/v7e-m/nofp\libc.a(lib_a-findfp.o)
                0x000000000800313c                __fp_unlock_all
 .text.__libc_fini_array
                0x0000000008003150       0x2c c:/xpack-arm-none-eabi-gcc/bin/../lib/gcc/arm-none-eabi/11.2.1/../../../../arm-none-eabi/lib/thumb/v7e-m/nofp\libc.a(lib_a-fini.o)
                0x0000000008003150                __libc_fini_array
 .text._fwalk   0x000000000800317c       0x40 c:/xpack-arm-none-eabi-gcc/bin/../lib/gcc/arm-none-eabi/11.2.1/../../../../arm-none-eabi/lib/thumb/v7e-m/nofp\libc.a(lib_a-fwalk.o)
                0x000000000800317c                _fwalk
 .text._fwalk_reent
                0x00000000080031bc       0x48 c:/xpack-arm-none-eabi-gcc/bin/../lib/gcc/arm-none-eabi/11.2.1/../../../../arm-none-eabi/lib/thumb/v7e-m/nofp\libc.a(lib_a-fwalk.o)
                0x00000000080031bc                _fwalk_reent
 .text.__libc_init_array
                0x0000000008003204       0x48 c:/xpack-arm-none-eabi-gcc/bin/../lib/gcc/arm-none-eabi/11.2.1/../../../../arm-none-eabi/lib/thumb/v7e-m/nofp\libc.a(lib_a-init.o)
                0x0000000008003204                __libc_init_array
 .text._malloc_r
                0x000000000800324c      0x560 c:/xpack-arm-none-eabi-gcc/bin/../lib/gcc/arm-none-eabi/11.2.1/../../../../arm-none-eabi/lib/thumb/v7e-m/nofp\libc.a(lib_a-mallocr.o)
                0x000000000800324c                _malloc_r
 .text.memset   0x00000000080037ac       0xa4 c:/xpack-arm-none-eabi-gcc/bin/../lib/gcc/arm-none-eabi/11.2.1/../../../../arm-none-eabi/lib/thumb/v7e-m/nofp\libc.a(lib_a-memset.o)
                0x00000000080037ac                memset
 .text.__malloc_lock
                0x0000000008003850        0x4 c:/xpack-arm-none-eabi-gcc/bin/../lib/gcc/arm-none-eabi/11.2.1/../../../../arm-none-eabi/lib/thumb/v7e-m/nofp\libc.a(lib_a-mlock.o)
                0x0000000008003850                __malloc_lock
 .text.__malloc_unlock
                0x0000000008003854        0x4 c:/xpack-arm-none-eabi-gcc/bin/../lib/gcc/arm-none-eabi/11.2.1/../../../../arm-none-eabi/lib/thumb/v7e-m/nofp\libc.a(lib_a-mlock.o)
                0x0000000008003854                __malloc_unlock
 .text._printf_r
                0x0000000008003858       0x20 c:/xpack-arm-none-eabi-gcc/bin/../lib/gcc/arm-none-eabi/11.2.1/../../../../arm-none-eabi/lib/thumb/v7e-m/nofp\libc.a(lib_a-printf.o)
                0x0000000008003858                _printf_r
 .text.printf   0x0000000008003878       0x28 c:/xpack-arm-none-eabi-gcc/bin/../lib/gcc/arm-none-eabi/11.2.1/../../../../arm-none-eabi/lib/thumb/v7e-m/nofp\libc.a(lib_a-printf.o)
                0x0000000008003878                printf
 .text._sbrk_r  0x00000000080038a0       0x24 c:/xpack-arm-none-eabi-gcc/bin/../lib/gcc/arm-none-eabi/11.2.1/../../../../arm-none-eabi/lib/thumb/v7e-m/nofp\libc.a(lib_a-sbrkr.o)
                0x00000000080038a0                _sbrk_r
 .text._init_signal_r
                0x00000000080038c4       0x30 c:/xpack-arm-none-eabi-gcc/bin/../lib/gcc/arm-none-eabi/11.2.1/../../../../arm-none-eabi/lib/thumb/v7e-m/nofp\libc.a(lib_a-signal.o)
                0x00000000080038c4                _init_signal_r
 .text._signal_r
                0x00000000080038f4       0x4c c:/xpack-arm-none-eabi-gcc/bin/../lib/gcc/arm-none-eabi/11.2.1/../../../../arm-none-eabi/lib/thumb/v7e-m/nofp\libc.a(lib_a-signal.o)
                0x00000000080038f4                _signal_r
 .text._raise_r
                0x0000000008003940       0x58 c:/xpack-arm-none-eabi-gcc/bin/../lib/gcc/arm-none-eabi/11.2.1/../../../../arm-none-eabi/lib/thumb/v7e-m/nofp\libc.a(lib_a-signal.o)
                0x0000000008003940                _raise_r
 .text.__sigtramp_r
                0x0000000008003998       0x64 c:/xpack-arm-none-eabi-gcc/bin/../lib/gcc/arm-none-eabi/11.2.1/../../../../arm-none-eabi/lib/thumb/v7e-m/nofp\libc.a(lib_a-signal.o)
                0x0000000008003998                __sigtramp_r
 .text.raise    0x00000000080039fc       0x5c c:/xpack-arm-none-eabi-gcc/bin/../lib/gcc/arm-none-eabi/11.2.1/../../../../arm-none-eabi/lib/thumb/v7e-m/nofp\libc.a(lib_a-signal.o)
                0x00000000080039fc                raise
 .text.signal   0x0000000008003a58       0x54 c:/xpack-arm-none-eabi-gcc/bin/../lib/gcc/arm-none-eabi/11.2.1/../../../../arm-none-eabi/lib/thumb/v7e-m/nofp\libc.a(lib_a-signal.o)
                0x0000000008003a58                signal
 .text._init_signal
                0x0000000008003aac       0x38 c:/xpack-arm-none-eabi-gcc/bin/../lib/gcc/arm-none-eabi/11.2.1/../../../../arm-none-eabi/lib/thumb/v7e-m/nofp\libc.a(lib_a-signal.o)
                0x0000000008003aac                _init_signal
 .text.__sigtramp
                0x0000000008003ae4       0x68 c:/xpack-arm-none-eabi-gcc/bin/../lib/gcc/arm-none-eabi/11.2.1/../../../../arm-none-eabi/lib/thumb/v7e-m/nofp\libc.a(lib_a-signal.o)
                0x0000000008003ae4                __sigtramp
 .text._kill_r  0x0000000008003b4c       0x2c c:/xpack-arm-none-eabi-gcc/bin/../lib/gcc/arm-none-eabi/11.2.1/../../../../arm-none-eabi/lib/thumb/v7e-m/nofp\libc.a(lib_a-signalr.o)
                0x0000000008003b4c                _kill_r
 .text._getpid_r
                0x0000000008003b78        0x4 c:/xpack-arm-none-eabi-gcc/bin/../lib/gcc/arm-none-eabi/11.2.1/../../../../arm-none-eabi/lib/thumb/v7e-m/nofp\libc.a(lib_a-signalr.o)
                0x0000000008003b78                _getpid_r
 .text.__sread  0x0000000008003b7c       0x24 c:/xpack-arm-none-eabi-gcc/bin/../lib/gcc/arm-none-eabi/11.2.1/../../../../arm-none-eabi/lib/thumb/v7e-m/nofp\libc.a(lib_a-stdio.o)
                0x0000000008003b7c                __sread
 .text.__seofread
                0x0000000008003ba0        0x4 c:/xpack-arm-none-eabi-gcc/bin/../lib/gcc/arm-none-eabi/11.2.1/../../../../arm-none-eabi/lib/thumb/v7e-m/nofp\libc.a(lib_a-stdio.o)
                0x0000000008003ba0                __seofread
 .text.__swrite
                0x0000000008003ba4       0x40 c:/xpack-arm-none-eabi-gcc/bin/../lib/gcc/arm-none-eabi/11.2.1/../../../../arm-none-eabi/lib/thumb/v7e-m/nofp\libc.a(lib_a-stdio.o)
                0x0000000008003ba4                __swrite
 .text.__sseek  0x0000000008003be4       0x20 c:/xpack-arm-none-eabi-gcc/bin/../lib/gcc/arm-none-eabi/11.2.1/../../../../arm-none-eabi/lib/thumb/v7e-m/nofp\libc.a(lib_a-stdio.o)
                0x0000000008003be4                __sseek
 .text.__sclose
                0x0000000008003c04        0x8 c:/xpack-arm-none-eabi-gcc/bin/../lib/gcc/arm-none-eabi/11.2.1/../../../../arm-none-eabi/lib/thumb/v7e-m/nofp\libc.a(lib_a-stdio.o)
                0x0000000008003c04                __sclose
 .text._vfprintf_r
                0x0000000008003c0c     0x1be4 c:/xpack-arm-none-eabi-gcc/bin/../lib/gcc/arm-none-eabi/11.2.1/../../../../arm-none-eabi/lib/thumb/v7e-m/nofp\libc.a(lib_a-vfprintf.o)
                0x0000000008003c0c                _vfprintf_r
 .text.vfprintf
                0x00000000080057f0       0x18 c:/xpack-arm-none-eabi-gcc/bin/../lib/gcc/arm-none-eabi/11.2.1/../../../../arm-none-eabi/lib/thumb/v7e-m/nofp\libc.a(lib_a-vfprintf.o)
                0x00000000080057f0                vfprintf
 .text.__sbprintf
                0x0000000008005808       0x6c c:/xpack-arm-none-eabi-gcc/bin/../lib/gcc/arm-none-eabi/11.2.1/../../../../arm-none-eabi/lib/thumb/v7e-m/nofp\libc.a(lib_a-vfprintf.o)
 .text._wcrtomb_r
                0x0000000008005874       0x4c c:/xpack-arm-none-eabi-gcc/bin/../lib/gcc/arm-none-eabi/11.2.1/../../../../arm-none-eabi/lib/thumb/v7e-m/nofp\libc.a(lib_a-wcrtomb.o)
                0x0000000008005874                _wcrtomb_r
 .text.wcrtomb  0x00000000080058c0       0x58 c:/xpack-arm-none-eabi-gcc/bin/../lib/gcc/arm-none-eabi/11.2.1/../../../../arm-none-eabi/lib/thumb/v7e-m/nofp\libc.a(lib_a-wcrtomb.o)
                0x00000000080058c0                wcrtomb
 .text._wcsrtombs_r
                0x0000000008005918       0x1c c:/xpack-arm-none-eabi-gcc/bin/../lib/gcc/arm-none-eabi/11.2.1/../../../../arm-none-eabi/lib/thumb/v7e-m/nofp\libc.a(lib_a-wcsrtombs.o)
                0x0000000008005918                _wcsrtombs_r
 .text.wcsrtombs
                0x0000000008005934       0x24 c:/xpack-arm-none-eabi-gcc/bin/../lib/gcc/arm-none-eabi/11.2.1/../../../../arm-none-eabi/lib/thumb/v7e-m/nofp\libc.a(lib_a-wcsrtombs.o)
                0x0000000008005934                wcsrtombs
 .text._write_r
                0x0000000008005958       0x2c c:/xpack-arm-none-eabi-gcc/bin/../lib/gcc/arm-none-eabi/11.2.1/../../../../arm-none-eabi/lib/thumb/v7e-m/nofp\libc.a(lib_a-writer.o)
                0x0000000008005958                _write_r
 .text.__swsetup_r
                0x0000000008005984       0xd4 c:/xpack-arm-none-eabi-gcc/bin/../lib/gcc/arm-none-eabi/11.2.1/../../../../arm-none-eabi/lib/thumb/v7e-m/nofp\libc.a(lib_a-wsetup.o)
                0x0000000008005984                __swsetup_r
 .text.__register_exitproc
                0x0000000008005a58       0x68 c:/xpack-arm-none-eabi-gcc/bin/../lib/gcc/arm-none-eabi/11.2.1/../../../../arm-none-eabi/lib/thumb/v7e-m/nofp\libc.a(lib_a-__atexit.o)
                0x0000000008005a58                __register_exitproc
 .text.__call_exitprocs
                0x0000000008005ac0       0xb0 c:/xpack-arm-none-eabi-gcc/bin/../lib/gcc/arm-none-eabi/11.2.1/../../../../arm-none-eabi/lib/thumb/v7e-m/nofp\libc.a(lib_a-__call_atexit.o)
                0x0000000008005ac0                __call_exitprocs
 .text._close_r
                0x0000000008005b70       0x24 c:/xpack-arm-none-eabi-gcc/bin/../lib/gcc/arm-none-eabi/11.2.1/../../../../arm-none-eabi/lib/thumb/v7e-m/nofp\libc.a(lib_a-closer.o)
                0x0000000008005b70                _close_r
 .text.quorem   0x0000000008005b94      0x128 c:/xpack-arm-none-eabi-gcc/bin/../lib/gcc/arm-none-eabi/11.2.1/../../../../arm-none-eabi/lib/thumb/v7e-m/nofp\libc.a(lib_a-dtoa.o)
 *fill*         0x0000000008005cbc        0x4 
 .text._dtoa_r  0x0000000008005cc0      0xebc c:/xpack-arm-none-eabi-gcc/bin/../lib/gcc/arm-none-eabi/11.2.1/../../../../arm-none-eabi/lib/thumb/v7e-m/nofp\libc.a(lib_a-dtoa.o)
                0x0000000008005cc0                _dtoa_r
 .text._fclose_r
                0x0000000008006b7c       0x88 c:/xpack-arm-none-eabi-gcc/bin/../lib/gcc/arm-none-eabi/11.2.1/../../../../arm-none-eabi/lib/thumb/v7e-m/nofp\libc.a(lib_a-fclose.o)
                0x0000000008006b7c                _fclose_r
 .text.fclose   0x0000000008006c04       0x10 c:/xpack-arm-none-eabi-gcc/bin/../lib/gcc/arm-none-eabi/11.2.1/../../../../arm-none-eabi/lib/thumb/v7e-m/nofp\libc.a(lib_a-fclose.o)
                0x0000000008006c04                fclose
 .text.__sflush_r
                0x0000000008006c14      0x120 c:/xpack-arm-none-eabi-gcc/bin/../lib/gcc/arm-none-eabi/11.2.1/../../../../arm-none-eabi/lib/thumb/v7e-m/nofp\libc.a(lib_a-fflush.o)
                0x0000000008006c14                __sflush_r
 .text._fflush_r
                0x0000000008006d34       0x2c c:/xpack-arm-none-eabi-gcc/bin/../lib/gcc/arm-none-eabi/11.2.1/../../../../arm-none-eabi/lib/thumb/v7e-m/nofp\libc.a(lib_a-fflush.o)
                0x0000000008006d34                _fflush_r
 .text.fflush   0x0000000008006d60       0x50 c:/xpack-arm-none-eabi-gcc/bin/../lib/gcc/arm-none-eabi/11.2.1/../../../../arm-none-eabi/lib/thumb/v7e-m/nofp\libc.a(lib_a-fflush.o)
                0x0000000008006d60                fflush
 .text._malloc_trim_r
                0x0000000008006db0       0xa0 c:/xpack-arm-none-eabi-gcc/bin/../lib/gcc/arm-none-eabi/11.2.1/../../../../arm-none-eabi/lib/thumb/v7e-m/nofp\libc.a(lib_a-freer.o)
                0x0000000008006db0                _malloc_trim_r
 .text._free_r  0x0000000008006e50      0x20c c:/xpack-arm-none-eabi-gcc/bin/../lib/gcc/arm-none-eabi/11.2.1/../../../../arm-none-eabi/lib/thumb/v7e-m/nofp\libc.a(lib_a-freer.o)
                0x0000000008006e50                _free_r
 .text.__localeconv_l
                0x000000000800705c        0x4 c:/xpack-arm-none-eabi-gcc/bin/../lib/gcc/arm-none-eabi/11.2.1/../../../../arm-none-eabi/lib/thumb/v7e-m/nofp\libc.a(lib_a-localeconv.o)
                0x000000000800705c                __localeconv_l
 .text._localeconv_r
                0x0000000008007060        0x8 c:/xpack-arm-none-eabi-gcc/bin/../lib/gcc/arm-none-eabi/11.2.1/../../../../arm-none-eabi/lib/thumb/v7e-m/nofp\libc.a(lib_a-localeconv.o)
                0x0000000008007060                _localeconv_r
 .text.localeconv
                0x0000000008007068        0x8 c:/xpack-arm-none-eabi-gcc/bin/../lib/gcc/arm-none-eabi/11.2.1/../../../../arm-none-eabi/lib/thumb/v7e-m/nofp\libc.a(lib_a-localeconv.o)
                0x0000000008007068                localeconv
 .text.currentlocale
                0x0000000008007070       0x58 c:/xpack-arm-none-eabi-gcc/bin/../lib/gcc/arm-none-eabi/11.2.1/../../../../arm-none-eabi/lib/thumb/v7e-m/nofp\libc.a(lib_a-locale.o)
 .text.__loadlocale
                0x00000000080070c8      0x628 c:/xpack-arm-none-eabi-gcc/bin/../lib/gcc/arm-none-eabi/11.2.1/../../../../arm-none-eabi/lib/thumb/v7e-m/nofp\libc.a(lib_a-locale.o)
                0x00000000080070c8                __loadlocale
 .text.__get_locale_env
                0x00000000080076f0       0x50 c:/xpack-arm-none-eabi-gcc/bin/../lib/gcc/arm-none-eabi/11.2.1/../../../../arm-none-eabi/lib/thumb/v7e-m/nofp\libc.a(lib_a-locale.o)
                0x00000000080076f0                __get_locale_env
 .text._setlocale_r.part.0
                0x0000000008007740      0x21c c:/xpack-arm-none-eabi-gcc/bin/../lib/gcc/arm-none-eabi/11.2.1/../../../../arm-none-eabi/lib/thumb/v7e-m/nofp\libc.a(lib_a-locale.o)
 .text._setlocale_r
                0x000000000800795c       0x2c c:/xpack-arm-none-eabi-gcc/bin/../lib/gcc/arm-none-eabi/11.2.1/../../../../arm-none-eabi/lib/thumb/v7e-m/nofp\libc.a(lib_a-locale.o)
                0x000000000800795c                _setlocale_r
 .text.__locale_mb_cur_max
                0x0000000008007988        0xc c:/xpack-arm-none-eabi-gcc/bin/../lib/gcc/arm-none-eabi/11.2.1/../../../../arm-none-eabi/lib/thumb/v7e-m/nofp\libc.a(lib_a-locale.o)
                0x0000000008007988                __locale_mb_cur_max
 .text.setlocale
                0x0000000008007994       0x34 c:/xpack-arm-none-eabi-gcc/bin/../lib/gcc/arm-none-eabi/11.2.1/../../../../arm-none-eabi/lib/thumb/v7e-m/nofp\libc.a(lib_a-locale.o)
                0x0000000008007994                setlocale
 .text._lseek_r
                0x00000000080079c8       0x2c c:/xpack-arm-none-eabi-gcc/bin/../lib/gcc/arm-none-eabi/11.2.1/../../../../arm-none-eabi/lib/thumb/v7e-m/nofp\libc.a(lib_a-lseekr.o)
                0x00000000080079c8                _lseek_r
 .text.__smakebuf_r
                0x00000000080079f4       0xe0 c:/xpack-arm-none-eabi-gcc/bin/../lib/gcc/arm-none-eabi/11.2.1/../../../../arm-none-eabi/lib/thumb/v7e-m/nofp\libc.a(lib_a-makebuf.o)
                0x00000000080079f4                __smakebuf_r
 .text.__swhatbuf_r
                0x0000000008007ad4       0x60 c:/xpack-arm-none-eabi-gcc/bin/../lib/gcc/arm-none-eabi/11.2.1/../../../../arm-none-eabi/lib/thumb/v7e-m/nofp\libc.a(lib_a-makebuf.o)
                0x0000000008007ad4                __swhatbuf_r
 .text._mbtowc_r
                0x0000000008007b34       0x14 c:/xpack-arm-none-eabi-gcc/bin/../lib/gcc/arm-none-eabi/11.2.1/../../../../arm-none-eabi/lib/thumb/v7e-m/nofp\libc.a(lib_a-mbtowc_r.o)
                0x0000000008007b34                _mbtowc_r
 .text.__ascii_mbtowc
                0x0000000008007b48       0x2c c:/xpack-arm-none-eabi-gcc/bin/../lib/gcc/arm-none-eabi/11.2.1/../../../../arm-none-eabi/lib/thumb/v7e-m/nofp\libc.a(lib_a-mbtowc_r.o)
                0x0000000008007b48                __ascii_mbtowc
 .text.__utf8_mbtowc
                0x0000000008007b74      0x1d0 c:/xpack-arm-none-eabi-gcc/bin/../lib/gcc/arm-none-eabi/11.2.1/../../../../arm-none-eabi/lib/thumb/v7e-m/nofp\libc.a(lib_a-mbtowc_r.o)
                0x0000000008007b74                __utf8_mbtowc
 .text.__sjis_mbtowc
                0x0000000008007d44       0x90 c:/xpack-arm-none-eabi-gcc/bin/../lib/gcc/arm-none-eabi/11.2.1/../../../../arm-none-eabi/lib/thumb/v7e-m/nofp\libc.a(lib_a-mbtowc_r.o)
                0x0000000008007d44                __sjis_mbtowc
 .text.__eucjp_mbtowc
                0x0000000008007dd4       0xc0 c:/xpack-arm-none-eabi-gcc/bin/../lib/gcc/arm-none-eabi/11.2.1/../../../../arm-none-eabi/lib/thumb/v7e-m/nofp\libc.a(lib_a-mbtowc_r.o)
                0x0000000008007dd4                __eucjp_mbtowc
 .text.__jis_mbtowc
                0x0000000008007e94      0x144 c:/xpack-arm-none-eabi-gcc/bin/../lib/gcc/arm-none-eabi/11.2.1/../../../../arm-none-eabi/lib/thumb/v7e-m/nofp\libc.a(lib_a-mbtowc_r.o)
                0x0000000008007e94                __jis_mbtowc
 .text._Balloc  0x0000000008007fd8       0x4c c:/xpack-arm-none-eabi-gcc/bin/../lib/gcc/arm-none-eabi/11.2.1/../../../../arm-none-eabi/lib/thumb/v7e-m/nofp\libc.a(lib_a-mprec.o)
                0x0000000008007fd8                _Balloc
 .text._Bfree   0x0000000008008024       0x14 c:/xpack-arm-none-eabi-gcc/bin/../lib/gcc/arm-none-eabi/11.2.1/../../../../arm-none-eabi/lib/thumb/v7e-m/nofp\libc.a(lib_a-mprec.o)
                0x0000000008008024                _Bfree
 .text.__multadd
                0x0000000008008038       0xa0 c:/xpack-arm-none-eabi-gcc/bin/../lib/gcc/arm-none-eabi/11.2.1/../../../../arm-none-eabi/lib/thumb/v7e-m/nofp\libc.a(lib_a-mprec.o)
                0x0000000008008038                __multadd
 .text.__s2b    0x00000000080080d8       0xb0 c:/xpack-arm-none-eabi-gcc/bin/../lib/gcc/arm-none-eabi/11.2.1/../../../../arm-none-eabi/lib/thumb/v7e-m/nofp\libc.a(lib_a-mprec.o)
                0x00000000080080d8                __s2b
 .text.__hi0bits
                0x0000000008008188       0x40 c:/xpack-arm-none-eabi-gcc/bin/../lib/gcc/arm-none-eabi/11.2.1/../../../../arm-none-eabi/lib/thumb/v7e-m/nofp\libc.a(lib_a-mprec.o)
                0x0000000008008188                __hi0bits
 .text.__lo0bits
                0x00000000080081c8       0x60 c:/xpack-arm-none-eabi-gcc/bin/../lib/gcc/arm-none-eabi/11.2.1/../../../../arm-none-eabi/lib/thumb/v7e-m/nofp\libc.a(lib_a-mprec.o)
                0x00000000080081c8                __lo0bits
 .text.__i2b    0x0000000008008228       0x5c c:/xpack-arm-none-eabi-gcc/bin/../lib/gcc/arm-none-eabi/11.2.1/../../../../arm-none-eabi/lib/thumb/v7e-m/nofp\libc.a(lib_a-mprec.o)
                0x0000000008008228                __i2b
 .text.__multiply
                0x0000000008008284      0x15c c:/xpack-arm-none-eabi-gcc/bin/../lib/gcc/arm-none-eabi/11.2.1/../../../../arm-none-eabi/lib/thumb/v7e-m/nofp\libc.a(lib_a-mprec.o)
                0x0000000008008284                __multiply
 .text.__pow5mult
                0x00000000080083e0       0xc0 c:/xpack-arm-none-eabi-gcc/bin/../lib/gcc/arm-none-eabi/11.2.1/../../../../arm-none-eabi/lib/thumb/v7e-m/nofp\libc.a(lib_a-mprec.o)
                0x00000000080083e0                __pow5mult
 .text.__lshift
                0x00000000080084a0       0xf0 c:/xpack-arm-none-eabi-gcc/bin/../lib/gcc/arm-none-eabi/11.2.1/../../../../arm-none-eabi/lib/thumb/v7e-m/nofp\libc.a(lib_a-mprec.o)
                0x00000000080084a0                __lshift
 .text.__mcmp   0x0000000008008590       0x40 c:/xpack-arm-none-eabi-gcc/bin/../lib/gcc/arm-none-eabi/11.2.1/../../../../arm-none-eabi/lib/thumb/v7e-m/nofp\libc.a(lib_a-mprec.o)
                0x0000000008008590                __mcmp
 .text.__mdiff  0x00000000080085d0      0x154 c:/xpack-arm-none-eabi-gcc/bin/../lib/gcc/arm-none-eabi/11.2.1/../../../../arm-none-eabi/lib/thumb/v7e-m/nofp\libc.a(lib_a-mprec.o)
                0x00000000080085d0                __mdiff
 .text.__ulp    0x0000000008008724       0x4c c:/xpack-arm-none-eabi-gcc/bin/../lib/gcc/arm-none-eabi/11.2.1/../../../../arm-none-eabi/lib/thumb/v7e-m/nofp\libc.a(lib_a-mprec.o)
                0x0000000008008724                __ulp
 .text.__b2d    0x0000000008008770       0xc4 c:/xpack-arm-none-eabi-gcc/bin/../lib/gcc/arm-none-eabi/11.2.1/../../../../arm-none-eabi/lib/thumb/v7e-m/nofp\libc.a(lib_a-mprec.o)
                0x0000000008008770                __b2d
 .text.__d2b    0x0000000008008834       0xc0 c:/xpack-arm-none-eabi-gcc/bin/../lib/gcc/arm-none-eabi/11.2.1/../../../../arm-none-eabi/lib/thumb/v7e-m/nofp\libc.a(lib_a-mprec.o)
                0x0000000008008834                __d2b
 .text.__ratio  0x00000000080088f4       0x54 c:/xpack-arm-none-eabi-gcc/bin/../lib/gcc/arm-none-eabi/11.2.1/../../../../arm-none-eabi/lib/thumb/v7e-m/nofp\libc.a(lib_a-mprec.o)
                0x00000000080088f4                __ratio
 .text._mprec_log10
                0x0000000008008948       0x38 c:/xpack-arm-none-eabi-gcc/bin/../lib/gcc/arm-none-eabi/11.2.1/../../../../arm-none-eabi/lib/thumb/v7e-m/nofp\libc.a(lib_a-mprec.o)
                0x0000000008008948                _mprec_log10
 .text.__copybits
                0x0000000008008980       0x5c c:/xpack-arm-none-eabi-gcc/bin/../lib/gcc/arm-none-eabi/11.2.1/../../../../arm-none-eabi/lib/thumb/v7e-m/nofp\libc.a(lib_a-mprec.o)
                0x0000000008008980                __copybits
 .text.__any_on
                0x00000000080089dc       0x60 c:/xpack-arm-none-eabi-gcc/bin/../lib/gcc/arm-none-eabi/11.2.1/../../../../arm-none-eabi/lib/thumb/v7e-m/nofp\libc.a(lib_a-mprec.o)
                0x00000000080089dc                __any_on
 .text._read_r  0x0000000008008a3c       0x2c c:/xpack-arm-none-eabi-gcc/bin/../lib/gcc/arm-none-eabi/11.2.1/../../../../arm-none-eabi/lib/thumb/v7e-m/nofp\libc.a(lib_a-readr.o)
                0x0000000008008a3c                _read_r
 .text.cleanup_glue
                0x0000000008008a68       0x48 c:/xpack-arm-none-eabi-gcc/bin/../lib/gcc/arm-none-eabi/11.2.1/../../../../arm-none-eabi/lib/thumb/v7e-m/nofp\libc.a(lib_a-reent.o)
                0x0000000008008a68                cleanup_glue
 .text._reclaim_reent
                0x0000000008008ab0       0x90 c:/xpack-arm-none-eabi-gcc/bin/../lib/gcc/arm-none-eabi/11.2.1/../../../../arm-none-eabi/lib/thumb/v7e-m/nofp\libc.a(lib_a-reent.o)
                0x0000000008008ab0                _reclaim_reent
 .text.frexp    0x0000000008008b40       0x70 c:/xpack-arm-none-eabi-gcc/bin/../lib/gcc/arm-none-eabi/11.2.1/../../../../arm-none-eabi/lib/thumb/v7e-m/nofp\libc.a(lib_a-s_frexp.o)
                0x0000000008008b40                frexp
 .text.strcasecmp
                0x0000000008008bb0       0x4c c:/xpack-arm-none-eabi-gcc/bin/../lib/gcc/arm-none-eabi/11.2.1/../../../../arm-none-eabi/lib/thumb/v7e-m/nofp\libc.a(lib_a-strcasecmp.o)
                0x0000000008008bb0                strcasecmp
 .text.strcat   0x0000000008008bfc       0x40 c:/xpack-arm-none-eabi-gcc/bin/../lib/gcc/arm-none-eabi/11.2.1/../../../../arm-none-eabi/lib/thumb/v7e-m/nofp\libc.a(lib_a-strcat.o)
                0x0000000008008bfc                strcat
 .text.strchr   0x0000000008008c3c       0xcc c:/xpack-arm-none-eabi-gcc/bin/../lib/gcc/arm-none-eabi/11.2.1/../../../../arm-none-eabi/lib/thumb/v7e-m/nofp\libc.a(lib_a-strchr.o)
                0x0000000008008c3c                strchr
 .text.strcpy   0x0000000008008d08       0xbc c:/xpack-arm-none-eabi-gcc/bin/../lib/gcc/arm-none-eabi/11.2.1/../../../../arm-none-eabi/lib/thumb/v7e-m/nofp\libc.a(lib_a-strcpy.o)
                0x0000000008008d08                strcpy
 .text.strlcpy  0x0000000008008dc4       0x5c c:/xpack-arm-none-eabi-gcc/bin/../lib/gcc/arm-none-eabi/11.2.1/../../../../arm-none-eabi/lib/thumb/v7e-m/nofp\libc.a(lib_a-strlcpy.o)
                0x0000000008008dc4                strlcpy
 .text.strncasecmp
                0x0000000008008e20       0x5c c:/xpack-arm-none-eabi-gcc/bin/../lib/gcc/arm-none-eabi/11.2.1/../../../../arm-none-eabi/lib/thumb/v7e-m/nofp\libc.a(lib_a-strncasecmp.o)
                0x0000000008008e20                strncasecmp
 .text.strncpy  0x0000000008008e7c       0x64 c:/xpack-arm-none-eabi-gcc/bin/../lib/gcc/arm-none-eabi/11.2.1/../../../../arm-none-eabi/lib/thumb/v7e-m/nofp\libc.a(lib_a-strncpy.o)
                0x0000000008008e7c                strncpy
 .text._strtol_l.constprop.0
                0x0000000008008ee0      0x140 c:/xpack-arm-none-eabi-gcc/bin/../lib/gcc/arm-none-eabi/11.2.1/../../../../arm-none-eabi/lib/thumb/v7e-m/nofp\libc.a(lib_a-strtol.o)
 .text._strtol_r
                0x0000000008009020        0x4 c:/xpack-arm-none-eabi-gcc/bin/../lib/gcc/arm-none-eabi/11.2.1/../../../../arm-none-eabi/lib/thumb/v7e-m/nofp\libc.a(lib_a-strtol.o)
                0x0000000008009020                _strtol_r
 .text.strtol_l
                0x0000000008009024       0x18 c:/xpack-arm-none-eabi-gcc/bin/../lib/gcc/arm-none-eabi/11.2.1/../../../../arm-none-eabi/lib/thumb/v7e-m/nofp\libc.a(lib_a-strtol.o)
                0x0000000008009024                strtol_l
 .text.strtol   0x000000000800903c       0x18 c:/xpack-arm-none-eabi-gcc/bin/../lib/gcc/arm-none-eabi/11.2.1/../../../../arm-none-eabi/lib/thumb/v7e-m/nofp\libc.a(lib_a-strtol.o)
                0x000000000800903c                strtol
 .text.__sprint_r.part.0
                0x0000000008009054       0x78 c:/xpack-arm-none-eabi-gcc/bin/../lib/gcc/arm-none-eabi/11.2.1/../../../../arm-none-eabi/lib/thumb/v7e-m/nofp\libc.a(lib_a-vfiprintf.o)
 .text.__sprint_r
                0x00000000080090cc       0x14 c:/xpack-arm-none-eabi-gcc/bin/../lib/gcc/arm-none-eabi/11.2.1/../../../../arm-none-eabi/lib/thumb/v7e-m/nofp\libc.a(lib_a-vfiprintf.o)
                0x00000000080090cc                __sprint_r
 .text._vfiprintf_r
                0x00000000080090e0      0xef8 c:/xpack-arm-none-eabi-gcc/bin/../lib/gcc/arm-none-eabi/11.2.1/../../../../arm-none-eabi/lib/thumb/v7e-m/nofp\libc.a(lib_a-vfiprintf.o)
                0x00000000080090e0                _vfiprintf_r
 .text.vfiprintf
                0x0000000008009fd8       0x18 c:/xpack-arm-none-eabi-gcc/bin/../lib/gcc/arm-none-eabi/11.2.1/../../../../arm-none-eabi/lib/thumb/v7e-m/nofp\libc.a(lib_a-vfiprintf.o)
                0x0000000008009fd8                vfiprintf
 .text.__sbprintf
                0x0000000008009ff0       0x6c c:/xpack-arm-none-eabi-gcc/bin/../lib/gcc/arm-none-eabi/11.2.1/../../../../arm-none-eabi/lib/thumb/v7e-m/nofp\libc.a(lib_a-vfiprintf.o)
 .text._wcsnrtombs_l
                0x000000000800a05c       0xf8 c:/xpack-arm-none-eabi-gcc/bin/../lib/gcc/arm-none-eabi/11.2.1/../../../../arm-none-eabi/lib/thumb/v7e-m/nofp\libc.a(lib_a-wcsnrtombs.o)
                0x000000000800a05c                _wcsnrtombs_l
 .text._wcsnrtombs_r
                0x000000000800a154       0x24 c:/xpack-arm-none-eabi-gcc/bin/../lib/gcc/arm-none-eabi/11.2.1/../../../../arm-none-eabi/lib/thumb/v7e-m/nofp\libc.a(lib_a-wcsnrtombs.o)
                0x000000000800a154                _wcsnrtombs_r
 .text.wcsnrtombs
                0x000000000800a178       0x2c c:/xpack-arm-none-eabi-gcc/bin/../lib/gcc/arm-none-eabi/11.2.1/../../../../arm-none-eabi/lib/thumb/v7e-m/nofp\libc.a(lib_a-wcsnrtombs.o)
                0x000000000800a178                wcsnrtombs
 .text._wctomb_r
                0x000000000800a1a4       0x14 c:/xpack-arm-none-eabi-gcc/bin/../lib/gcc/arm-none-eabi/11.2.1/../../../../arm-none-eabi/lib/thumb/v7e-m/nofp\libc.a(lib_a-wctomb_r.o)
                0x000000000800a1a4                _wctomb_r
 .text.__ascii_wctomb
                0x000000000800a1b8       0x1c c:/xpack-arm-none-eabi-gcc/bin/../lib/gcc/arm-none-eabi/11.2.1/../../../../arm-none-eabi/lib/thumb/v7e-m/nofp\libc.a(lib_a-wctomb_r.o)
                0x000000000800a1b8                __ascii_wctomb
 .text.__utf8_wctomb
                0x000000000800a1d4       0x9c c:/xpack-arm-none-eabi-gcc/bin/../lib/gcc/arm-none-eabi/11.2.1/../../../../arm-none-eabi/lib/thumb/v7e-m/nofp\libc.a(lib_a-wctomb_r.o)
                0x000000000800a1d4                __utf8_wctomb
 .text.__sjis_wctomb
                0x000000000800a270       0x58 c:/xpack-arm-none-eabi-gcc/bin/../lib/gcc/arm-none-eabi/11.2.1/../../../../arm-none-eabi/lib/thumb/v7e-m/nofp\libc.a(lib_a-wctomb_r.o)
                0x000000000800a270                __sjis_wctomb
 .text.__eucjp_wctomb
                0x000000000800a2c8       0x7c c:/xpack-arm-none-eabi-gcc/bin/../lib/gcc/arm-none-eabi/11.2.1/../../../../arm-none-eabi/lib/thumb/v7e-m/nofp\libc.a(lib_a-wctomb_r.o)
                0x000000000800a2c8                __eucjp_wctomb
 .text.__jis_wctomb
                0x000000000800a344       0x7c c:/xpack-arm-none-eabi-gcc/bin/../lib/gcc/arm-none-eabi/11.2.1/../../../../arm-none-eabi/lib/thumb/v7e-m/nofp\libc.a(lib_a-wctomb_r.o)
                0x000000000800a344                __jis_wctomb
 .text.__assert_func
                0x000000000800a3c0       0x40 c:/xpack-arm-none-eabi-gcc/bin/../lib/gcc/arm-none-eabi/11.2.1/../../../../arm-none-eabi/lib/thumb/v7e-m/nofp\libc.a(lib_a-assert.o)
                0x000000000800a3c0                __assert_func
 .text.__assert
                0x000000000800a400        0xc c:/xpack-arm-none-eabi-gcc/bin/../lib/gcc/arm-none-eabi/11.2.1/../../../../arm-none-eabi/lib/thumb/v7e-m/nofp\libc.a(lib_a-assert.o)
                0x000000000800a400                __assert
 .text._calloc_r
                0x000000000800a40c       0x78 c:/xpack-arm-none-eabi-gcc/bin/../lib/gcc/arm-none-eabi/11.2.1/../../../../arm-none-eabi/lib/thumb/v7e-m/nofp\libc.a(lib_a-callocr.o)
                0x000000000800a40c                _calloc_r
 .text.__set_ctype
                0x000000000800a484        0xc c:/xpack-arm-none-eabi-gcc/bin/../lib/gcc/arm-none-eabi/11.2.1/../../../../arm-none-eabi/lib/thumb/v7e-m/nofp\libc.a(lib_a-ctype_.o)
                0x000000000800a484                __set_ctype
 .text._fiprintf_r
                0x000000000800a490       0x1c c:/xpack-arm-none-eabi-gcc/bin/../lib/gcc/arm-none-eabi/11.2.1/../../../../arm-none-eabi/lib/thumb/v7e-m/nofp\libc.a(lib_a-fiprintf.o)
                0x000000000800a490                _fiprintf_r
 .text.fiprintf
                0x000000000800a4ac       0x28 c:/xpack-arm-none-eabi-gcc/bin/../lib/gcc/arm-none-eabi/11.2.1/../../../../arm-none-eabi/lib/thumb/v7e-m/nofp\libc.a(lib_a-fiprintf.o)
                0x000000000800a4ac                fiprintf
 .text.__fputwc
                0x000000000800a4d4       0xa8 c:/xpack-arm-none-eabi-gcc/bin/../lib/gcc/arm-none-eabi/11.2.1/../../../../arm-none-eabi/lib/thumb/v7e-m/nofp\libc.a(lib_a-fputwc.o)
                0x000000000800a4d4                __fputwc
 .text._fputwc_r
                0x000000000800a57c       0x24 c:/xpack-arm-none-eabi-gcc/bin/../lib/gcc/arm-none-eabi/11.2.1/../../../../arm-none-eabi/lib/thumb/v7e-m/nofp\libc.a(lib_a-fputwc.o)
                0x000000000800a57c                _fputwc_r
 .text.fputwc   0x000000000800a5a0       0x40 c:/xpack-arm-none-eabi-gcc/bin/../lib/gcc/arm-none-eabi/11.2.1/../../../../arm-none-eabi/lib/thumb/v7e-m/nofp\libc.a(lib_a-fputwc.o)
                0x000000000800a5a0                fputwc
 .text._fstat_r
                0x000000000800a5e0       0x2c c:/xpack-arm-none-eabi-gcc/bin/../lib/gcc/arm-none-eabi/11.2.1/../../../../arm-none-eabi/lib/thumb/v7e-m/nofp\libc.a(lib_a-fstatr.o)
                0x000000000800a5e0                _fstat_r
 .text.__sfvwrite_r
                0x000000000800a60c      0x2e8 c:/xpack-arm-none-eabi-gcc/bin/../lib/gcc/arm-none-eabi/11.2.1/../../../../arm-none-eabi/lib/thumb/v7e-m/nofp\libc.a(lib_a-fvwrite.o)
                0x000000000800a60c                __sfvwrite_r
 .text._findenv_r
                0x000000000800a8f4       0x80 c:/xpack-arm-none-eabi-gcc/bin/../lib/gcc/arm-none-eabi/11.2.1/../../../../arm-none-eabi/lib/thumb/v7e-m/nofp\libc.a(lib_a-getenv_r.o)
                0x000000000800a8f4                _findenv_r
 .text._getenv_r
                0x000000000800a974       0x10 c:/xpack-arm-none-eabi-gcc/bin/../lib/gcc/arm-none-eabi/11.2.1/../../../../arm-none-eabi/lib/thumb/v7e-m/nofp\libc.a(lib_a-getenv_r.o)
                0x000000000800a974                _getenv_r
 .text._isatty_r
                0x000000000800a984       0x24 c:/xpack-arm-none-eabi-gcc/bin/../lib/gcc/arm-none-eabi/11.2.1/../../../../arm-none-eabi/lib/thumb/v7e-m/nofp\libc.a(lib_a-isattyr.o)
                0x000000000800a984                _isatty_r
 .text.memmove  0x000000000800a9a8       0xf8 c:/xpack-arm-none-eabi-gcc/bin/../lib/gcc/arm-none-eabi/11.2.1/../../../../arm-none-eabi/lib/thumb/v7e-m/nofp\libc.a(lib_a-memmove.o)
                0x000000000800a9a8                memmove
 .text._realloc_r
                0x000000000800aaa0      0x3d8 c:/xpack-arm-none-eabi-gcc/bin/../lib/gcc/arm-none-eabi/11.2.1/../../../../arm-none-eabi/lib/thumb/v7e-m/nofp\libc.a(lib_a-reallocr.o)
                0x000000000800aaa0                _realloc_r
 .text.strncmp  0x000000000800ae78       0x8c c:/xpack-arm-none-eabi-gcc/bin/../lib/gcc/arm-none-eabi/11.2.1/../../../../arm-none-eabi/lib/thumb/v7e-m/nofp\libc.a(lib_a-strncmp.o)
                0x000000000800ae78                strncmp
 .text.__swbuf_r
                0x000000000800af04       0xb0 c:/xpack-arm-none-eabi-gcc/bin/../lib/gcc/arm-none-eabi/11.2.1/../../../../arm-none-eabi/lib/thumb/v7e-m/nofp\libc.a(lib_a-wbuf.o)
                0x000000000800af04                __swbuf_r
 .text.__swbuf  0x000000000800afb4       0x18 c:/xpack-arm-none-eabi-gcc/bin/../lib/gcc/arm-none-eabi/11.2.1/../../../../arm-none-eabi/lib/thumb/v7e-m/nofp\libc.a(lib_a-wbuf.o)
                0x000000000800afb4                __swbuf
 .text.__env_lock
                0x000000000800afcc        0x4 c:/xpack-arm-none-eabi-gcc/bin/../lib/gcc/arm-none-eabi/11.2.1/../../../../arm-none-eabi/lib/thumb/v7e-m/nofp\libc.a(lib_a-envlock.o)
                0x000000000800afcc                __env_lock
 .text.__env_unlock
                0x000000000800afd0        0x4 c:/xpack-arm-none-eabi-gcc/bin/../lib/gcc/arm-none-eabi/11.2.1/../../../../arm-none-eabi/lib/thumb/v7e-m/nofp\libc.a(lib_a-envlock.o)
                0x000000000800afd0                __env_unlock
 .text._exit    0x000000000800afd4       0x14 c:/xpack-arm-none-eabi-gcc/bin/../lib/gcc/arm-none-eabi/11.2.1/../../../../arm-none-eabi/lib/thumb/v7e-m/nofp\librdimon.a(rdimon-_exit.o)
                0x000000000800afd4                _exit
 .text._kill_shared
                0x000000000800afe8       0x30 c:/xpack-arm-none-eabi-gcc/bin/../lib/gcc/arm-none-eabi/11.2.1/../../../../arm-none-eabi/lib/thumb/v7e-m/nofp\librdimon.a(rdimon-_kill.o)
                0x000000000800afe8                _kill_shared
 .text._kill    0x000000000800b018       0x1c c:/xpack-arm-none-eabi-gcc/bin/../lib/gcc/arm-none-eabi/11.2.1/../../../../arm-none-eabi/lib/thumb/v7e-m/nofp\librdimon.a(rdimon-_kill.o)
                0x000000000800b018                _kill
 *(.glue_7)
 .glue_7        0x000000000800b034        0x0 linker stubs
 *(.glue_7t)
 .glue_7t       0x000000000800b034        0x0 linker stubs
 *(.eh_frame)
 .eh_frame      0x000000000800b034        0x0 c:/xpack-arm-none-eabi-gcc/bin/../lib/gcc/arm-none-eabi/11.2.1/thumb/v7e-m/nofp/crtbegin.o
 .eh_frame      0x000000000800b034        0x4 c:/xpack-arm-none-eabi-gcc/bin/../lib/gcc/arm-none-eabi/11.2.1/thumb/v7e-m/nofp/crtend.o
 *(.init)
 .init          0x000000000800b038        0x4 c:/xpack-arm-none-eabi-gcc/bin/../lib/gcc/arm-none-eabi/11.2.1/thumb/v7e-m/nofp/crti.o
                0x000000000800b038                _init
 .init          0x000000000800b03c        0x8 c:/xpack-arm-none-eabi-gcc/bin/../lib/gcc/arm-none-eabi/11.2.1/thumb/v7e-m/nofp/crtn.o
 *(.fini)
 .fini          0x000000000800b044        0x4 c:/xpack-arm-none-eabi-gcc/bin/../lib/gcc/arm-none-eabi/11.2.1/thumb/v7e-m/nofp/crti.o
                0x000000000800b044                _fini
 .fini          0x000000000800b048        0x8 c:/xpack-arm-none-eabi-gcc/bin/../lib/gcc/arm-none-eabi/11.2.1/thumb/v7e-m/nofp/crtn.o
                0x000000000800b050                . = ALIGN (0x4)
                0x000000000800b050                _etext = .

.vfp11_veneer   0x000000000800b050        0x0
 .vfp11_veneer  0x000000000800b050        0x0 linker stubs

.v4_bx          0x000000000800b050        0x0
 .v4_bx         0x000000000800b050        0x0 linker stubs

.iplt           0x000000000800b050        0x0
 .iplt          0x000000000800b050        0x0 c:/xpack-arm-none-eabi-gcc/bin/../lib/gcc/arm-none-eabi/11.2.1/thumb/v7e-m/nofp/crtbegin.o

.rodata         0x000000000800b050      0x7b4
                0x000000000800b050                . = ALIGN (0x4)
 *(.rodata)
 .rodata        0x000000000800b050        0xe C:\Users\vqtrong\AppData\Roaming\MOBAXT~1\slash\tmp\ccwVkeX1.o
 *fill*         0x000000000800b05e        0x2 
 .rodata        0x000000000800b060        0x4 C:\Users\vqtrong\AppData\Roaming\MOBAXT~1\slash\tmp\ccqWMo1u.o
                0x000000000800b060                DELAY_MAX
 *(.rodata*)
 .rodata.all_implied_fbits
                0x000000000800b064       0x24 c:/xpack-arm-none-eabi-gcc/bin/../lib/gcc/arm-none-eabi/11.2.1/thumb/v7e-m/nofp/crtbegin.o
 .rodata._get_semihosting_exts.str1.4
                0x000000000800b088       0x16 c:/xpack-arm-none-eabi-gcc/bin/../lib/gcc/arm-none-eabi/11.2.1/../../../../arm-none-eabi/lib/thumb/v7e-m/nofp\librdimon.a(rdimon-syscalls.o)
 *fill*         0x000000000800b09e        0x2 
 .rodata.initialise_monitor_handles.str1.4
                0x000000000800b0a0        0x4 c:/xpack-arm-none-eabi-gcc/bin/../lib/gcc/arm-none-eabi/11.2.1/../../../../arm-none-eabi/lib/thumb/v7e-m/nofp\librdimon.a(rdimon-syscalls.o)
 .rodata._global_impure_ptr
                0x000000000800b0a4        0x4 c:/xpack-arm-none-eabi-gcc/bin/../lib/gcc/arm-none-eabi/11.2.1/../../../../arm-none-eabi/lib/thumb/v7e-m/nofp\libc.a(lib_a-impure.o)
                0x000000000800b0a4                _global_impure_ptr
 .rodata._vfprintf_r.str1.4
                0x000000000800b0a8       0x42 c:/xpack-arm-none-eabi-gcc/bin/../lib/gcc/arm-none-eabi/11.2.1/../../../../arm-none-eabi/lib/thumb/v7e-m/nofp\libc.a(lib_a-vfprintf.o)
 *fill*         0x000000000800b0ea        0x2 
 .rodata.blanks.1
                0x000000000800b0ec       0x10 c:/xpack-arm-none-eabi-gcc/bin/../lib/gcc/arm-none-eabi/11.2.1/../../../../arm-none-eabi/lib/thumb/v7e-m/nofp\libc.a(lib_a-vfprintf.o)
 .rodata.zeroes.0
                0x000000000800b0fc       0x10 c:/xpack-arm-none-eabi-gcc/bin/../lib/gcc/arm-none-eabi/11.2.1/../../../../arm-none-eabi/lib/thumb/v7e-m/nofp\libc.a(lib_a-vfprintf.o)
 .rodata._dtoa_r.str1.4
                0x000000000800b10c       0x8f c:/xpack-arm-none-eabi-gcc/bin/../lib/gcc/arm-none-eabi/11.2.1/../../../../arm-none-eabi/lib/thumb/v7e-m/nofp\libc.a(lib_a-dtoa.o)
                                         0x93 (size before relaxing)
 *fill*         0x000000000800b19b        0x1 
 .rodata.currentlocale.str1.4
                0x000000000800b19c        0x2 c:/xpack-arm-none-eabi-gcc/bin/../lib/gcc/arm-none-eabi/11.2.1/../../../../arm-none-eabi/lib/thumb/v7e-m/nofp\libc.a(lib_a-locale.o)
 *fill*         0x000000000800b19e        0x2 
 .rodata.__loadlocale.str1.4
                0x000000000800b1a0       0xd6 c:/xpack-arm-none-eabi-gcc/bin/../lib/gcc/arm-none-eabi/11.2.1/../../../../arm-none-eabi/lib/thumb/v7e-m/nofp\libc.a(lib_a-locale.o)
 *fill*         0x000000000800b276        0x2 
 .rodata.__get_locale_env.str1.4
                0x000000000800b278        0xd c:/xpack-arm-none-eabi-gcc/bin/../lib/gcc/arm-none-eabi/11.2.1/../../../../arm-none-eabi/lib/thumb/v7e-m/nofp\libc.a(lib_a-locale.o)
 *fill*         0x000000000800b285        0x3 
 .rodata.str1.4
                0x000000000800b288       0x48 c:/xpack-arm-none-eabi-gcc/bin/../lib/gcc/arm-none-eabi/11.2.1/../../../../arm-none-eabi/lib/thumb/v7e-m/nofp\libc.a(lib_a-locale.o)
                                         0x4c (size before relaxing)
 .rodata.__C_locale
                0x000000000800b2d0      0x16c c:/xpack-arm-none-eabi-gcc/bin/../lib/gcc/arm-none-eabi/11.2.1/../../../../arm-none-eabi/lib/thumb/v7e-m/nofp\libc.a(lib_a-locale.o)
                0x000000000800b2d0                __C_locale
 .rodata.categories
                0x000000000800b43c       0x1c c:/xpack-arm-none-eabi-gcc/bin/../lib/gcc/arm-none-eabi/11.2.1/../../../../arm-none-eabi/lib/thumb/v7e-m/nofp\libc.a(lib_a-locale.o)
 .rodata.JIS_action_table
                0x000000000800b458       0x48 c:/xpack-arm-none-eabi-gcc/bin/../lib/gcc/arm-none-eabi/11.2.1/../../../../arm-none-eabi/lib/thumb/v7e-m/nofp\libc.a(lib_a-mbtowc_r.o)
 .rodata.JIS_state_table
                0x000000000800b4a0       0x48 c:/xpack-arm-none-eabi-gcc/bin/../lib/gcc/arm-none-eabi/11.2.1/../../../../arm-none-eabi/lib/thumb/v7e-m/nofp\libc.a(lib_a-mbtowc_r.o)
 .rodata.__multadd.str1.4
                0x000000000800b4e8       0x6c c:/xpack-arm-none-eabi-gcc/bin/../lib/gcc/arm-none-eabi/11.2.1/../../../../arm-none-eabi/lib/thumb/v7e-m/nofp\libc.a(lib_a-mprec.o)
                                         0x80 (size before relaxing)
 *fill*         0x000000000800b554        0x4 
 .rodata.__mprec_bigtens
                0x000000000800b558       0x28 c:/xpack-arm-none-eabi-gcc/bin/../lib/gcc/arm-none-eabi/11.2.1/../../../../arm-none-eabi/lib/thumb/v7e-m/nofp\libc.a(lib_a-mprec.o)
                0x000000000800b558                __mprec_bigtens
 .rodata.__mprec_tens
                0x000000000800b580       0xc8 c:/xpack-arm-none-eabi-gcc/bin/../lib/gcc/arm-none-eabi/11.2.1/../../../../arm-none-eabi/lib/thumb/v7e-m/nofp\libc.a(lib_a-mprec.o)
                0x000000000800b580                __mprec_tens
 .rodata.__mprec_tinytens
                0x000000000800b648       0x28 c:/xpack-arm-none-eabi-gcc/bin/../lib/gcc/arm-none-eabi/11.2.1/../../../../arm-none-eabi/lib/thumb/v7e-m/nofp\libc.a(lib_a-mprec.o)
                0x000000000800b648                __mprec_tinytens
 .rodata.p05.0  0x000000000800b670        0xc c:/xpack-arm-none-eabi-gcc/bin/../lib/gcc/arm-none-eabi/11.2.1/../../../../arm-none-eabi/lib/thumb/v7e-m/nofp\libc.a(lib_a-mprec.o)
 .rodata._vfiprintf_r.str1.4
                0x000000000800b67c       0x2f c:/xpack-arm-none-eabi-gcc/bin/../lib/gcc/arm-none-eabi/11.2.1/../../../../arm-none-eabi/lib/thumb/v7e-m/nofp\libc.a(lib_a-vfiprintf.o)
 .rodata.blanks.1
                0x000000000800b67c       0x10 c:/xpack-arm-none-eabi-gcc/bin/../lib/gcc/arm-none-eabi/11.2.1/../../../../arm-none-eabi/lib/thumb/v7e-m/nofp\libc.a(lib_a-vfiprintf.o)
 .rodata.zeroes.0
                0x000000000800b68c       0x10 c:/xpack-arm-none-eabi-gcc/bin/../lib/gcc/arm-none-eabi/11.2.1/../../../../arm-none-eabi/lib/thumb/v7e-m/nofp\libc.a(lib_a-vfiprintf.o)
 .rodata.__assert_func.str1.4
                0x000000000800b69c       0x3f c:/xpack-arm-none-eabi-gcc/bin/../lib/gcc/arm-none-eabi/11.2.1/../../../../arm-none-eabi/lib/thumb/v7e-m/nofp\libc.a(lib_a-assert.o)
                                         0x43 (size before relaxing)
 *fill*         0x000000000800b6db        0x1 
 .rodata._ctype_
                0x000000000800b6dc      0x101 c:/xpack-arm-none-eabi-gcc/bin/../lib/gcc/arm-none-eabi/11.2.1/../../../../arm-none-eabi/lib/thumb/v7e-m/nofp\libc.a(lib_a-ctype_.o)
                0x000000000800b6dc                _ctype_
 *fill*         0x000000000800b7dd        0x3 
 .rodata.all_implied_fbits
                0x000000000800b7e0       0x24 c:/xpack-arm-none-eabi-gcc/bin/../lib/gcc/arm-none-eabi/11.2.1/thumb/v7e-m/nofp/crtend.o
                0x000000000800b804                . = ALIGN (0x4)

.ARM.extab      0x000000000800b804        0x0
 .ARM.extab     0x000000000800b804        0x0 c:/xpack-arm-none-eabi-gcc/bin/../lib/gcc/arm-none-eabi/11.2.1/../../../../arm-none-eabi/lib/thumb/v7e-m/nofp/rdimon-crt0.o

.ARM.extab.text._swiread
                0x000000000800b804        0x0
 .ARM.extab.text._swiread
                0x000000000800b804        0x0 c:/xpack-arm-none-eabi-gcc/bin/../lib/gcc/arm-none-eabi/11.2.1/../../../../arm-none-eabi/lib/thumb/v7e-m/nofp\librdimon.a(rdimon-syscalls.o)

.ARM.extab.text._read
                0x000000000800b804        0x0
 .ARM.extab.text._read
                0x000000000800b804        0x0 c:/xpack-arm-none-eabi-gcc/bin/../lib/gcc/arm-none-eabi/11.2.1/../../../../arm-none-eabi/lib/thumb/v7e-m/nofp\librdimon.a(rdimon-syscalls.o)

.ARM.extab.text._swilseek
                0x000000000800b804        0x0
 .ARM.extab.text._swilseek
                0x000000000800b804        0x0 c:/xpack-arm-none-eabi-gcc/bin/../lib/gcc/arm-none-eabi/11.2.1/../../../../arm-none-eabi/lib/thumb/v7e-m/nofp\librdimon.a(rdimon-syscalls.o)

.ARM.extab.text._lseek
                0x000000000800b804        0x0
 .ARM.extab.text._lseek
                0x000000000800b804        0x0 c:/xpack-arm-none-eabi-gcc/bin/../lib/gcc/arm-none-eabi/11.2.1/../../../../arm-none-eabi/lib/thumb/v7e-m/nofp\librdimon.a(rdimon-syscalls.o)

.ARM.extab.text._swiwrite
                0x000000000800b804        0x0
 .ARM.extab.text._swiwrite
                0x000000000800b804        0x0 c:/xpack-arm-none-eabi-gcc/bin/../lib/gcc/arm-none-eabi/11.2.1/../../../../arm-none-eabi/lib/thumb/v7e-m/nofp\librdimon.a(rdimon-syscalls.o)

.ARM.extab.text._write
                0x000000000800b804        0x0
 .ARM.extab.text._write
                0x000000000800b804        0x0 c:/xpack-arm-none-eabi-gcc/bin/../lib/gcc/arm-none-eabi/11.2.1/../../../../arm-none-eabi/lib/thumb/v7e-m/nofp\librdimon.a(rdimon-syscalls.o)

.ARM.extab.text._swiclose
                0x000000000800b804        0x0
 .ARM.extab.text._swiclose
                0x000000000800b804        0x0 c:/xpack-arm-none-eabi-gcc/bin/../lib/gcc/arm-none-eabi/11.2.1/../../../../arm-none-eabi/lib/thumb/v7e-m/nofp\librdimon.a(rdimon-syscalls.o)

.ARM.extab.text._close
                0x000000000800b804        0x0
 .ARM.extab.text._close
                0x000000000800b804        0x0 c:/xpack-arm-none-eabi-gcc/bin/../lib/gcc/arm-none-eabi/11.2.1/../../../../arm-none-eabi/lib/thumb/v7e-m/nofp\librdimon.a(rdimon-syscalls.o)

.ARM.extab.text._getpid
                0x000000000800b804        0x0
 .ARM.extab.text._getpid
                0x000000000800b804        0x0 c:/xpack-arm-none-eabi-gcc/bin/../lib/gcc/arm-none-eabi/11.2.1/../../../../arm-none-eabi/lib/thumb/v7e-m/nofp\librdimon.a(rdimon-syscalls.o)

.ARM.extab.text._sbrk
                0x000000000800b804        0x0
 .ARM.extab.text._sbrk
                0x000000000800b804        0x0 c:/xpack-arm-none-eabi-gcc/bin/../lib/gcc/arm-none-eabi/11.2.1/../../../../arm-none-eabi/lib/thumb/v7e-m/nofp\librdimon.a(rdimon-syscalls.o)

.ARM.extab.text._swistat
                0x000000000800b804        0x0
 .ARM.extab.text._swistat
                0x000000000800b804        0x0 c:/xpack-arm-none-eabi-gcc/bin/../lib/gcc/arm-none-eabi/11.2.1/../../../../arm-none-eabi/lib/thumb/v7e-m/nofp\librdimon.a(rdimon-syscalls.o)

.ARM.extab.text._fstat
                0x000000000800b804        0x0
 .ARM.extab.text._fstat
                0x000000000800b804        0x0 c:/xpack-arm-none-eabi-gcc/bin/../lib/gcc/arm-none-eabi/11.2.1/../../../../arm-none-eabi/lib/thumb/v7e-m/nofp\librdimon.a(rdimon-syscalls.o)

.ARM.extab.text._stat
                0x000000000800b804        0x0
 .ARM.extab.text._stat
                0x000000000800b804        0x0 c:/xpack-arm-none-eabi-gcc/bin/../lib/gcc/arm-none-eabi/11.2.1/../../../../arm-none-eabi/lib/thumb/v7e-m/nofp\librdimon.a(rdimon-syscalls.o)

.ARM.extab.text._swiopen
                0x000000000800b804        0x0
 .ARM.extab.text._swiopen
                0x000000000800b804        0x0 c:/xpack-arm-none-eabi-gcc/bin/../lib/gcc/arm-none-eabi/11.2.1/../../../../arm-none-eabi/lib/thumb/v7e-m/nofp\librdimon.a(rdimon-syscalls.o)

.ARM.extab.text._open
                0x000000000800b804        0xc
 .ARM.extab.text._open
                0x000000000800b804        0xc c:/xpack-arm-none-eabi-gcc/bin/../lib/gcc/arm-none-eabi/11.2.1/../../../../arm-none-eabi/lib/thumb/v7e-m/nofp\librdimon.a(rdimon-syscalls.o)

.ARM.extab.text._get_semihosting_exts
                0x000000000800b810        0x0
 .ARM.extab.text._get_semihosting_exts