Archive member included to satisfy reference by file (symbol)

c:/xpack-arm-none-eabi-gcc/bin/../lib/gcc/arm-none-eabi/11.2.1/../../../../arm-none-eabi/lib/thumb/v7e-m/nofp\libg_nano.a(lib_a-atexit.o)
                              c:/xpack-arm-none-eabi-gcc/bin/../lib/gcc/arm-none-eabi/11.2.1/../../../../arm-none-eabi/lib/thumb/v7e-m/nofp/crt0.o (atexit)
c:/xpack-arm-none-eabi-gcc/bin/../lib/gcc/arm-none-eabi/11.2.1/../../../../arm-none-eabi/lib/thumb/v7e-m/nofp\libg_nano.a(lib_a-exit.o)
                              c:/xpack-arm-none-eabi-gcc/bin/../lib/gcc/arm-none-eabi/11.2.1/../../../../arm-none-eabi/lib/thumb/v7e-m/nofp/crt0.o (exit)
c:/xpack-arm-none-eabi-gcc/bin/../lib/gcc/arm-none-eabi/11.2.1/../../../../arm-none-eabi/lib/thumb/v7e-m/nofp\libg_nano.a(lib_a-fini.o)
                              c:/xpack-arm-none-eabi-gcc/bin/../lib/gcc/arm-none-eabi/11.2.1/../../../../arm-none-eabi/lib/thumb/v7e-m/nofp/crt0.o (__libc_fini_array)
c:/xpack-arm-none-eabi-gcc/bin/../lib/gcc/arm-none-eabi/11.2.1/../../../../arm-none-eabi/lib/thumb/v7e-m/nofp\libg_nano.a(lib_a-impure.o)
                              c:/xpack-arm-none-eabi-gcc/bin/../lib/gcc/arm-none-eabi/11.2.1/../../../../arm-none-eabi/lib/thumb/v7e-m/nofp\libg_nano.a(lib_a-exit.o) (_global_impure_ptr)
c:/xpack-arm-none-eabi-gcc/bin/../lib/gcc/arm-none-eabi/11.2.1/../../../../arm-none-eabi/lib/thumb/v7e-m/nofp\libg_nano.a(lib_a-init.o)
                              c:/xpack-arm-none-eabi-gcc/bin/../lib/gcc/arm-none-eabi/11.2.1/../../../../arm-none-eabi/lib/thumb/v7e-m/nofp/crt0.o (__libc_init_array)
c:/xpack-arm-none-eabi-gcc/bin/../lib/gcc/arm-none-eabi/11.2.1/../../../../arm-none-eabi/lib/thumb/v7e-m/nofp\libg_nano.a(lib_a-memset.o)
                              c:/xpack-arm-none-eabi-gcc/bin/../lib/gcc/arm-none-eabi/11.2.1/../../../../arm-none-eabi/lib/thumb/v7e-m/nofp/crt0.o (memset)
c:/xpack-arm-none-eabi-gcc/bin/../lib/gcc/arm-none-eabi/11.2.1/../../../../arm-none-eabi/lib/thumb/v7e-m/nofp\libg_nano.a(lib_a-printf.o)
                              C:\Users\vqtrong\AppData\Roaming\MOBAXT~1\slash\tmp\ccqMjMXs.o (printf)
c:/xpack-arm-none-eabi-gcc/bin/../lib/gcc/arm-none-eabi/11.2.1/../../../../arm-none-eabi/lib/thumb/v7e-m/nofp\libg_nano.a(lib_a-__atexit.o)
                              c:/xpack-arm-none-eabi-gcc/bin/../lib/gcc/arm-none-eabi/11.2.1/../../../../arm-none-eabi/lib/thumb/v7e-m/nofp\libg_nano.a(lib_a-atexit.o) (__register_exitproc)
c:/xpack-arm-none-eabi-gcc/bin/../lib/gcc/arm-none-eabi/11.2.1/../../../../arm-none-eabi/lib/thumb/v7e-m/nofp\libg_nano.a(lib_a-__call_atexit.o)
                              c:/xpack-arm-none-eabi-gcc/bin/../lib/gcc/arm-none-eabi/11.2.1/../../../../arm-none-eabi/lib/thumb/v7e-m/nofp\libg_nano.a(lib_a-__atexit.o) (__call_exitprocs)
c:/xpack-arm-none-eabi-gcc/bin/../lib/gcc/arm-none-eabi/11.2.1/../../../../arm-none-eabi/lib/thumb/v7e-m/nofp\libg_nano.a(lib_a-findfp.o)
                              c:/xpack-arm-none-eabi-gcc/bin/../lib/gcc/arm-none-eabi/11.2.1/../../../../arm-none-eabi/lib/thumb/v7e-m/nofp\libg_nano.a(lib_a-printf.o) (__sinit)
c:/xpack-arm-none-eabi-gcc/bin/../lib/gcc/arm-none-eabi/11.2.1/../../../../arm-none-eabi/lib/thumb/v7e-m/nofp\libg_nano.a(lib_a-fwalk.o)
                              c:/xpack-arm-none-eabi-gcc/bin/../lib/gcc/arm-none-eabi/11.2.1/../../../../arm-none-eabi/lib/thumb/v7e-m/nofp\libg_nano.a(lib_a-findfp.o) (_fwalk)
c:/xpack-arm-none-eabi-gcc/bin/../lib/gcc/arm-none-eabi/11.2.1/../../../../arm-none-eabi/lib/thumb/v7e-m/nofp\libg_nano.a(lib_a-nano-mallocr.o)
                              c:/xpack-arm-none-eabi-gcc/bin/../lib/gcc/arm-none-eabi/11.2.1/../../../../arm-none-eabi/lib/thumb/v7e-m/nofp\libg_nano.a(lib_a-findfp.o) (_malloc_r)
c:/xpack-arm-none-eabi-gcc/bin/../lib/gcc/arm-none-eabi/11.2.1/../../../../arm-none-eabi/lib/thumb/v7e-m/nofp\libg_nano.a(lib_a-nano-vfprintf.o)
                              c:/xpack-arm-none-eabi-gcc/bin/../lib/gcc/arm-none-eabi/11.2.1/../../../../arm-none-eabi/lib/thumb/v7e-m/nofp\libg_nano.a(lib_a-printf.o) (_vfprintf_r)
c:/xpack-arm-none-eabi-gcc/bin/../lib/gcc/arm-none-eabi/11.2.1/../../../../arm-none-eabi/lib/thumb/v7e-m/nofp\libg_nano.a(lib_a-sbrkr.o)
                              c:/xpack-arm-none-eabi-gcc/bin/../lib/gcc/arm-none-eabi/11.2.1/../../../../arm-none-eabi/lib/thumb/v7e-m/nofp\libg_nano.a(lib_a-nano-mallocr.o) (_sbrk_r)
c:/xpack-arm-none-eabi-gcc/bin/../lib/gcc/arm-none-eabi/11.2.1/../../../../arm-none-eabi/lib/thumb/v7e-m/nofp\libg_nano.a(lib_a-stdio.o)
                              c:/xpack-arm-none-eabi-gcc/bin/../lib/gcc/arm-none-eabi/11.2.1/../../../../arm-none-eabi/lib/thumb/v7e-m/nofp\libg_nano.a(lib_a-findfp.o) (__sread)
c:/xpack-arm-none-eabi-gcc/bin/../lib/gcc/arm-none-eabi/11.2.1/../../../../arm-none-eabi/lib/thumb/v7e-m/nofp\libg_nano.a(lib_a-wbuf.o)
[...]
Memory Configuration

Name             Origin             Length             Attributes
RAM              0x0000000020000000 0x0000000000020000 xrw
FLASH            0x0000000008000000 0x0000000000080000 xr
*default*        0x0000000000000000 0xffffffffffffffff

Linker script and memory map

LOAD c:/xpack-arm-none-eabi-gcc/bin/../lib/gcc/arm-none-eabi/11.2.1/thumb/v7e-m/nofp/crti.o
LOAD c:/xpack-arm-none-eabi-gcc/bin/../lib/gcc/arm-none-eabi/11.2.1/thumb/v7e-m/nofp/crtbegin.o
LOAD c:/xpack-arm-none-eabi-gcc/bin/../lib/gcc/arm-none-eabi/11.2.1/../../../../arm-none-eabi/lib/thumb/v7e-m/nofp/crt0.o
LOAD C:\Users\vqtrong\AppData\Roaming\MOBAXT~1\slash\tmp\ccqMjMXs.o
LOAD C:\Users\vqtrong\AppData\Roaming\MOBAXT~1\slash\tmp\cc2Vr8HG.o
LOAD C:\Users\vqtrong\AppData\Roaming\MOBAXT~1\slash\tmp\ccaAPgDS.o
LOAD C:\Users\vqtrong\AppData\Roaming\MOBAXT~1\slash\tmp\cccBuhn7.o
START GROUP
LOAD c:/xpack-arm-none-eabi-gcc/bin/../lib/gcc/arm-none-eabi/11.2.1/thumb/v7e-m/nofp\libgcc.a
LOAD c:/xpack-arm-none-eabi-gcc/bin/../lib/gcc/arm-none-eabi/11.2.1/../../../../arm-none-eabi/lib/thumb/v7e-m/nofp\libg_nano.a
LOAD c:/xpack-arm-none-eabi-gcc/bin/../lib/gcc/arm-none-eabi/11.2.1/../../../../arm-none-eabi/lib/thumb/v7e-m/nofp\libc_nano.a
END GROUP
START GROUP
LOAD c:/xpack-arm-none-eabi-gcc/bin/../lib/gcc/arm-none-eabi/11.2.1/thumb/v7e-m/nofp\libgcc.a
LOAD c:/xpack-arm-none-eabi-gcc/bin/../lib/gcc/arm-none-eabi/11.2.1/../../../../arm-none-eabi/lib/thumb/v7e-m/nofp\libc_nano.a
LOAD c:/xpack-arm-none-eabi-gcc/bin/../lib/gcc/arm-none-eabi/11.2.1/../../../../arm-none-eabi/lib/thumb/v7e-m/nofp\libnosys.a
END GROUP
START GROUP
LOAD c:/xpack-arm-none-eabi-gcc/bin/../lib/gcc/arm-none-eabi/11.2.1/thumb/v7e-m/nofp\libgcc.a
LOAD c:/xpack-arm-none-eabi-gcc/bin/../lib/gcc/arm-none-eabi/11.2.1/../../../../arm-none-eabi/lib/thumb/v7e-m/nofp\libc_nano.a
LOAD c:/xpack-arm-none-eabi-gcc/bin/../lib/gcc/arm-none-eabi/11.2.1/../../../../arm-none-eabi/lib/thumb/v7e-m/nofp\libnosys.a
END GROUP
LOAD c:/xpack-arm-none-eabi-gcc/bin/../lib/gcc/arm-none-eabi/11.2.1/thumb/v7e-m/nofp/crtend.o
LOAD c:/xpack-arm-none-eabi-gcc/bin/../lib/gcc/arm-none-eabi/11.2.1/thumb/v7e-m/nofp/crtn.o
                0x0000000020020000                _estack = (ORIGIN (RAM) + LENGTH (RAM))
                0x0000000000000200                _Min_Heap_Size = 0x200
                0x0000000000000400                _Min_Stack_Size = 0x400

.isr_vector     0x0000000008000000      0x198
                0x0000000008000000                . = ALIGN (0x4)
 *(.isr_vector)
 .isr_vector    0x0000000008000000      0x198 C:\Users\vqtrong\AppData\Roaming\MOBAXT~1\slash\tmp\ccaAPgDS.o
                0x0000000008000000                vector_table
                0x0000000008000198                . = ALIGN (0x4)

.text           0x00000000080001a0     0x18e0
                0x00000000080001a0                . = ALIGN (0x4)
 *(.text)
 .text          0x00000000080001a0        0x0 c:/xpack-arm-none-eabi-gcc/bin/../lib/gcc/arm-none-eabi/11.2.1/thumb/v7e-m/nofp/crti.o
 .text          0x00000000080001a0        0x0 c:/xpack-arm-none-eabi-gcc/bin/../lib/gcc/arm-none-eabi/11.2.1/thumb/v7e-m/nofp/crtbegin.o
 .text          0x00000000080001a0       0x70 c:/xpack-arm-none-eabi-gcc/bin/../lib/gcc/arm-none-eabi/11.2.1/../../../../arm-none-eabi/lib/thumb/v7e-m/nofp/crt0.o
                0x00000000080001a0                _stack_init
                0x00000000080001a8                _start
                0x00000000080001a8                _mainCRTStartup
 .text          0x0000000008000210       0x88 C:\Users\vqtrong\AppData\Roaming\MOBAXT~1\slash\tmp\ccqMjMXs.o
                0x0000000008000210                main
 .text          0x0000000008000298       0x2c C:\Users\vqtrong\AppData\Roaming\MOBAXT~1\slash\tmp\cc2Vr8HG.o
                0x0000000008000298                delay
 .text          0x00000000080002c4        0x6 C:\Users\vqtrong\AppData\Roaming\MOBAXT~1\slash\tmp\ccaAPgDS.o
                0x00000000080002c4                RTC_Alarm_IRQHandler
                0x00000000080002c4                EXTI2_IRQHandler
                0x00000000080002c4                DebugMon_Handler
                0x00000000080002c4                SPI4_IRQHandler
                0x00000000080002c4                TIM1_CC_IRQHandler
                0x00000000080002c4                DMA2_Stream5_IRQHandler
                0x00000000080002c4                HardFault_Handler
                0x00000000080002c4                DMA1_Stream5_IRQHandler
                0x00000000080002c4                SysTick_Handler
                0x00000000080002c4                PVD_IRQHandler
                0x00000000080002c4                SDIO_IRQHandler
                0x00000000080002c4                TAMP_STAMP_IRQHandler
                0x00000000080002c4                PendSV_Handler
                0x00000000080002c4                NMI_Handler
                0x00000000080002c4                EXTI3_IRQHandler
                0x00000000080002c4                TIM1_UP_TIM10_IRQHandler
                0x00000000080002c4                I2C3_ER_IRQHandler
                0x00000000080002c4                EXTI0_IRQHandler
                0x00000000080002c4                I2C2_EV_IRQHandler
                0x00000000080002c4                DMA1_Stream2_IRQHandler
                0x00000000080002c4                FPU_IRQHandler
                0x00000000080002c4                UsageFault_Handler
                0x00000000080002c4                DMA2_Stream2_IRQHandler
                0x00000000080002c4                SPI1_IRQHandler
                0x00000000080002c4                TIM1_BRK_TIM9_IRQHandler
                0x00000000080002c4                DMA2_Stream3_IRQHandler
                0x00000000080002c4                USART6_IRQHandler
                0x00000000080002c4                DMA2_Stream0_IRQHandler
                0x00000000080002c4                TIM4_IRQHandler
                0x00000000080002c4                I2C1_EV_IRQHandler
                0x00000000080002c4                DMA1_Stream6_IRQHandler
                0x00000000080002c4                DMA1_Stream1_IRQHandler
                0x00000000080002c4                TIM3_IRQHandler
                0x00000000080002c4                RCC_IRQHandler
                0x00000000080002c4                Default_Handler
                0x00000000080002c4                EXTI15_10_IRQHandler
                0x00000000080002c4                ADC_IRQHandler
                0x00000000080002c4                DMA1_Stream7_IRQHandler
                0x00000000080002c4                SPI5_IRQHandler
                0x00000000080002c4                TIM5_IRQHandler
                0x00000000080002c4                DMA2_Stream7_IRQHandler
                0x00000000080002c4                I2C3_EV_IRQHandler
                0x00000000080002c4                EXTI9_5_IRQHandler
                0x00000000080002c4                RTC_WKUP_IRQHandler
                0x00000000080002c4                SPI2_IRQHandler
                0x00000000080002c4                MemManage_Handler
                0x00000000080002c4                DMA1_Stream0_IRQHandler
                0x00000000080002c4                SVC_Handler
                0x00000000080002c4                EXTI4_IRQHandler
                0x00000000080002c4                WWDG_IRQHandler
                0x00000000080002c4                TIM2_IRQHandler
                0x00000000080002c4                OTG_FS_WKUP_IRQHandler
                0x00000000080002c4                TIM1_TRG_COM_TIM11_IRQHandler
                0x00000000080002c4                EXTI1_IRQHandler
                0x00000000080002c4                USART2_IRQHandler
                0x00000000080002c4                I2C2_ER_IRQHandler
                0x00000000080002c4                DMA2_Stream1_IRQHandler
                0x00000000080002c4                FLASH_IRQHandler
                0x00000000080002c4                DMA2_Stream4_IRQHandler
                0x00000000080002c4                BusFault_Handler
                0x00000000080002c4                USART1_IRQHandler
                0x00000000080002c4                OTG_FS_IRQHandler
                0x00000000080002c4                SPI3_IRQHandler
                0x00000000080002c4                DMA1_Stream4_IRQHandler
                0x00000000080002c4                I2C1_ER_IRQHandler
                0x00000000080002c4                DMA2_Stream6_IRQHandler
                0x00000000080002c4                DMA1_Stream3_IRQHandler
 *fill*         0x00000000080002ca        0x2 
 .text          0x00000000080002cc       0x88 C:\Users\vqtrong\AppData\Roaming\MOBAXT~1\slash\tmp\cccBuhn7.o
                0x00000000080002cc                Reset_Handler
 .text          0x0000000008000354        0x0 c:/xpack-arm-none-eabi-gcc/bin/../lib/gcc/arm-none-eabi/11.2.1/../../../../arm-none-eabi/lib/thumb/v7e-m/nofp\libg_nano.a(lib_a-atexit.o)
 .text          0x0000000008000354        0x0 c:/xpack-arm-none-eabi-gcc/bin/../lib/gcc/arm-none-eabi/11.2.1/../../../../arm-none-eabi/lib/thumb/v7e-m/nofp\libg_nano.a(lib_a-exit.o)
 .text          0x0000000008000354        0x0 c:/xpack-arm-none-eabi-gcc/bin/../lib/gcc/arm-none-eabi/11.2.1/../../../../arm-none-eabi/lib/thumb/v7e-m/nofp\libg_nano.a(lib_a-fini.o)
 .text          0x0000000008000354        0x0 c:/xpack-arm-none-eabi-gcc/bin/../lib/gcc/arm-none-eabi/11.2.1/../../../../arm-none-eabi/lib/thumb/v7e-m/nofp\libg_nano.a(lib_a-impure.o)
 .text          0x0000000008000354        0x0 c:/xpack-arm-none-eabi-gcc/bin/../lib/gcc/arm-none-eabi/11.2.1/../../../../arm-none-eabi/lib/thumb/v7e-m/nofp\libg_nano.a(lib_a-init.o)
 .text          0x0000000008000354        0x0 c:/xpack-arm-none-eabi-gcc/bin/../lib/gcc/arm-none-eabi/11.2.1/../../../../arm-none-eabi/lib/thumb/v7e-m/nofp\libg_nano.a(lib_a-memset.o)
 .text          0x0000000008000354        0x0 c:/xpack-arm-none-eabi-gcc/bin/../lib/gcc/arm-none-eabi/11.2.1/../../../../arm-none-eabi/lib/thumb/v7e-m/nofp\libg_nano.a(lib_a-printf.o)
 .text          0x0000000008000354        0x0 c:/xpack-arm-none-eabi-gcc/bin/../lib/gcc/arm-none-eabi/11.2.1/../../../../arm-none-eabi/lib/thumb/v7e-m/nofp\libg_nano.a(lib_a-__atexit.o)
 .text          0x0000000008000354        0x0 c:/xpack-arm-none-eabi-gcc/bin/../lib/gcc/arm-none-eabi/11.2.1/../../../../arm-none-eabi/lib/thumb/v7e-m/nofp\libg_nano.a(lib_a-__call_atexit.o)
 .text          0x0000000008000354        0x0 c:/xpack-arm-none-eabi-gcc/bin/../lib/gcc/arm-none-eabi/11.2.1/../../../../arm-none-eabi/lib/thumb/v7e-m/nofp\libg_nano.a(lib_a-findfp.o)
 .text          0x0000000008000354        0x0 c:/xpack-arm-none-eabi-gcc/bin/../lib/gcc/arm-none-eabi/11.2.1/../../../../arm-none-eabi/lib/thumb/v7e-m/nofp\libg_nano.a(lib_a-fwalk.o)
 .text          0x0000000008000354        0x0 c:/xpack-arm-none-eabi-gcc/bin/../lib/gcc/arm-none-eabi/11.2.1/../../../../arm-none-eabi/lib/thumb/v7e-m/nofp\libg_nano.a(lib_a-nano-mallocr.o)
 .text          0x0000000008000354        0x0 c:/xpack-arm-none-eabi-gcc/bin/../lib/gcc/arm-none-eabi/11.2.1/../../../../arm-none-eabi/lib/thumb/v7e-m/nofp\libg_nano.a(lib_a-nano-vfprintf.o)
 .text          0x0000000008000354        0x0 c:/xpack-arm-none-eabi-gcc/bin/../lib/gcc/arm-none-eabi/11.2.1/../../../../arm-none-eabi/lib/thumb/v7e-m/nofp\libg_nano.a(lib_a-sbrkr.o)
 .text          0x0000000008000354        0x0 c:/xpack-arm-none-eabi-gcc/bin/../lib/gcc/arm-none-eabi/11.2.1/../../../../arm-none-eabi/lib/thumb/v7e-m/nofp\libg_nano.a(lib_a-stdio.o)
 .text          0x0000000008000354        0x0 c:/xpack-arm-none-eabi-gcc/bin/../lib/gcc/arm-none-eabi/11.2.1/../../../../arm-none-eabi/lib/thumb/v7e-m/nofp\libg_nano.a(lib_a-wbuf.o)
 .text          0x0000000008000354        0x0 c:/xpack-arm-none-eabi-gcc/bin/../lib/gcc/arm-none-eabi/11.2.1/../../../../arm-none-eabi/lib/thumb/v7e-m/nofp\libg_nano.a(lib_a-writer.o)
 .text          0x0000000008000354        0x0 c:/xpack-arm-none-eabi-gcc/bin/../lib/gcc/arm-none-eabi/11.2.1/../../../../arm-none-eabi/lib/thumb/v7e-m/nofp\libg_nano.a(lib_a-wsetup.o)
 .text          0x0000000008000354        0x0 c:/xpack-arm-none-eabi-gcc/bin/../lib/gcc/arm-none-eabi/11.2.1/../../../../arm-none-eabi/lib/thumb/v7e-m/nofp\libg_nano.a(lib_a-closer.o)
 .text          0x0000000008000354        0x0 c:/xpack-arm-none-eabi-gcc/bin/../lib/gcc/arm-none-eabi/11.2.1/../../../../arm-none-eabi/lib/thumb/v7e-m/nofp\libg_nano.a(lib_a-fflush.o)
 .text          0x0000000008000354        0x0 c:/xpack-arm-none-eabi-gcc/bin/../lib/gcc/arm-none-eabi/11.2.1/../../../../arm-none-eabi/lib/thumb/v7e-m/nofp\libg_nano.a(lib_a-fvwrite.o)
 .text          0x0000000008000354        0x0 c:/xpack-arm-none-eabi-gcc/bin/../lib/gcc/arm-none-eabi/11.2.1/../../../../arm-none-eabi/lib/thumb/v7e-m/nofp\libg_nano.a(lib_a-lseekr.o)
 .text          0x0000000008000354        0x0 c:/xpack-arm-none-eabi-gcc/bin/../lib/gcc/arm-none-eabi/11.2.1/../../../../arm-none-eabi/lib/thumb/v7e-m/nofp\libg_nano.a(lib_a-makebuf.o)
 *fill*         0x0000000008000354        0xc 
 .text          0x0000000008000360       0xa0 c:/xpack-arm-none-eabi-gcc/bin/../lib/gcc/arm-none-eabi/11.2.1/../../../../arm-none-eabi/lib/thumb/v7e-m/nofp\libg_nano.a(lib_a-memchr.o)
                0x0000000008000360                memchr
 .text          0x0000000008000400        0x0 c:/xpack-arm-none-eabi-gcc/bin/../lib/gcc/arm-none-eabi/11.2.1/../../../../arm-none-eabi/lib/thumb/v7e-m/nofp\libg_nano.a(lib_a-memcpy-stub.o)
 .text          0x0000000008000400        0x0 c:/xpack-arm-none-eabi-gcc/bin/../lib/gcc/arm-none-eabi/11.2.1/../../../../arm-none-eabi/lib/thumb/v7e-m/nofp\libg_nano.a(lib_a-memmove.o)
 .text          0x0000000008000400        0x0 c:/xpack-arm-none-eabi-gcc/bin/../lib/gcc/arm-none-eabi/11.2.1/../../../../arm-none-eabi/lib/thumb/v7e-m/nofp\libg_nano.a(lib_a-mlock.o)
 .text          0x0000000008000400        0x0 c:/xpack-arm-none-eabi-gcc/bin/../lib/gcc/arm-none-eabi/11.2.1/../../../../arm-none-eabi/lib/thumb/v7e-m/nofp\libg_nano.a(lib_a-nano-freer.o)
 .text          0x0000000008000400        0x0 c:/xpack-arm-none-eabi-gcc/bin/../lib/gcc/arm-none-eabi/11.2.1/../../../../arm-none-eabi/lib/thumb/v7e-m/nofp\libg_nano.a(lib_a-nano-reallocr.o)
 .text          0x0000000008000400        0x0 c:/xpack-arm-none-eabi-gcc/bin/../lib/gcc/arm-none-eabi/11.2.1/../../../../arm-none-eabi/lib/thumb/v7e-m/nofp\libg_nano.a(lib_a-nano-vfprintf_i.o)
 .text          0x0000000008000400        0x0 c:/xpack-arm-none-eabi-gcc/bin/../lib/gcc/arm-none-eabi/11.2.1/../../../../arm-none-eabi/lib/thumb/v7e-m/nofp\libg_nano.a(lib_a-readr.o)
 .text          0x0000000008000400        0x0 c:/xpack-arm-none-eabi-gcc/bin/../lib/gcc/arm-none-eabi/11.2.1/../../../../arm-none-eabi/lib/thumb/v7e-m/nofp\libg_nano.a(lib_a-reent.o)
 .text          0x0000000008000400        0x0 c:/xpack-arm-none-eabi-gcc/bin/../lib/gcc/arm-none-eabi/11.2.1/../../../../arm-none-eabi/lib/thumb/v7e-m/nofp\libg_nano.a(lib_a-fstatr.o)
 .text          0x0000000008000400        0x0 c:/xpack-arm-none-eabi-gcc/bin/../lib/gcc/arm-none-eabi/11.2.1/../../../../arm-none-eabi/lib/thumb/v7e-m/nofp\libg_nano.a(lib_a-isattyr.o)
 .text          0x0000000008000400        0x0 c:/xpack-arm-none-eabi-gcc/bin/../lib/gcc/arm-none-eabi/11.2.1/../../../../arm-none-eabi/lib/thumb/v7e-m/nofp\libg_nano.a(lib_a-nano-msizer.o)
 .text          0x0000000008000400        0x0 c:/xpack-arm-none-eabi-gcc/bin/../lib/gcc/arm-none-eabi/11.2.1/../../../../arm-none-eabi/lib/thumb/v7e-m/nofp\libnosys.a(close.o)
 .text          0x0000000008000400        0x0 c:/xpack-arm-none-eabi-gcc/bin/../lib/gcc/arm-none-eabi/11.2.1/../../../../arm-none-eabi/lib/thumb/v7e-m/nofp\libnosys.a(fstat.o)
 .text          0x0000000008000400        0x0 c:/xpack-arm-none-eabi-gcc/bin/../lib/gcc/arm-none-eabi/11.2.1/../../../../arm-none-eabi/lib/thumb/v7e-m/nofp\libnosys.a(isatty.o)
 .text          0x0000000008000400        0x0 c:/xpack-arm-none-eabi-gcc/bin/../lib/gcc/arm-none-eabi/11.2.1/../../../../arm-none-eabi/lib/thumb/v7e-m/nofp\libnosys.a(lseek.o)
 .text          0x0000000008000400        0x0 c:/xpack-arm-none-eabi-gcc/bin/../lib/gcc/arm-none-eabi/11.2.1/../../../../arm-none-eabi/lib/thumb/v7e-m/nofp\libnosys.a(read.o)
 .text          0x0000000008000400        0x0 c:/xpack-arm-none-eabi-gcc/bin/../lib/gcc/arm-none-eabi/11.2.1/../../../../arm-none-eabi/lib/thumb/v7e-m/nofp\libnosys.a(sbrk.o)
 .text          0x0000000008000400        0x0 c:/xpack-arm-none-eabi-gcc/bin/../lib/gcc/arm-none-eabi/11.2.1/../../../../arm-none-eabi/lib/thumb/v7e-m/nofp\libnosys.a(write.o)
 .text          0x0000000008000400        0x0 c:/xpack-arm-none-eabi-gcc/bin/../lib/gcc/arm-none-eabi/11.2.1/../../../../arm-none-eabi/lib/thumb/v7e-m/nofp\libnosys.a(_exit.o)
 .text          0x0000000008000400        0x0 c:/xpack-arm-none-eabi-gcc/bin/../lib/gcc/arm-none-eabi/11.2.1/thumb/v7e-m/nofp/crtend.o
 .text          0x0000000008000400        0x0 c:/xpack-arm-none-eabi-gcc/bin/../lib/gcc/arm-none-eabi/11.2.1/thumb/v7e-m/nofp/crtn.o
 *(.text*)
 .text.deregister_tm_clones
                0x0000000008000400       0x1c c:/xpack-arm-none-eabi-gcc/bin/../lib/gcc/arm-none-eabi/11.2.1/thumb/v7e-m/nofp/crtbegin.o
 .text.register_tm_clones
                0x000000000800041c       0x24 c:/xpack-arm-none-eabi-gcc/bin/../lib/gcc/arm-none-eabi/11.2.1/thumb/v7e-m/nofp/crtbegin.o
 .text.__do_global_dtors_aux
                0x0000000008000440       0x28 c:/xpack-arm-none-eabi-gcc/bin/../lib/gcc/arm-none-eabi/11.2.1/thumb/v7e-m/nofp/crtbegin.o
 .text.frame_dummy
                0x0000000008000468       0x24 c:/xpack-arm-none-eabi-gcc/bin/../lib/gcc/arm-none-eabi/11.2.1/thumb/v7e-m/nofp/crtbegin.o
 .text.atexit   0x000000000800048c        0xc c:/xpack-arm-none-eabi-gcc/bin/../lib/gcc/arm-none-eabi/11.2.1/../../../../arm-none-eabi/lib/thumb/v7e-m/nofp\libg_nano.a(lib_a-atexit.o)
                0x000000000800048c                atexit
 .text.exit     0x0000000008000498       0x28 c:/xpack-arm-none-eabi-gcc/bin/../lib/gcc/arm-none-eabi/11.2.1/../../../../arm-none-eabi/lib/thumb/v7e-m/nofp\libg_nano.a(lib_a-exit.o)
                0x0000000008000498                exit
 .text.__libc_fini_array
                0x00000000080004c0       0x28 c:/xpack-arm-none-eabi-gcc/bin/../lib/gcc/arm-none-eabi/11.2.1/../../../../arm-none-eabi/lib/thumb/v7e-m/nofp\libg_nano.a(lib_a-fini.o)
                0x00000000080004c0                __libc_fini_array
 .text.__libc_init_array
                0x00000000080004e8       0x48 c:/xpack-arm-none-eabi-gcc/bin/../lib/gcc/arm-none-eabi/11.2.1/../../../../arm-none-eabi/lib/thumb/v7e-m/nofp\libg_nano.a(lib_a-init.o)
                0x00000000080004e8                __libc_init_array
 .text.memset   0x0000000008000530       0x10 c:/xpack-arm-none-eabi-gcc/bin/../lib/gcc/arm-none-eabi/11.2.1/../../../../arm-none-eabi/lib/thumb/v7e-m/nofp\libg_nano.a(lib_a-memset.o)
                0x0000000008000530                memset
 .text._printf_r
                0x0000000008000540       0x28 c:/xpack-arm-none-eabi-gcc/bin/../lib/gcc/arm-none-eabi/11.2.1/../../../../arm-none-eabi/lib/thumb/v7e-m/nofp\libg_nano.a(lib_a-printf.o)
                0x0000000008000540                _iprintf_r
                0x0000000008000540                _printf_r
 .text.printf   0x0000000008000568       0x30 c:/xpack-arm-none-eabi-gcc/bin/../lib/gcc/arm-none-eabi/11.2.1/../../../../arm-none-eabi/lib/thumb/v7e-m/nofp\libg_nano.a(lib_a-printf.o)
                0x0000000008000568                iprintf
                0x0000000008000568                printf
 .text.__register_exitproc
                0x0000000008000598       0x9c c:/xpack-arm-none-eabi-gcc/bin/../lib/gcc/arm-none-eabi/11.2.1/../../../../arm-none-eabi/lib/thumb/v7e-m/nofp\libg_nano.a(lib_a-__atexit.o)
                0x0000000008000598                __register_exitproc
 .text.__call_exitprocs
                0x0000000008000634       0xa4 c:/xpack-arm-none-eabi-gcc/bin/../lib/gcc/arm-none-eabi/11.2.1/../../../../arm-none-eabi/lib/thumb/v7e-m/nofp\libg_nano.a(lib_a-__call_atexit.o)
                0x0000000008000634                __call_exitprocs
 .text.__fp_lock
                0x00000000080006d8        0x4 c:/xpack-arm-none-eabi-gcc/bin/../lib/gcc/arm-none-eabi/11.2.1/../../../../arm-none-eabi/lib/thumb/v7e-m/nofp\libg_nano.a(lib_a-findfp.o)
 .text.std      0x00000000080006dc       0x48 c:/xpack-arm-none-eabi-gcc/bin/../lib/gcc/arm-none-eabi/11.2.1/../../../../arm-none-eabi/lib/thumb/v7e-m/nofp\libg_nano.a(lib_a-findfp.o)
 .text._cleanup_r
                0x0000000008000724        0xc c:/xpack-arm-none-eabi-gcc/bin/../lib/gcc/arm-none-eabi/11.2.1/../../../../arm-none-eabi/lib/thumb/v7e-m/nofp\libg_nano.a(lib_a-findfp.o)
                0x0000000008000724                _cleanup_r
 .text.__fp_unlock
                0x0000000008000730        0x4 c:/xpack-arm-none-eabi-gcc/bin/../lib/gcc/arm-none-eabi/11.2.1/../../../../arm-none-eabi/lib/thumb/v7e-m/nofp\libg_nano.a(lib_a-findfp.o)
 .text.__sfmoreglue
                0x0000000008000734       0x2c c:/xpack-arm-none-eabi-gcc/bin/../lib/gcc/arm-none-eabi/11.2.1/../../../../arm-none-eabi/lib/thumb/v7e-m/nofp\libg_nano.a(lib_a-findfp.o)
                0x0000000008000734                __sfmoreglue
 .text._cleanup
                0x0000000008000760        0xc c:/xpack-arm-none-eabi-gcc/bin/../lib/gcc/arm-none-eabi/11.2.1/../../../../arm-none-eabi/lib/thumb/v7e-m/nofp\libg_nano.a(lib_a-findfp.o)
                0x0000000008000760                _cleanup
 .text.__sinit  0x000000000800076c       0x60 c:/xpack-arm-none-eabi-gcc/bin/../lib/gcc/arm-none-eabi/11.2.1/../../../../arm-none-eabi/lib/thumb/v7e-m/nofp\libg_nano.a(lib_a-findfp.o)
                0x000000000800076c                __sinit
 .text.__sfp    0x00000000080007cc       0x78 c:/xpack-arm-none-eabi-gcc/bin/../lib/gcc/arm-none-eabi/11.2.1/../../../../arm-none-eabi/lib/thumb/v7e-m/nofp\libg_nano.a(lib_a-findfp.o)
                0x00000000080007cc                __sfp
 .text.__sfp_lock_acquire
                0x0000000008000844        0x2 c:/xpack-arm-none-eabi-gcc/bin/../lib/gcc/arm-none-eabi/11.2.1/../../../../arm-none-eabi/lib/thumb/v7e-m/nofp\libg_nano.a(lib_a-findfp.o)
                0x0000000008000844                __sfp_lock_acquire
 .text.__sfp_lock_release
                0x0000000008000846        0x2 c:/xpack-arm-none-eabi-gcc/bin/../lib/gcc/arm-none-eabi/11.2.1/../../../../arm-none-eabi/lib/thumb/v7e-m/nofp\libg_nano.a(lib_a-findfp.o)
                0x0000000008000846                __sfp_lock_release
 .text.__sinit_lock_acquire
                0x0000000008000848        0x2 c:/xpack-arm-none-eabi-gcc/bin/../lib/gcc/arm-none-eabi/11.2.1/../../../../arm-none-eabi/lib/thumb/v7e-m/nofp\libg_nano.a(lib_a-findfp.o)
                0x0000000008000848                __sinit_lock_acquire
 .text.__sinit_lock_release
                0x000000000800084a        0x2 c:/xpack-arm-none-eabi-gcc/bin/../lib/gcc/arm-none-eabi/11.2.1/../../../../arm-none-eabi/lib/thumb/v7e-m/nofp\libg_nano.a(lib_a-findfp.o)
                0x000000000800084a                __sinit_lock_release
 .text.__fp_lock_all
                0x000000000800084c       0x14 c:/xpack-arm-none-eabi-gcc/bin/../lib/gcc/arm-none-eabi/11.2.1/../../../../arm-none-eabi/lib/thumb/v7e-m/nofp\libg_nano.a(lib_a-findfp.o)
                0x000000000800084c                __fp_lock_all
 .text.__fp_unlock_all
                0x0000000008000860       0x14 c:/xpack-arm-none-eabi-gcc/bin/../lib/gcc/arm-none-eabi/11.2.1/../../../../arm-none-eabi/lib/thumb/v7e-m/nofp\libg_nano.a(lib_a-findfp.o)
                0x0000000008000860                __fp_unlock_all
 .text._fwalk   0x0000000008000874       0x3a c:/xpack-arm-none-eabi-gcc/bin/../lib/gcc/arm-none-eabi/11.2.1/../../../../arm-none-eabi/lib/thumb/v7e-m/nofp\libg_nano.a(lib_a-fwalk.o)
                0x0000000008000874                _fwalk
 .text._fwalk_reent
                0x00000000080008ae       0x3e c:/xpack-arm-none-eabi-gcc/bin/../lib/gcc/arm-none-eabi/11.2.1/../../../../arm-none-eabi/lib/thumb/v7e-m/nofp\libg_nano.a(lib_a-fwalk.o)
                0x00000000080008ae                _fwalk_reent
 .text.sbrk_aligned
                0x00000000080008ec       0x40 c:/xpack-arm-none-eabi-gcc/bin/../lib/gcc/arm-none-eabi/11.2.1/../../../../arm-none-eabi/lib/thumb/v7e-m/nofp\libg_nano.a(lib_a-nano-mallocr.o)
 .text._malloc_r
                0x000000000800092c       0xe8 c:/xpack-arm-none-eabi-gcc/bin/../lib/gcc/arm-none-eabi/11.2.1/../../../../arm-none-eabi/lib/thumb/v7e-m/nofp\libg_nano.a(lib_a-nano-mallocr.o)
                0x000000000800092c                _malloc_r
 .text.__sfputc_r
                0x0000000008000a14       0x2a c:/xpack-arm-none-eabi-gcc/bin/../lib/gcc/arm-none-eabi/11.2.1/../../../../arm-none-eabi/lib/thumb/v7e-m/nofp\libg_nano.a(lib_a-nano-vfprintf.o)
 .text.__sfputs_r
                0x0000000008000a3e       0x24 c:/xpack-arm-none-eabi-gcc/bin/../lib/gcc/arm-none-eabi/11.2.1/../../../../arm-none-eabi/lib/thumb/v7e-m/nofp\libg_nano.a(lib_a-nano-vfprintf.o)
                0x0000000008000a3e                __sfputs_r
 .text.__sprint_r
                0x0000000008000a62       0x1a c:/xpack-arm-none-eabi-gcc/bin/../lib/gcc/arm-none-eabi/11.2.1/../../../../arm-none-eabi/lib/thumb/v7e-m/nofp\libg_nano.a(lib_a-nano-vfprintf.o)
                0x0000000008000a62                __sprint_r
 .text._vfprintf_r
                0x0000000008000a7c      0x224 c:/xpack-arm-none-eabi-gcc/bin/../lib/gcc/arm-none-eabi/11.2.1/../../../../arm-none-eabi/lib/thumb/v7e-m/nofp\libg_nano.a(lib_a-nano-vfprintf.o)
                0x0000000008000a7c                _vfprintf_r
                0x0000000008000a7c                _vfiprintf_r
 .text.vfprintf
                0x0000000008000ca0       0x14 c:/xpack-arm-none-eabi-gcc/bin/../lib/gcc/arm-none-eabi/11.2.1/../../../../arm-none-eabi/lib/thumb/v7e-m/nofp\libg_nano.a(lib_a-nano-vfprintf.o)
                0x0000000008000ca0                vfprintf
                0x0000000008000ca0                vfiprintf
 .text._sbrk_r  0x0000000008000cb4       0x20 c:/xpack-arm-none-eabi-gcc/bin/../lib/gcc/arm-none-eabi/11.2.1/../../../../arm-none-eabi/lib/thumb/v7e-m/nofp\libg_nano.a(lib_a-sbrkr.o)
                0x0000000008000cb4                _sbrk_r
 .text.__sread  0x0000000008000cd4       0x22 c:/xpack-arm-none-eabi-gcc/bin/../lib/gcc/arm-none-eabi/11.2.1/../../../../arm-none-eabi/lib/thumb/v7e-m/nofp\libg_nano.a(lib_a-stdio.o)
                0x0000000008000cd4                __sread
 .text.__seofread
                0x0000000008000cf6        0x4 c:/xpack-arm-none-eabi-gcc/bin/../lib/gcc/arm-none-eabi/11.2.1/../../../../arm-none-eabi/lib/thumb/v7e-m/nofp\libg_nano.a(lib_a-stdio.o)
                0x0000000008000cf6                __seofread
 .text.__swrite
                0x0000000008000cfa       0x38 c:/xpack-arm-none-eabi-gcc/bin/../lib/gcc/arm-none-eabi/11.2.1/../../../../arm-none-eabi/lib/thumb/v7e-m/nofp\libg_nano.a(lib_a-stdio.o)
                0x0000000008000cfa                __swrite
 .text.__sseek  0x0000000008000d32       0x24 c:/xpack-arm-none-eabi-gcc/bin/../lib/gcc/arm-none-eabi/11.2.1/../../../../arm-none-eabi/lib/thumb/v7e-m/nofp\libg_nano.a(lib_a-stdio.o)
                0x0000000008000d32                __sseek
 .text.__sclose
                0x0000000008000d56        0x8 c:/xpack-arm-none-eabi-gcc/bin/../lib/gcc/arm-none-eabi/11.2.1/../../../../arm-none-eabi/lib/thumb/v7e-m/nofp\libg_nano.a(lib_a-stdio.o)
                0x0000000008000d56                __sclose
 *fill*         0x0000000008000d5e        0x2 
 .text.__swbuf_r
                0x0000000008000d60       0xa4 c:/xpack-arm-none-eabi-gcc/bin/../lib/gcc/arm-none-eabi/11.2.1/../../../../arm-none-eabi/lib/thumb/v7e-m/nofp\libg_nano.a(lib_a-wbuf.o)
                0x0000000008000d60                __swbuf_r
 .text.__swbuf  0x0000000008000e04       0x10 c:/xpack-arm-none-eabi-gcc/bin/../lib/gcc/arm-none-eabi/11.2.1/../../../../arm-none-eabi/lib/thumb/v7e-m/nofp\libg_nano.a(lib_a-wbuf.o)
                0x0000000008000e04                __swbuf
 .text._write_r
                0x0000000008000e14       0x24 c:/xpack-arm-none-eabi-gcc/bin/../lib/gcc/arm-none-eabi/11.2.1/../../../../arm-none-eabi/lib/thumb/v7e-m/nofp\libg_nano.a(lib_a-writer.o)
                0x0000000008000e14                _write_r
 .text.__swsetup_r
                0x0000000008000e38       0xdc c:/xpack-arm-none-eabi-gcc/bin/../lib/gcc/arm-none-eabi/11.2.1/../../../../arm-none-eabi/lib/thumb/v7e-m/nofp\libg_nano.a(lib_a-wsetup.o)
                0x0000000008000e38                __swsetup_r
 .text._close_r
                0x0000000008000f14       0x20 c:/xpack-arm-none-eabi-gcc/bin/../lib/gcc/arm-none-eabi/11.2.1/../../../../arm-none-eabi/lib/thumb/v7e-m/nofp\libg_nano.a(lib_a-closer.o)
                0x0000000008000f14                _close_r
 .text.__sflush_r
                0x0000000008000f34      0x104 c:/xpack-arm-none-eabi-gcc/bin/../lib/gcc/arm-none-eabi/11.2.1/../../../../arm-none-eabi/lib/thumb/v7e-m/nofp\libg_nano.a(lib_a-fflush.o)
                0x0000000008000f34                __sflush_r
 .text._fflush_r
                0x0000000008001038       0x54 c:/xpack-arm-none-eabi-gcc/bin/../lib/gcc/arm-none-eabi/11.2.1/../../../../arm-none-eabi/lib/thumb/v7e-m/nofp\libg_nano.a(lib_a-fflush.o)
                0x0000000008001038                _fflush_r
 .text.fflush   0x000000000800108c       0x24 c:/xpack-arm-none-eabi-gcc/bin/../lib/gcc/arm-none-eabi/11.2.1/../../../../arm-none-eabi/lib/thumb/v7e-m/nofp\libg_nano.a(lib_a-fflush.o)
                0x000000000800108c                fflush
 .text.__sfvwrite_r
                0x00000000080010b0      0x294 c:/xpack-arm-none-eabi-gcc/bin/../lib/gcc/arm-none-eabi/11.2.1/../../../../arm-none-eabi/lib/thumb/v7e-m/nofp\libg_nano.a(lib_a-fvwrite.o)
                0x00000000080010b0                __sfvwrite_r
 .text._lseek_r
                0x0000000008001344       0x24 c:/xpack-arm-none-eabi-gcc/bin/../lib/gcc/arm-none-eabi/11.2.1/../../../../arm-none-eabi/lib/thumb/v7e-m/nofp\libg_nano.a(lib_a-lseekr.o)
                0x0000000008001344                _lseek_r
 .text.__swhatbuf_r
                0x0000000008001368       0x4c c:/xpack-arm-none-eabi-gcc/bin/../lib/gcc/arm-none-eabi/11.2.1/../../../../arm-none-eabi/lib/thumb/v7e-m/nofp\libg_nano.a(lib_a-makebuf.o)
                0x0000000008001368                __swhatbuf_r
 .text.__smakebuf_r
                0x00000000080013b4       0x80 c:/xpack-arm-none-eabi-gcc/bin/../lib/gcc/arm-none-eabi/11.2.1/../../../../arm-none-eabi/lib/thumb/v7e-m/nofp\libg_nano.a(lib_a-makebuf.o)
                0x00000000080013b4                __smakebuf_r
 .text.memcpy   0x0000000008001434       0x1c c:/xpack-arm-none-eabi-gcc/bin/../lib/gcc/arm-none-eabi/11.2.1/../../../../arm-none-eabi/lib/thumb/v7e-m/nofp\libg_nano.a(lib_a-memcpy-stub.o)
                0x0000000008001434                memcpy
 .text.memmove  0x0000000008001450       0x34 c:/xpack-arm-none-eabi-gcc/bin/../lib/gcc/arm-none-eabi/11.2.1/../../../../arm-none-eabi/lib/thumb/v7e-m/nofp\libg_nano.a(lib_a-memmove.o)
                0x0000000008001450                memmove
 .text.__malloc_lock
                0x0000000008001484        0x2 c:/xpack-arm-none-eabi-gcc/bin/../lib/gcc/arm-none-eabi/11.2.1/../../../../arm-none-eabi/lib/thumb/v7e-m/nofp\libg_nano.a(lib_a-mlock.o)
                0x0000000008001484                __malloc_lock
 .text.__malloc_unlock
                0x0000000008001486        0x2 c:/xpack-arm-none-eabi-gcc/bin/../lib/gcc/arm-none-eabi/11.2.1/../../../../arm-none-eabi/lib/thumb/v7e-m/nofp\libg_nano.a(lib_a-mlock.o)
                0x0000000008001486                __malloc_unlock
 .text._free_r  0x0000000008001488       0x94 c:/xpack-arm-none-eabi-gcc/bin/../lib/gcc/arm-none-eabi/11.2.1/../../../../arm-none-eabi/lib/thumb/v7e-m/nofp\libg_nano.a(lib_a-nano-freer.o)
                0x0000000008001488                _free_r
 .text._realloc_r
                0x000000000800151c       0x5e c:/xpack-arm-none-eabi-gcc/bin/../lib/gcc/arm-none-eabi/11.2.1/../../../../arm-none-eabi/lib/thumb/v7e-m/nofp\libg_nano.a(lib_a-nano-reallocr.o)
                0x000000000800151c                _realloc_r
 .text._printf_common
                0x000000000800157a       0xda c:/xpack-arm-none-eabi-gcc/bin/../lib/gcc/arm-none-eabi/11.2.1/../../../../arm-none-eabi/lib/thumb/v7e-m/nofp\libg_nano.a(lib_a-nano-vfprintf_i.o)
                0x000000000800157a                _printf_common
 .text._printf_i
                0x0000000008001654      0x244 c:/xpack-arm-none-eabi-gcc/bin/../lib/gcc/arm-none-eabi/11.2.1/../../../../arm-none-eabi/lib/thumb/v7e-m/nofp\libg_nano.a(lib_a-nano-vfprintf_i.o)
                0x0000000008001654                _printf_i
 .text._read_r  0x0000000008001898       0x24 c:/xpack-arm-none-eabi-gcc/bin/../lib/gcc/arm-none-eabi/11.2.1/../../../../arm-none-eabi/lib/thumb/v7e-m/nofp\libg_nano.a(lib_a-readr.o)
                0x0000000008001898                _read_r
 .text.cleanup_glue
                0x00000000080018bc       0x1a c:/xpack-arm-none-eabi-gcc/bin/../lib/gcc/arm-none-eabi/11.2.1/../../../../arm-none-eabi/lib/thumb/v7e-m/nofp\libg_nano.a(lib_a-reent.o)
                0x00000000080018bc                cleanup_glue
 *fill*         0x00000000080018d6        0x2 
 .text._reclaim_reent
                0x00000000080018d8       0xb8 c:/xpack-arm-none-eabi-gcc/bin/../lib/gcc/arm-none-eabi/11.2.1/../../../../arm-none-eabi/lib/thumb/v7e-m/nofp\libg_nano.a(lib_a-reent.o)
                0x00000000080018d8                _reclaim_reent
 .text._fstat_r
                0x0000000008001990       0x24 c:/xpack-arm-none-eabi-gcc/bin/../lib/gcc/arm-none-eabi/11.2.1/../../../../arm-none-eabi/lib/thumb/v7e-m/nofp\libg_nano.a(lib_a-fstatr.o)
                0x0000000008001990                _fstat_r
 .text._isatty_r
                0x00000000080019b4       0x20 c:/xpack-arm-none-eabi-gcc/bin/../lib/gcc/arm-none-eabi/11.2.1/../../../../arm-none-eabi/lib/thumb/v7e-m/nofp\libg_nano.a(lib_a-isattyr.o)
                0x00000000080019b4                _isatty_r
 .text._malloc_usable_size_r
                0x00000000080019d4       0x10 c:/xpack-arm-none-eabi-gcc/bin/../lib/gcc/arm-none-eabi/11.2.1/../../../../arm-none-eabi/lib/thumb/v7e-m/nofp\libg_nano.a(lib_a-nano-msizer.o)
                0x00000000080019d4                _malloc_usable_size_r
 .text._close   0x00000000080019e4       0x10 c:/xpack-arm-none-eabi-gcc/bin/../lib/gcc/arm-none-eabi/11.2.1/../../../../arm-none-eabi/lib/thumb/v7e-m/nofp\libnosys.a(close.o)
                0x00000000080019e4                _close
 .text._fstat   0x00000000080019f4       0x10 c:/xpack-arm-none-eabi-gcc/bin/../lib/gcc/arm-none-eabi/11.2.1/../../../../arm-none-eabi/lib/thumb/v7e-m/nofp\libnosys.a(fstat.o)
                0x00000000080019f4                _fstat
 .text._isatty  0x0000000008001a04       0x10 c:/xpack-arm-none-eabi-gcc/bin/../lib/gcc/arm-none-eabi/11.2.1/../../../../arm-none-eabi/lib/thumb/v7e-m/nofp\libnosys.a(isatty.o)
                0x0000000008001a04                _isatty
 .text._lseek   0x0000000008001a14       0x10 c:/xpack-arm-none-eabi-gcc/bin/../lib/gcc/arm-none-eabi/11.2.1/../../../../arm-none-eabi/lib/thumb/v7e-m/nofp\libnosys.a(lseek.o)
                0x0000000008001a14                _lseek
 .text._read    0x0000000008001a24       0x10 c:/xpack-arm-none-eabi-gcc/bin/../lib/gcc/arm-none-eabi/11.2.1/../../../../arm-none-eabi/lib/thumb/v7e-m/nofp\libnosys.a(read.o)
                0x0000000008001a24                _read
 .text._sbrk    0x0000000008001a34       0x1c c:/xpack-arm-none-eabi-gcc/bin/../lib/gcc/arm-none-eabi/11.2.1/../../../../arm-none-eabi/lib/thumb/v7e-m/nofp\libnosys.a(sbrk.o)
                0x0000000008001a34                _sbrk
 .text._write   0x0000000008001a50       0x10 c:/xpack-arm-none-eabi-gcc/bin/../lib/gcc/arm-none-eabi/11.2.1/../../../../arm-none-eabi/lib/thumb/v7e-m/nofp\libnosys.a(write.o)
                0x0000000008001a50                _write
 .text._exit    0x0000000008001a60        0x4 c:/xpack-arm-none-eabi-gcc/bin/../lib/gcc/arm-none-eabi/11.2.1/../../../../arm-none-eabi/lib/thumb/v7e-m/nofp\libnosys.a(_exit.o)
                0x0000000008001a60                _exit
 *(.glue_7)
 .glue_7        0x0000000008001a64        0x0 linker stubs
 *(.glue_7t)
 .glue_7t       0x0000000008001a64        0x0 linker stubs
 *(.eh_frame)
 .eh_frame      0x0000000008001a64        0x0 c:/xpack-arm-none-eabi-gcc/bin/../lib/gcc/arm-none-eabi/11.2.1/thumb/v7e-m/nofp/crtbegin.o
 .eh_frame      0x0000000008001a64        0x4 c:/xpack-arm-none-eabi-gcc/bin/../lib/gcc/arm-none-eabi/11.2.1/thumb/v7e-m/nofp/crtend.o
 *(.init)
 .init          0x0000000008001a68        0x4 c:/xpack-arm-none-eabi-gcc/bin/../lib/gcc/arm-none-eabi/11.2.1/thumb/v7e-m/nofp/crti.o
                0x0000000008001a68                _init
 .init          0x0000000008001a6c        0x8 c:/xpack-arm-none-eabi-gcc/bin/../lib/gcc/arm-none-eabi/11.2.1/thumb/v7e-m/nofp/crtn.o
 *(.fini)
 .fini          0x0000000008001a74        0x4 c:/xpack-arm-none-eabi-gcc/bin/../lib/gcc/arm-none-eabi/11.2.1/thumb/v7e-m/nofp/crti.o
                0x0000000008001a74                _fini
 .fini          0x0000000008001a78        0x8 c:/xpack-arm-none-eabi-gcc/bin/../lib/gcc/arm-none-eabi/11.2.1/thumb/v7e-m/nofp/crtn.o
                0x0000000008001a80                . = ALIGN (0x4)
                0x0000000008001a80                _etext = .

.vfp11_veneer   0x0000000008001a80        0x0
 .vfp11_veneer  0x0000000008001a80        0x0 linker stubs

.v4_bx          0x0000000008001a80        0x0
 .v4_bx         0x0000000008001a80        0x0 linker stubs

.iplt           0x0000000008001a80        0x0
 .iplt          0x0000000008001a80        0x0 c:/xpack-arm-none-eabi-gcc/bin/../lib/gcc/arm-none-eabi/11.2.1/thumb/v7e-m/nofp/crtbegin.o

.rodata         0x0000000008001a80       0xf4
                0x0000000008001a80                . = ALIGN (0x4)
 *(.rodata)
 .rodata        0x0000000008001a80        0xe C:\Users\vqtrong\AppData\Roaming\MOBAXT~1\slash\tmp\ccqMjMXs.o
 *fill*         0x0000000008001a8e        0x2 
 .rodata        0x0000000008001a90        0x4 C:\Users\vqtrong\AppData\Roaming\MOBAXT~1\slash\tmp\cc2Vr8HG.o
                0x0000000008001a90                DELAY_MAX
 *(.rodata*)
 .rodata.all_implied_fbits
                0x0000000008001a94       0x24 c:/xpack-arm-none-eabi-gcc/bin/../lib/gcc/arm-none-eabi/11.2.1/thumb/v7e-m/nofp/crtbegin.o
 .rodata._global_impure_ptr
                0x0000000008001ab8        0x4 c:/xpack-arm-none-eabi-gcc/bin/../lib/gcc/arm-none-eabi/11.2.1/../../../../arm-none-eabi/lib/thumb/v7e-m/nofp\libg_nano.a(lib_a-impure.o)
                0x0000000008001ab8                _global_impure_ptr
 .rodata.__sf_fake_stderr
                0x0000000008001abc       0x20 c:/xpack-arm-none-eabi-gcc/bin/../lib/gcc/arm-none-eabi/11.2.1/../../../../arm-none-eabi/lib/thumb/v7e-m/nofp\libg_nano.a(lib_a-findfp.o)
                0x0000000008001abc                __sf_fake_stderr
 .rodata.__sf_fake_stdin
                0x0000000008001adc       0x20 c:/xpack-arm-none-eabi-gcc/bin/../lib/gcc/arm-none-eabi/11.2.1/../../../../arm-none-eabi/lib/thumb/v7e-m/nofp\libg_nano.a(lib_a-findfp.o)
                0x0000000008001adc                __sf_fake_stdin
 .rodata.__sf_fake_stdout
                0x0000000008001afc       0x20 c:/xpack-arm-none-eabi-gcc/bin/../lib/gcc/arm-none-eabi/11.2.1/../../../../arm-none-eabi/lib/thumb/v7e-m/nofp\libg_nano.a(lib_a-findfp.o)
                0x0000000008001afc                __sf_fake_stdout
 .rodata._vfprintf_r.str1.1
                0x0000000008001b1c       0x11 c:/xpack-arm-none-eabi-gcc/bin/../lib/gcc/arm-none-eabi/11.2.1/../../../../arm-none-eabi/lib/thumb/v7e-m/nofp\libg_nano.a(lib_a-nano-vfprintf.o)
 .rodata._printf_i.str1.1
                0x0000000008001b2d       0x22 c:/xpack-arm-none-eabi-gcc/bin/../lib/gcc/arm-none-eabi/11.2.1/../../../../arm-none-eabi/lib/thumb/v7e-m/nofp\libg_nano.a(lib_a-nano-vfprintf_i.o)
 *fill*         0x0000000008001b4f        0x1 
 .rodata.all_implied_fbits
                0x0000000008001b50       0x24 c:/xpack-arm-none-eabi-gcc/bin/../lib/gcc/arm-none-eabi/11.2.1/thumb/v7e-m/nofp/crtend.o
                0x0000000008001b74                . = ALIGN (0x4)

.ARM.extab      0x0000000008001b74        0x0
 .ARM.extab     0x0000000008001b74        0x0 c:/xpack-arm-none-eabi-gcc/bin/../lib/gcc/arm-none-eabi/11.2.1/../../../../arm-none-eabi/lib/thumb/v7e-m/nofp/crt0.o

.ARM.extab.text._close
                0x0000000008001b74        0x0
 .ARM.extab.text._close
                0x0000000008001b74        0x0 c:/xpack-arm-none-eabi-gcc/bin/../lib/gcc/arm-none-eabi/11.2.1/../../../../arm-none-eabi/lib/thumb/v7e-m/nofp\libnosys.a(close.o)

.ARM.extab.text._fstat
                0x0000000008001b74        0x0
 .ARM.extab.text._fstat
                0x0000000008001b74        0x0 c:/xpack-arm-none-eabi-gcc/bin/../lib/gcc/arm-none-eabi/11.2.1/../../../../arm-none-eabi/lib/thumb/v7e-m/nofp\libnosys.a(fstat.o)

.ARM.extab.text._isatty
                0x0000000008001b74        0x0
 .ARM.extab.text._isatty
                0x0000000008001b74        0x0 c:/xpack-arm-none-eabi-gcc/bin/../lib/gcc/arm-none-eabi/11.2.1/../../../../arm-none-eabi/lib/thumb/v7e-m/nofp\libnosys.a(isatty.o)

.ARM.extab.text._lseek
                0x0000000008001b74        0x0
 .ARM.extab.text._lseek
                0x0000000008001b74        0x0 c:/xpack-arm-none-eabi-gcc/bin/../lib/gcc/arm-none-eabi/11.2.1/../../../../arm-none-eabi/lib/thumb/v7e-m/nofp\libnosys.a(lseek.o)

.ARM.extab.text._read
                0x0000000008001b74        0x0
 .ARM.extab.text._read
                0x0000000008001b74        0x0 c:/xpack-arm-none-eabi-gcc/bin/../lib/gcc/arm-none-eabi/11.2.1/../../../../arm-none-eabi/lib/thumb/v7e-m/nofp\libnosys.a(read.o)

.ARM.extab.text._sbrk
                0x0000000008001b74        0x0
 .ARM.extab.text._sbrk
                0x0000000008001b74        0x0 c:/xpack-arm-none-eabi-gcc/bin/../lib/gcc/arm-none-eabi/11.2.1/../../../../arm-none-eabi/lib/thumb/v7e-m/nofp\libnosys.a(sbrk.o)

.ARM.extab.text._write
                0x0000000008001b74        0x0
 .ARM.extab.text._write
                0x0000000008001b74        0x0 c:/xpack-arm-none-eabi-gcc/bin/../lib/gcc/arm-none-eabi/11.2.1/../../../../arm-none-eabi/lib/thumb/v7e-m/nofp\libnosys.a(write.o)

.ARM.extab.text._exit
                0x0000000008001b74        0x0
 .ARM.extab.text._exit
                0x0000000008001b74        0x0 c:/xpack-arm-none-eabi-gcc/bin/../lib/gcc/arm-none-eabi/11.2.1/../../../../arm-none-eabi/lib/thumb/v7e-m/nofp\libnosys.a(_exit.o)

.ARM            0x0000000008001b74        0x8
                0x0000000008001b74                . = ALIGN (0x4)
                0x0000000008001b74                __exidx_start = .
 *(.ARM.exidx*)
 .ARM.exidx     0x0000000008001b74        0x8 c:/xpack-arm-none-eabi-gcc/bin/../lib/gcc/arm-none-eabi/11.2.1/../../../../arm-none-eabi/lib/thumb/v7e-m/nofp/crt0.o
                                         0x10 (size before relaxing)
 .ARM.exidx.text._close
                0x0000000008001b7c        0x0 c:/xpack-arm-none-eabi-gcc/bin/../lib/gcc/arm-none-eabi/11.2.1/../../../../arm-none-eabi/lib/thumb/v7e-m/nofp\libnosys.a(close.o)
                                          0x8 (size before relaxing)
 .ARM.exidx.text._fstat
                0x0000000008001b7c        0x0 c:/xpack-arm-none-eabi-gcc/bin/../lib/gcc/arm-none-eabi/11.2.1/../../../../arm-none-eabi/lib/thumb/v7e-m/nofp\libnosys.a(fstat.o)
                                          0x8 (size before relaxing)
 .ARM.exidx.text._isatty
                0x0000000008001b7c        0x0 c:/xpack-arm-none-eabi-gcc/bin/../lib/gcc/arm-none-eabi/11.2.1/../../../../arm-none-eabi/lib/thumb/v7e-m/nofp\libnosys.a(isatty.o)
                                          0x8 (size before relaxing)
 .ARM.exidx.text._lseek
                0x0000000008001b7c        0x0 c:/xpack-arm-none-eabi-gcc/bin/../lib/gcc/arm-none-eabi/11.2.1/../../../../arm-none-eabi/lib/thumb/v7e-m/nofp\libnosys.a(lseek.o)
                                          0x8 (size before relaxing)
 .ARM.exidx.text._read
                0x0000000008001b7c        0x0 c:/xpack-arm-none-eabi-gcc/bin/../lib/gcc/arm-none-eabi/11.2.1/../../../../arm-none-eabi/lib/thumb/v7e-m/nofp\libnosys.a(read.o)
                                          0x8 (size before relaxing)
 .ARM.exidx.text._sbrk
                0x0000000008001b7c        0x0 c:/xpack-arm-none-eabi-gcc/bin/../lib/gcc/arm-none-eabi/11.2.1/../../../../arm-none-eabi/lib/thumb/v7e-m/nofp\libnosys.a(sbrk.o)
                                          0x8 (size before relaxing)
 .ARM.exidx.text._write
                0x0000000008001b7c        0x0 c:/xpack-arm-none-eabi-gcc/bin/../lib/gcc/arm-none-eabi/11.2.1/../../../../arm-none-eabi/lib/thumb/v7e-m/nofp\libnosys.a(write.o)
                                          0x8 (size before relaxing)
 .ARM.exidx.text._exit
                0x0000000008001b7c        0x0 c:/xpack-arm-none-eabi-gcc/bin/../lib/gcc/arm-none-eabi/11.2.1/../../../../arm-none-eabi/lib/thumb/v7e-m/nofp\libnosys.a(_exit.o)
                                          0x8 (size before relaxing)
                0x0000000008001b7c                __exidx_end = .
                0x0000000008001b7c                . = ALIGN (0x4)
                0x0000000008001b7c                _lddata = LOADADDR (.data)

.rel.dyn        0x0000000008001b7c        0x0
 .rel.iplt      0x0000000008001b7c        0x0 c:/xpack-arm-none-eabi-gcc/bin/../lib/gcc/arm-none-eabi/11.2.1/thumb/v7e-m/nofp/crtbegin.o

.data           0x0000000020000000       0x70 load address 0x0000000008001b7c
                0x0000000020000000                . = ALIGN (0x4)
                0x0000000020000000                _sdata = .
 *(.data)
 .data          0x0000000020000000        0x0 c:/xpack-arm-none-eabi-gcc/bin/../lib/gcc/arm-none-eabi/11.2.1/thumb/v7e-m/nofp/crti.o
 .data          0x0000000020000000        0x0 c:/xpack-arm-none-eabi-gcc/bin/../lib/gcc/arm-none-eabi/11.2.1/thumb/v7e-m/nofp/crtbegin.o
 .data          0x0000000020000000        0x0 c:/xpack-arm-none-eabi-gcc/bin/../lib/gcc/arm-none-eabi/11.2.1/../../../../arm-none-eabi/lib/thumb/v7e-m/nofp/crt0.o
 .data          0x0000000020000000        0x4 C:\Users\vqtrong\AppData\Roaming\MOBAXT~1\slash\tmp\ccqMjMXs.o
                0x0000000020000000                isLoop
 .data          0x0000000020000004        0x0 C:\Users\vqtrong\AppData\Roaming\MOBAXT~1\slash\tmp\cc2Vr8HG.o
 .data          0x0000000020000004        0x0 C:\Users\vqtrong\AppData\Roaming\MOBAXT~1\slash\tmp\ccaAPgDS.o
 .data          0x0000000020000004        0x0 C:\Users\vqtrong\AppData\Roaming\MOBAXT~1\slash\tmp\cccBuhn7.o
 .data          0x0000000020000004        0x0 c:/xpack-arm-none-eabi-gcc/bin/../lib/gcc/arm-none-eabi/11.2.1/../../../../arm-none-eabi/lib/thumb/v7e-m/nofp\libg_nano.a(lib_a-atexit.o)
 .data          0x0000000020000004        0x0 c:/xpack-arm-none-eabi-gcc/bin/../lib/gcc/arm-none-eabi/11.2.1/../../../../arm-none-eabi/lib/thumb/v7e-m/nofp\libg_nano.a(lib_a-exit.o)
 .data          0x0000000020000004        0x0 c:/xpack-arm-none-eabi-gcc/bin/../lib/gcc/arm-none-eabi/11.2.1/../../../../arm-none-eabi/lib/thumb/v7e-m/nofp\libg_nano.a(lib_a-fini.o)
 .data          0x0000000020000004        0x0 c:/xpack-arm-none-eabi-gcc/bin/../lib/gcc/arm-none-eabi/11.2.1/../../../../arm-none-eabi/lib/thumb/v7e-m/nofp\libg_nano.a(lib_a-impure.o)
 .data          0x0000000020000004        0x0 c:/xpack-arm-none-eabi-gcc/bin/../lib/gcc/arm-none-eabi/11.2.1/../../../../arm-none-eabi/lib/thumb/v7e-m/nofp\libg_nano.a(lib_a-init.o)
 .data          0x0000000020000004        0x0 c:/xpack-arm-none-eabi-gcc/bin/../lib/gcc/arm-none-eabi/11.2.1/../../../../arm-none-eabi/lib/thumb/v7e-m/nofp\libg_nano.a(lib_a-memset.o)
 .data          0x0000000020000004        0x0 c:/xpack-arm-none-eabi-gcc/bin/../lib/gcc/arm-none-eabi/11.2.1/../../../../arm-none-eabi/lib/thumb/v7e-m/nofp\libg_nano.a(lib_a-printf.o)
 .data          0x0000000020000004        0x0 c:/xpack-arm-none-eabi-gcc/bin/../lib/gcc/arm-none-eabi/11.2.1/../../../../arm-none-eabi/lib/thumb/v7e-m/nofp\libg_nano.a(lib_a-__atexit.o)
 .data          0x0000000020000004        0x0 c:/xpack-arm-none-eabi-gcc/bin/../lib/gcc/arm-none-eabi/11.2.1/../../../../arm-none-eabi/lib/thumb/v7e-m/nofp\libg_nano.a(lib_a-__call_atexit.o)
 .data          0x0000000020000004        0x0 c:/xpack-arm-none-eabi-gcc/bin/../lib/gcc/arm-none-eabi/11.2.1/../../../../arm-none-eabi/lib/thumb/v7e-m/nofp\libg_nano.a(lib_a-findfp.o)
 .data          0x0000000020000004        0x0 c:/xpack-arm-none-eabi-gcc/bin/../lib/gcc/arm-none-eabi/11.2.1/../../../../arm-none-eabi/lib/thumb/v7e-m/nofp\libg_nano.a(lib_a-fwalk.o)
 .data          0x0000000020000004        0x0 c:/xpack-arm-none-eabi-gcc/bin/../lib/gcc/arm-none-eabi/11.2.1/../../../../arm-none-eabi/lib/thumb/v7e-m/nofp\libg_nano.a(lib_a-nano-mallocr.o)
 .data          0x0000000020000004        0x0 c:/xpack-arm-none-eabi-gcc/bin/../lib/gcc/arm-none-eabi/11.2.1/../../../../arm-none-eabi/lib/thumb/v7e-m/nofp\libg_nano.a(lib_a-nano-vfprintf.o)
 .data          0x0000000020000004        0x0 c:/xpack-arm-none-eabi-gcc/bin/../lib/gcc/arm-none-eabi/11.2.1/../../../../arm-none-eabi/lib/thumb/v7e-m/nofp\libg_nano.a(lib_a-sbrkr.o)
 .data          0x0000000020000004        0x0 c:/xpack-arm-none-eabi-gcc/bin/../lib/gcc/arm-none-eabi/11.2.1/../../../../arm-none-eabi/lib/thumb/v7e-m/nofp\libg_nano.a(lib_a-stdio.o)
 .data          0x0000000020000004        0x0 c:/xpack-arm-none-eabi-gcc/bin/../lib/gcc/arm-none-eabi/11.2.1/../../../../arm-none-eabi/lib/thumb/v7e-m/nofp\libg_nano.a(lib_a-wbuf.o)
 .data          0x0000000020000004        0x0 c:/xpack-arm-none-eabi-gcc/bin/../lib/gcc/arm-none-eabi/11.2.1/../../../../arm-none-eabi/lib/thumb/v7e-m/nofp\libg_nano.a(lib_a-writer.o)
 .data          0x0000000020000004        0x0 c:/xpack-arm-none-eabi-gcc/bin/../lib/gcc/arm-none-eabi/11.2.1/../../../../arm-none-eabi/lib/thumb/v7e-m/nofp\libg_nano.a(lib_a-wsetup.o)
 .data          0x0000000020000004        0x0 c:/xpack-arm-none-eabi-gcc/bin/../lib/gcc/arm-none-eabi/11.2.1/../../../../arm-none-eabi/lib/thumb/v7e-m/nofp\libg_nano.a(lib_a-closer.o)
 .data          0x0000000020000004        0x0 c:/xpack-arm-none-eabi-gcc/bin/../lib/gcc/arm-none-eabi/11.2.1/../../../../arm-none-eabi/lib/thumb/v7e-m/nofp\libg_nano.a(lib_a-fflush.o)
 .data          0x0000000020000004        0x0 c:/xpack-arm-none-eabi-gcc/bin/../lib/gcc/arm-none-eabi/11.2.1/../../../../arm-none-eabi/lib/thumb/v7e-m/nofp\libg_nano.a(lib_a-fvwrite.o)
 .data          0x0000000020000004        0x0 c:/xpack-arm-none-eabi-gcc/bin/../lib/gcc/arm-none-eabi/11.2.1/../../../../arm-none-eabi/lib/thumb/v7e-m/nofp\libg_nano.a(lib_a-lseekr.o)
 .data          0x0000000020000004        0x0 c:/xpack-arm-none-eabi-gcc/bin/../lib/gcc/arm-none-eabi/11.2.1/../../../../arm-none-eabi/lib/thumb/v7e-m/nofp\libg_nano.a(lib_a-makebuf.o)
 .data          0x0000000020000004        0x0 c:/xpack-arm-none-eabi-gcc/bin/../lib/gcc/arm-none-eabi/11.2.1/../../../../arm-none-eabi/lib/thumb/v7e-m/nofp\libg_nano.a(lib_a-memchr.o)
 .data          0x0000000020000004        0x0 c:/xpack-arm-none-eabi-gcc/bin/../lib/gcc/arm-none-eabi/11.2.1/../../../../arm-none-eabi/lib/thumb/v7e-m/nofp\libg_nano.a(lib_a-memcpy-stub.o)
 .data          0x0000000020000004        0x0 c:/xpack-arm-none-eabi-gcc/bin/../lib/gcc/arm-none-eabi/11.2.1/../../../../arm-none-eabi/lib/thumb/v7e-m/nofp\libg_nano.a(lib_a-memmove.o)
 .data          0x0000000020000004        0x0 c:/xpack-arm-none-eabi-gcc/bin/../lib/gcc/arm-none-eabi/11.2.1/../../../../arm-none-eabi/lib/thumb/v7e-m/nofp\libg_nano.a(lib_a-mlock.o)
 .data          0x0000000020000004        0x0 c:/xpack-arm-none-eabi-gcc/bin/../lib/gcc/arm-none-eabi/11.2.1/../../../../arm-none-eabi/lib/thumb/v7e-m/nofp\libg_nano.a(lib_a-nano-freer.o)
 .data          0x0000000020000004        0x0 c:/xpack-arm-none-eabi-gcc/bin/../lib/gcc/arm-none-eabi/11.2.1/../../../../arm-none-eabi/lib/thumb/v7e-m/nofp\libg_nano.a(lib_a-nano-reallocr.o)
 .data          0x0000000020000004        0x0 c:/xpack-arm-none-eabi-gcc/bin/../lib/gcc/arm-none-eabi/11.2.1/../../../../arm-none-eabi/lib/thumb/v7e-m/nofp\libg_nano.a(lib_a-nano-vfprintf_i.o)
 .data          0x0000000020000004        0x0 c:/xpack-arm-none-eabi-gcc/bin/../lib/gcc/arm-none-eabi/11.2.1/../../../../arm-none-eabi/lib/thumb/v7e-m/nofp\libg_nano.a(lib_a-readr.o)
 .data          0x0000000020000004        0x0 c:/xpack-arm-none-eabi-gcc/bin/../lib/gcc/arm-none-eabi/11.2.1/../../../../arm-none-eabi/lib/thumb/v7e-m/nofp\libg_nano.a(lib_a-reent.o)
 .data          0x0000000020000004        0x0 c:/xpack-arm-none-eabi-gcc/bin/../lib/gcc/arm-none-eabi/11.2.1/../../../../arm-none-eabi/lib/thumb/v7e-m/nofp\libg_nano.a(lib_a-fstatr.o)
 .data          0x0000000020000004        0x0 c:/xpack-arm-none-eabi-gcc/bin/../lib/gcc/arm-none-eabi/11.2.1/../../../../arm-none-eabi/lib/thumb/v7e-m/nofp\libg_nano.a(lib_a-isattyr.o)
 .data          0x0000000020000004        0x0 c:/xpack-arm-none-eabi-gcc/bin/../lib/gcc/arm-none-eabi/11.2.1/../../../../arm-none-eabi/lib/thumb/v7e-m/nofp\libg_nano.a(lib_a-nano-msizer.o)
 .data          0x0000000020000004        0x0 c:/xpack-arm-none-eabi-gcc/bin/../lib/gcc/arm-none-eabi/11.2.1/../../../../arm-none-eabi/lib/thumb/v7e-m/nofp\libnosys.a(close.o)
 .data          0x0000000020000004        0x0 c:/xpack-arm-none-eabi-gcc/bin/../lib/gcc/arm-none-eabi/11.2.1/../../../../arm-none-eabi/lib/thumb/v7e-m/nofp\libnosys.a(fstat.o)
 .data          0x0000000020000004        0x0 c:/xpack-arm-none-eabi-gcc/bin/../lib/gcc/arm-none-eabi/11.2.1/../../../../arm-none-eabi/lib/thumb/v7e-m/nofp\libnosys.a(isatty.o)
 .data          0x0000000020000004        0x0 c:/xpack-arm-none-eabi-gcc/bin/../lib/gcc/arm-none-eabi/11.2.1/../../../../arm-none-eabi/lib/thumb/v7e-m/nofp\libnosys.a(lseek.o)
 .data          0x0000000020000004        0x0 c:/xpack-arm-none-eabi-gcc/bin/../lib/gcc/arm-none-eabi/11.2.1/../../../../arm-none-eabi/lib/thumb/v7e-m/nofp\libnosys.a(read.o)
 .data          0x0000000020000004        0x0 c:/xpack-arm-none-eabi-gcc/bin/../lib/gcc/arm-none-eabi/11.2.1/../../../../arm-none-eabi/lib/thumb/v7e-m/nofp\libnosys.a(sbrk.o)
 .data          0x0000000020000004        0x0 c:/xpack-arm-none-eabi-gcc/bin/../lib/gcc/arm-none-eabi/11.2.1/../../../../arm-none-eabi/lib/thumb/v7e-m/nofp\libnosys.a(write.o)
 .data          0x0000000020000004        0x0 c:/xpack-arm-none-eabi-gcc/bin/../lib/gcc/arm-none-eabi/11.2.1/../../../../arm-none-eabi/lib/thumb/v7e-m/nofp\libnosys.a(_exit.o)
 .data          0x0000000020000004        0x0 c:/xpack-arm-none-eabi-gcc/bin/../lib/gcc/arm-none-eabi/11.2.1/thumb/v7e-m/nofp/crtend.o
 .data          0x0000000020000004        0x0 c:/xpack-arm-none-eabi-gcc/bin/../lib/gcc/arm-none-eabi/11.2.1/thumb/v7e-m/nofp/crtn.o
 *(.data*)
 .data.__dso_handle
                0x0000000020000004        0x4 c:/xpack-arm-none-eabi-gcc/bin/../lib/gcc/arm-none-eabi/11.2.1/thumb/v7e-m/nofp/crtbegin.o
                0x0000000020000004                __dso_handle
 .data._impure_ptr
                0x0000000020000008        0x4 c:/xpack-arm-none-eabi-gcc/bin/../lib/gcc/arm-none-eabi/11.2.1/../../../../arm-none-eabi/lib/thumb/v7e-m/nofp\libg_nano.a(lib_a-impure.o)
                0x0000000020000008                _impure_ptr
 .data.impure_data
                0x000000002000000c       0x60 c:/xpack-arm-none-eabi-gcc/bin/../lib/gcc/arm-none-eabi/11.2.1/../../../../arm-none-eabi/lib/thumb/v7e-m/nofp\libg_nano.a(lib_a-impure.o)
 .data.__atexit_dummy
                0x000000002000006c        0x4 c:/xpack-arm-none-eabi-gcc/bin/../lib/gcc/arm-none-eabi/11.2.1/../../../../arm-none-eabi/lib/thumb/v7e-m/nofp\libg_nano.a(lib_a-__atexit.o)
                0x000000002000006c                __atexit_dummy
                0x0000000020000070                . = ALIGN (0x4)
                0x0000000020000070                _edata = .

.init_array     0x0000000020000070        0x4 load address 0x0000000008001bec
 .init_array    0x0000000020000070        0x4 c:/xpack-arm-none-eabi-gcc/bin/../lib/gcc/arm-none-eabi/11.2.1/thumb/v7e-m/nofp/crtbegin.o

.fini_array     0x0000000020000074        0x4 load address 0x0000000008001bf0
 .fini_array    0x0000000020000074        0x4 c:/xpack-arm-none-eabi-gcc/bin/../lib/gcc/arm-none-eabi/11.2.1/thumb/v7e-m/nofp/crtbegin.o

.tm_clone_table
                0x0000000020000078        0x0 load address 0x0000000008001bf4
 .tm_clone_table
                0x0000000020000078        0x0 c:/xpack-arm-none-eabi-gcc/bin/../lib/gcc/arm-none-eabi/11.2.1/thumb/v7e-m/nofp/crtbegin.o
 .tm_clone_table
                0x0000000020000078        0x0 c:/xpack-arm-none-eabi-gcc/bin/../lib/gcc/arm-none-eabi/11.2.1/thumb/v7e-m/nofp/crtend.o

.igot.plt       0x0000000020000078        0x0 load address 0x0000000008001bf4
 .igot.plt      0x0000000020000078        0x0 c:/xpack-arm-none-eabi-gcc/bin/../lib/gcc/arm-none-eabi/11.2.1/thumb/v7e-m/nofp/crtbegin.o

.bss            0x0000000020000078       0xc0 load address 0x0000000008001bf4
                0x0000000020000078                . = ALIGN (0x4)
                0x0000000020000078                _sbss = .
                0x0000000020000078                __bss_start__ = _sbss
 *(.bss)
 .bss           0x0000000020000078        0x0 c:/xpack-arm-none-eabi-gcc/bin/../lib/gcc/arm-none-eabi/11.2.1/thumb/v7e-m/nofp/crti.o
 .bss           0x0000000020000078        0x0 c:/xpack-arm-none-eabi-gcc/bin/../lib/gcc/arm-none-eabi/11.2.1/thumb/v7e-m/nofp/crtbegin.o
 .bss           0x0000000020000078        0x0 c:/xpack-arm-none-eabi-gcc/bin/../lib/gcc/arm-none-eabi/11.2.1/../../../../arm-none-eabi/lib/thumb/v7e-m/nofp/crt0.o
 .bss           0x0000000020000078        0x0 C:\Users\vqtrong\AppData\Roaming\MOBAXT~1\slash\tmp\ccqMjMXs.o
 .bss           0x0000000020000078        0x4 C:\Users\vqtrong\AppData\Roaming\MOBAXT~1\slash\tmp\cc2Vr8HG.o
                0x0000000020000078                delay_counter
 .bss           0x000000002000007c        0x0 C:\Users\vqtrong\AppData\Roaming\MOBAXT~1\slash\tmp\ccaAPgDS.o
 .bss           0x000000002000007c        0x0 C:\Users\vqtrong\AppData\Roaming\MOBAXT~1\slash\tmp\cccBuhn7.o
 .bss           0x000000002000007c        0x0 c:/xpack-arm-none-eabi-gcc/bin/../lib/gcc/arm-none-eabi/11.2.1/../../../../arm-none-eabi/lib/thumb/v7e-m/nofp\libg_nano.a(lib_a-atexit.o)
 .bss           0x000000002000007c        0x0 c:/xpack-arm-none-eabi-gcc/bin/../lib/gcc/arm-none-eabi/11.2.1/../../../../arm-none-eabi/lib/thumb/v7e-m/nofp\libg_nano.a(lib_a-exit.o)
 .bss           0x000000002000007c        0x0 c:/xpack-arm-none-eabi-gcc/bin/../lib/gcc/arm-none-eabi/11.2.1/../../../../arm-none-eabi/lib/thumb/v7e-m/nofp\libg_nano.a(lib_a-fini.o)
 .bss           0x000000002000007c        0x0 c:/xpack-arm-none-eabi-gcc/bin/../lib/gcc/arm-none-eabi/11.2.1/../../../../arm-none-eabi/lib/thumb/v7e-m/nofp\libg_nano.a(lib_a-impure.o)
 .bss           0x000000002000007c        0x0 c:/xpack-arm-none-eabi-gcc/bin/../lib/gcc/arm-none-eabi/11.2.1/../../../../arm-none-eabi/lib/thumb/v7e-m/nofp\libg_nano.a(lib_a-init.o)
 .bss           0x000000002000007c        0x0 c:/xpack-arm-none-eabi-gcc/bin/../lib/gcc/arm-none-eabi/11.2.1/../../../../arm-none-eabi/lib/thumb/v7e-m/nofp\libg_nano.a(lib_a-memset.o)
 .bss           0x000000002000007c        0x0 c:/xpack-arm-none-eabi-gcc/bin/../lib/gcc/arm-none-eabi/11.2.1/../../../../arm-none-eabi/lib/thumb/v7e-m/nofp\libg_nano.a(lib_a-printf.o)
 .bss           0x000000002000007c        0x0 c:/xpack-arm-none-eabi-gcc/bin/../lib/gcc/arm-none-eabi/11.2.1/../../../../arm-none-eabi/lib/thumb/v7e-m/nofp\libg_nano.a(lib_a-__atexit.o)
 .bss           0x000000002000007c        0x0 c:/xpack-arm-none-eabi-gcc/bin/../lib/gcc/arm-none-eabi/11.2.1/../../../../arm-none-eabi/lib/thumb/v7e-m/nofp\libg_nano.a(lib_a-__call_atexit.o)
 .bss           0x000000002000007c        0x0 c:/xpack-arm-none-eabi-gcc/bin/../lib/gcc/arm-none-eabi/11.2.1/../../../../arm-none-eabi/lib/thumb/v7e-m/nofp\libg_nano.a(lib_a-findfp.o)
 .bss           0x000000002000007c        0x0 c:/xpack-arm-none-eabi-gcc/bin/../lib/gcc/arm-none-eabi/11.2.1/../../../../arm-none-eabi/lib/thumb/v7e-m/nofp\libg_nano.a(lib_a-fwalk.o)
 .bss           0x000000002000007c        0x0 c:/xpack-arm-none-eabi-gcc/bin/../lib/gcc/arm-none-eabi/11.2.1/../../../../arm-none-eabi/lib/thumb/v7e-m/nofp\libg_nano.a(lib_a-nano-mallocr.o)
 .bss           0x000000002000007c        0x0 c:/xpack-arm-none-eabi-gcc/bin/../lib/gcc/arm-none-eabi/11.2.1/../../../../arm-none-eabi/lib/thumb/v7e-m/nofp\libg_nano.a(lib_a-nano-vfprintf.o)
 .bss           0x000000002000007c        0x0 c:/xpack-arm-none-eabi-gcc/bin/../lib/gcc/arm-none-eabi/11.2.1/../../../../arm-none-eabi/lib/thumb/v7e-m/nofp\libg_nano.a(lib_a-sbrkr.o)
 .bss           0x000000002000007c        0x0 c:/xpack-arm-none-eabi-gcc/bin/../lib/gcc/arm-none-eabi/11.2.1/../../../../arm-none-eabi/lib/thumb/v7e-m/nofp\libg_nano.a(lib_a-stdio.o)
 .bss           0x000000002000007c        0x0 c:/xpack-arm-none-eabi-gcc/bin/../lib/gcc/arm-none-eabi/11.2.1/../../../../arm-none-eabi/lib/thumb/v7e-m/nofp\libg_nano.a(lib_a-wbuf.o)
 .bss           0x000000002000007c        0x0 c:/xpack-arm-none-eabi-gcc/bin/../lib/gcc/arm-none-eabi/11.2.1/../../../../arm-none-eabi/lib/thumb/v7e-m/nofp\libg_nano.a(lib_a-writer.o)
 .bss           0x000000002000007c        0x0 c:/xpack-arm-none-eabi-gcc/bin/../lib/gcc/arm-none-eabi/11.2.1/../../../../arm-none-eabi/lib/thumb/v7e-m/nofp\libg_nano.a(lib_a-wsetup.o)
 .bss           0x000000002000007c        0x0 c:/xpack-arm-none-eabi-gcc/bin/../lib/gcc/arm-none-eabi/11.2.1/../../../../arm-none-eabi/lib/thumb/v7e-m/nofp\libg_nano.a(lib_a-closer.o)
 .bss           0x000000002000007c        0x0 c:/xpack-arm-none-eabi-gcc/bin/../lib/gcc/arm-none-eabi/11.2.1/../../../../arm-none-eabi/lib/thumb/v7e-m/nofp\libg_nano.a(lib_a-fflush.o)
 .bss           0x000000002000007c        0x0 c:/xpack-arm-none-eabi-gcc/bin/../lib/gcc/arm-none-eabi/11.2.1/../../../../arm-none-eabi/lib/thumb/v7e-m/nofp\libg_nano.a(lib_a-fvwrite.o)
 .bss           0x000000002000007c        0x0 c:/xpack-arm-none-eabi-gcc/bin/../lib/gcc/arm-none-eabi/11.2.1/../../../../arm-none-eabi/lib/thumb/v7e-m/nofp\libg_nano.a(lib_a-lseekr.o)
 .bss           0x000000002000007c        0x0 c:/xpack-arm-none-eabi-gcc/bin/../lib/gcc/arm-none-eabi/11.2.1/../../../../arm-none-eabi/lib/thumb/v7e-m/nofp\libg_nano.a(lib_a-makebuf.o)
 .bss           0x000000002000007c        0x0 c:/xpack-arm-none-eabi-gcc/bin/../lib/gcc/arm-none-eabi/11.2.1/../../../../arm-none-eabi/lib/thumb/v7e-m/nofp\libg_nano.a(lib_a-memchr.o)
 .bss           0x000000002000007c        0x0 c:/xpack-arm-none-eabi-gcc/bin/../lib/gcc/arm-none-eabi/11.2.1/../../../../arm-none-eabi/lib/thumb/v7e-m/nofp\libg_nano.a(lib_a-memcpy-stub.o)
 .bss           0x000000002000007c        0x0 c:/xpack-arm-none-eabi-gcc/bin/../lib/gcc/arm-none-eabi/11.2.1/../../../../arm-none-eabi/lib/thumb/v7e-m/nofp\libg_nano.a(lib_a-memmove.o)
 .bss           0x000000002000007c        0x0 c:/xpack-arm-none-eabi-gcc/bin/../lib/gcc/arm-none-eabi/11.2.1/../../../../arm-none-eabi/lib/thumb/v7e-m/nofp\libg_nano.a(lib_a-mlock.o)
 .bss           0x000000002000007c        0x0 c:/xpack-arm-none-eabi-gcc/bin/../lib/gcc/arm-none-eabi/11.2.1/../../../../arm-none-eabi/lib/thumb/v7e-m/nofp\libg_nano.a(lib_a-nano-freer.o)
 .bss           0x000000002000007c        0x0 c:/xpack-arm-none-eabi-gcc/bin/../lib/gcc/arm-none-eabi/11.2.1/../../../../arm-none-eabi/lib/thumb/v7e-m/nofp\libg_nano.a(lib_a-nano-reallocr.o)
 .bss           0x000000002000007c        0x0 c:/xpack-arm-none-eabi-gcc/bin/../lib/gcc/arm-none-eabi/11.2.1/../../../../arm-none-eabi/lib/thumb/v7e-m/nofp\libg_nano.a(lib_a-nano-vfprintf_i.o)
 .bss           0x000000002000007c        0x0 c:/xpack-arm-none-eabi-gcc/bin/../lib/gcc/arm-none-eabi/11.2.1/../../../../arm-none-eabi/lib/thumb/v7e-m/nofp\libg_nano.a(lib_a-readr.o)
 .bss           0x000000002000007c        0x0 c:/xpack-arm-none-eabi-gcc/bin/../lib/gcc/arm-none-eabi/11.2.1/../../../../arm-none-eabi/lib/thumb/v7e-m/nofp\libg_nano.a(lib_a-reent.o)
 .bss           0x000000002000007c        0x0 c:/xpack-arm-none-eabi-gcc/bin/../lib/gcc/arm-none-eabi/11.2.1/../../../../arm-none-eabi/lib/thumb/v7e-m/nofp\libg_nano.a(lib_a-fstatr.o)
 .bss           0x000000002000007c        0x0 c:/xpack-arm-none-eabi-gcc/bin/../lib/gcc/arm-none-eabi/11.2.1/../../../../arm-none-eabi/lib/thumb/v7e-m/nofp\libg_nano.a(lib_a-isattyr.o)
 .bss           0x000000002000007c        0x0 c:/xpack-arm-none-eabi-gcc/bin/../lib/gcc/arm-none-eabi/11.2.1/../../../../arm-none-eabi/lib/thumb/v7e-m/nofp\libg_nano.a(lib_a-nano-msizer.o)
 .bss           0x000000002000007c        0x0 c:/xpack-arm-none-eabi-gcc/bin/../lib/gcc/arm-none-eabi/11.2.1/../../../../arm-none-eabi/lib/thumb/v7e-m/nofp\libnosys.a(close.o)
 .bss           0x000000002000007c        0x0 c:/xpack-arm-none-eabi-gcc/bin/../lib/gcc/arm-none-eabi/11.2.1/../../../../arm-none-eabi/lib/thumb/v7e-m/nofp\libnosys.a(fstat.o)
 .bss           0x000000002000007c        0x0 c:/xpack-arm-none-eabi-gcc/bin/../lib/gcc/arm-none-eabi/11.2.1/../../../../arm-none-eabi/lib/thumb/v7e-m/nofp\libnosys.a(isatty.o)
 .bss           0x000000002000007c        0x0 c:/xpack-arm-none-eabi-gcc/bin/../lib/gcc/arm-none-eabi/11.2.1/../../../../arm-none-eabi/lib/thumb/v7e-m/nofp\libnosys.a(lseek.o)
 .bss           0x000000002000007c        0x0 c:/xpack-arm-none-eabi-gcc/bin/../lib/gcc/arm-none-eabi/11.2.1/../../../../arm-none-eabi/lib/thumb/v7e-m/nofp\libnosys.a(read.o)
 .bss           0x000000002000007c        0x0 c:/xpack-arm-none-eabi-gcc/bin/../lib/gcc/arm-none-eabi/11.2.1/../../../../arm-none-eabi/lib/thumb/v7e-m/nofp\libnosys.a(sbrk.o)
 .bss           0x000000002000007c        0x0 c:/xpack-arm-none-eabi-gcc/bin/../lib/gcc/arm-none-eabi/11.2.1/../../../../arm-none-eabi/lib/thumb/v7e-m/nofp\libnosys.a(write.o)
 .bss           0x000000002000007c        0x0 c:/xpack-arm-none-eabi-gcc/bin/../lib/gcc/arm-none-eabi/11.2.1/../../../../arm-none-eabi/lib/thumb/v7e-m/nofp\libnosys.a(_exit.o)
 .bss           0x000000002000007c        0x0 c:/xpack-arm-none-eabi-gcc/bin/../lib/gcc/arm-none-eabi/11.2.1/thumb/v7e-m/nofp/crtend.o
 .bss           0x000000002000007c        0x0 c:/xpack-arm-none-eabi-gcc/bin/../lib/gcc/arm-none-eabi/11.2.1/thumb/v7e-m/nofp/crtn.o
 *(.bss.*)
 .bss.completed.1
                0x000000002000007c        0x1 c:/xpack-arm-none-eabi-gcc/bin/../lib/gcc/arm-none-eabi/11.2.1/thumb/v7e-m/nofp/crtbegin.o
 *fill*         0x000000002000007d        0x3 
 .bss.object.0  0x0000000020000080       0x18 c:/xpack-arm-none-eabi-gcc/bin/../lib/gcc/arm-none-eabi/11.2.1/thumb/v7e-m/nofp/crtbegin.o
 .bss._global_atexit0
                0x0000000020000098       0x8c c:/xpack-arm-none-eabi-gcc/bin/../lib/gcc/arm-none-eabi/11.2.1/../../../../arm-none-eabi/lib/thumb/v7e-m/nofp\libg_nano.a(lib_a-__atexit.o)
 .bss._global_atexit
                0x0000000020000124        0x4 c:/xpack-arm-none-eabi-gcc/bin/../lib/gcc/arm-none-eabi/11.2.1/../../../../arm-none-eabi/lib/thumb/v7e-m/nofp\libg_nano.a(lib_a-__call_atexit.o)
                0x0000000020000124                _global_atexit
 .bss.__malloc_free_list
                0x0000000020000128        0x4 c:/xpack-arm-none-eabi-gcc/bin/../lib/gcc/arm-none-eabi/11.2.1/../../../../arm-none-eabi/lib/thumb/v7e-m/nofp\libg_nano.a(lib_a-nano-mallocr.o)
                0x0000000020000128                __malloc_free_list
 .bss.__malloc_sbrk_start
                0x000000002000012c        0x4 c:/xpack-arm-none-eabi-gcc/bin/../lib/gcc/arm-none-eabi/11.2.1/../../../../arm-none-eabi/lib/thumb/v7e-m/nofp\libg_nano.a(lib_a-nano-mallocr.o)
                0x000000002000012c                __malloc_sbrk_start
 .bss.errno     0x0000000020000130        0x4 c:/xpack-arm-none-eabi-gcc/bin/../lib/gcc/arm-none-eabi/11.2.1/../../../../arm-none-eabi/lib/thumb/v7e-m/nofp\libg_nano.a(lib_a-reent.o)
                0x0000000020000130                errno
 .bss.heap_end.0
                0x0000000020000134        0x4 c:/xpack-arm-none-eabi-gcc/bin/../lib/gcc/arm-none-eabi/11.2.1/../../../../arm-none-eabi/lib/thumb/v7e-m/nofp\libnosys.a(sbrk.o)
 *(COMMON)
                0x0000000020000138                . = ALIGN (0x4)
                0x0000000020000138                _ebss = .
                0x0000000020000138                __bss_end__ = _ebss

._user_heap_stack
                0x0000000020000138      0x600 load address 0x0000000008001bf4
                0x0000000020000138                . = ALIGN (0x8)
                0x0000000020000138                end = .
                0x0000000020000138                _end = .
                0x0000000020000138                __end__ = .
                0x0000000020000338                . = (. + _Min_Heap_Size)
 *fill*         0x0000000020000138      0x200 
                0x0000000020000738                . = (. + _Min_Stack_Size)
 *fill*         0x0000000020000338      0x400 
                0x0000000020000738                . = ALIGN (0x8)

/DISCARD/
 libc.a(*)
 libm.a(*)
 libgcc.a(*)

.ARM.attributes
                0x0000000000000000       0x2a
 *(.ARM.attributes)
 .ARM.attributes
                0x0000000000000000       0x1e c:/xpack-arm-none-eabi-gcc/bin/../lib/gcc/arm-none-eabi/11.2.1/thumb/v7e-m/nofp/crti.o
 .ARM.attributes
                0x000000000000001e       0x2e c:/xpack-arm-none-eabi-gcc/bin/../lib/gcc/arm-none-eabi/11.2.1/thumb/v7e-m/nofp/crtbegin.o
 .ARM.attributes
                0x000000000000004c       0x1c c:/xpack-arm-none-eabi-gcc/bin/../lib/gcc/arm-none-eabi/11.2.1/../../../../arm-none-eabi/lib/thumb/v7e-m/nofp/crt0.o
 .ARM.attributes
                0x0000000000000068       0x2e C:\Users\vqtrong\AppData\Roaming\MOBAXT~1\slash\tmp\ccqMjMXs.o
 .ARM.attributes
                0x0000000000000096       0x2e C:\Users\vqtrong\AppData\Roaming\MOBAXT~1\slash\tmp\cc2Vr8HG.o
 .ARM.attributes
                0x00000000000000c4       0x2e C:\Users\vqtrong\AppData\Roaming\MOBAXT~1\slash\tmp\ccaAPgDS.o
 .ARM.attributes
                0x00000000000000f2       0x2e C:\Users\vqtrong\AppData\Roaming\MOBAXT~1\slash\tmp\cccBuhn7.o
 .ARM.attributes
                0x0000000000000120       0x2e c:/xpack-arm-none-eabi-gcc/bin/../lib/gcc/arm-none-eabi/11.2.1/../../../../arm-none-eabi/lib/thumb/v7e-m/nofp\libg_nano.a(lib_a-atexit.o)
 .ARM.attributes
                0x000000000000014e       0x2e c:/xpack-arm-none-eabi-gcc/bin/../lib/gcc/arm-none-eabi/11.2.1/../../../../arm-none-eabi/lib/thumb/v7e-m/nofp\libg_nano.a(lib_a-exit.o)
 .ARM.attributes
                0x000000000000017c       0x2e c:/xpack-arm-none-eabi-gcc/bin/../lib/gcc/arm-none-eabi/11.2.1/../../../../arm-none-eabi/lib/thumb/v7e-m/nofp\libg_nano.a(lib_a-fini.o)
 .ARM.attributes
                0x00000000000001aa       0x2e c:/xpack-arm-none-eabi-gcc/bin/../lib/gcc/arm-none-eabi/11.2.1/../../../../arm-none-eabi/lib/thumb/v7e-m/nofp\libg_nano.a(lib_a-impure.o)
 .ARM.attributes
                0x00000000000001d8       0x2e c:/xpack-arm-none-eabi-gcc/bin/../lib/gcc/arm-none-eabi/11.2.1/../../../../arm-none-eabi/lib/thumb/v7e-m/nofp\libg_nano.a(lib_a-init.o)
 .ARM.attributes
                0x0000000000000206       0x2e c:/xpack-arm-none-eabi-gcc/bin/../lib/gcc/arm-none-eabi/11.2.1/../../../../arm-none-eabi/lib/thumb/v7e-m/nofp\libg_nano.a(lib_a-memset.o)
 .ARM.attributes
                0x0000000000000234       0x2e c:/xpack-arm-none-eabi-gcc/bin/../lib/gcc/arm-none-eabi/11.2.1/../../../../arm-none-eabi/lib/thumb/v7e-m/nofp\libg_nano.a(lib_a-printf.o)
 .ARM.attributes
                0x0000000000000262       0x2e c:/xpack-arm-none-eabi-gcc/bin/../lib/gcc/arm-none-eabi/11.2.1/../../../../arm-none-eabi/lib/thumb/v7e-m/nofp\libg_nano.a(lib_a-__atexit.o)
 .ARM.attributes
                0x0000000000000290       0x2e c:/xpack-arm-none-eabi-gcc/bin/../lib/gcc/arm-none-eabi/11.2.1/../../../../arm-none-eabi/lib/thumb/v7e-m/nofp\libg_nano.a(lib_a-__call_atexit.o)
 .ARM.attributes
                0x00000000000002be       0x2e c:/xpack-arm-none-eabi-gcc/bin/../lib/gcc/arm-none-eabi/11.2.1/../../../../arm-none-eabi/lib/thumb/v7e-m/nofp\libg_nano.a(lib_a-findfp.o)
 .ARM.attributes
                0x00000000000002ec       0x2e c:/xpack-arm-none-eabi-gcc/bin/../lib/gcc/arm-none-eabi/11.2.1/../../../../arm-none-eabi/lib/thumb/v7e-m/nofp\libg_nano.a(lib_a-fwalk.o)
 .ARM.attributes
                0x000000000000031a       0x2e c:/xpack-arm-none-eabi-gcc/bin/../lib/gcc/arm-none-eabi/11.2.1/../../../../arm-none-eabi/lib/thumb/v7e-m/nofp\libg_nano.a(lib_a-nano-mallocr.o)
 .ARM.attributes
                0x0000000000000348       0x2e c:/xpack-arm-none-eabi-gcc/bin/../lib/gcc/arm-none-eabi/11.2.1/../../../../arm-none-eabi/lib/thumb/v7e-m/nofp\libg_nano.a(lib_a-nano-vfprintf.o)
 .ARM.attributes
                0x0000000000000376       0x2e c:/xpack-arm-none-eabi-gcc/bin/../lib/gcc/arm-none-eabi/11.2.1/../../../../arm-none-eabi/lib/thumb/v7e-m/nofp\libg_nano.a(lib_a-sbrkr.o)
 .ARM.attributes
                0x00000000000003a4       0x2e c:/xpack-arm-none-eabi-gcc/bin/../lib/gcc/arm-none-eabi/11.2.1/../../../../arm-none-eabi/lib/thumb/v7e-m/nofp\libg_nano.a(lib_a-stdio.o)
 .ARM.attributes
                0x00000000000003d2       0x2e c:/xpack-arm-none-eabi-gcc/bin/../lib/gcc/arm-none-eabi/11.2.1/../../../../arm-none-eabi/lib/thumb/v7e-m/nofp\libg_nano.a(lib_a-wbuf.o)
 .ARM.attributes
                0x0000000000000400       0x2e c:/xpack-arm-none-eabi-gcc/bin/../lib/gcc/arm-none-eabi/11.2.1/../../../../arm-none-eabi/lib/thumb/v7e-m/nofp\libg_nano.a(lib_a-writer.o)
 .ARM.attributes
                0x000000000000042e       0x2e c:/xpack-arm-none-eabi-gcc/bin/../lib/gcc/arm-none-eabi/11.2.1/../../../../arm-none-eabi/lib/thumb/v7e-m/nofp\libg_nano.a(lib_a-wsetup.o)
 .ARM.attributes
                0x000000000000045c       0x2e c:/xpack-arm-none-eabi-gcc/bin/../lib/gcc/arm-none-eabi/11.2.1/../../../../arm-none-eabi/lib/thumb/v7e-m/nofp\libg_nano.a(lib_a-closer.o)
 .ARM.attributes
                0x000000000000048a       0x2e c:/xpack-arm-none-eabi-gcc/bin/../lib/gcc/arm-none-eabi/11.2.1/../../../../arm-none-eabi/lib/thumb/v7e-m/nofp\libg_nano.a(lib_a-fflush.o)
 .ARM.attributes
                0x00000000000004b8       0x2e c:/xpack-arm-none-eabi-gcc/bin/../lib/gcc/arm-none-eabi/11.2.1/../../../../arm-none-eabi/lib/thumb/v7e-m/nofp\libg_nano.a(lib_a-fvwrite.o)
 .ARM.attributes
                0x00000000000004e6       0x2e c:/xpack-arm-none-eabi-gcc/bin/../lib/gcc/arm-none-eabi/11.2.1/../../../../arm-none-eabi/lib/thumb/v7e-m/nofp\libg_nano.a(lib_a-lseekr.o)
 .ARM.attributes
                0x0000000000000514       0x2e c:/xpack-arm-none-eabi-gcc/bin/../lib/gcc/arm-none-eabi/11.2.1/../../../../arm-none-eabi/lib/thumb/v7e-m/nofp\libg_nano.a(lib_a-makebuf.o)
 .ARM.attributes
                0x0000000000000542       0x1c c:/xpack-arm-none-eabi-gcc/bin/../lib/gcc/arm-none-eabi/11.2.1/../../../../arm-none-eabi/lib/thumb/v7e-m/nofp\libg_nano.a(lib_a-memchr.o)
 .ARM.attributes
                0x000000000000055e       0x2e c:/xpack-arm-none-eabi-gcc/bin/../lib/gcc/arm-none-eabi/11.2.1/../../../../arm-none-eabi/lib/thumb/v7e-m/nofp\libg_nano.a(lib_a-memcpy-stub.o)
 .ARM.attributes
                0x000000000000058c       0x2e c:/xpack-arm-none-eabi-gcc/bin/../lib/gcc/arm-none-eabi/11.2.1/../../../../arm-none-eabi/lib/thumb/v7e-m/nofp\libg_nano.a(lib_a-memmove.o)
 .ARM.attributes
                0x00000000000005ba       0x2e c:/xpack-arm-none-eabi-gcc/bin/../lib/gcc/arm-none-eabi/11.2.1/../../../../arm-none-eabi/lib/thumb/v7e-m/nofp\libg_nano.a(lib_a-mlock.o)
 .ARM.attributes
                0x00000000000005e8       0x2e c:/xpack-arm-none-eabi-gcc/bin/../lib/gcc/arm-none-eabi/11.2.1/../../../../arm-none-eabi/lib/thumb/v7e-m/nofp\libg_nano.a(lib_a-nano-freer.o)
 .ARM.attributes
                0x0000000000000616       0x2e c:/xpack-arm-none-eabi-gcc/bin/../lib/gcc/arm-none-eabi/11.2.1/../../../../arm-none-eabi/lib/thumb/v7e-m/nofp\libg_nano.a(lib_a-nano-reallocr.o)
 .ARM.attributes
                0x0000000000000644       0x2e c:/xpack-arm-none-eabi-gcc/bin/../lib/gcc/arm-none-eabi/11.2.1/../../../../arm-none-eabi/lib/thumb/v7e-m/nofp\libg_nano.a(lib_a-nano-vfprintf_i.o)
 .ARM.attributes
                0x0000000000000672       0x2e c:/xpack-arm-none-eabi-gcc/bin/../lib/gcc/arm-none-eabi/11.2.1/../../../../arm-none-eabi/lib/thumb/v7e-m/nofp\libg_nano.a(lib_a-readr.o)
 .ARM.attributes
                0x00000000000006a0       0x2e c:/xpack-arm-none-eabi-gcc/bin/../lib/gcc/arm-none-eabi/11.2.1/../../../../arm-none-eabi/lib/thumb/v7e-m/nofp\libg_nano.a(lib_a-reent.o)
 .ARM.attributes
                0x00000000000006ce       0x2e c:/xpack-arm-none-eabi-gcc/bin/../lib/gcc/arm-none-eabi/11.2.1/../../../../arm-none-eabi/lib/thumb/v7e-m/nofp\libg_nano.a(lib_a-fstatr.o)
 .ARM.attributes
                0x00000000000006fc       0x2e c:/xpack-arm-none-eabi-gcc/bin/../lib/gcc/arm-none-eabi/11.2.1/../../../../arm-none-eabi/lib/thumb/v7e-m/nofp\libg_nano.a(lib_a-isattyr.o)
 .ARM.attributes
                0x000000000000072a       0x2e c:/xpack-arm-none-eabi-gcc/bin/../lib/gcc/arm-none-eabi/11.2.1/../../../../arm-none-eabi/lib/thumb/v7e-m/nofp\libg_nano.a(lib_a-nano-msizer.o)
 .ARM.attributes
                0x0000000000000758       0x2e c:/xpack-arm-none-eabi-gcc/bin/../lib/gcc/arm-none-eabi/11.2.1/../../../../arm-none-eabi/lib/thumb/v7e-m/nofp\libnosys.a(close.o)
 .ARM.attributes
                0x0000000000000786       0x2e c:/xpack-arm-none-eabi-gcc/bin/../lib/gcc/arm-none-eabi/11.2.1/../../../../arm-none-eabi/lib/thumb/v7e-m/nofp\libnosys.a(fstat.o)
 .ARM.attributes
                0x00000000000007b4       0x2e c:/xpack-arm-none-eabi-gcc/bin/../lib/gcc/arm-none-eabi/11.2.1/../../../../arm-none-eabi/lib/thumb/v7e-m/nofp\libnosys.a(isatty.o)
 .ARM.attributes
                0x00000000000007e2       0x2e c:/xpack-arm-none-eabi-gcc/bin/../lib/gcc/arm-none-eabi/11.2.1/../../../../arm-none-eabi/lib/thumb/v7e-m/nofp\libnosys.a(lseek.o)
 .ARM.attributes
                0x0000000000000810       0x2e c:/xpack-arm-none-eabi-gcc/bin/../lib/gcc/arm-none-eabi/11.2.1/../../../../arm-none-eabi/lib/thumb/v7e-m/nofp\libnosys.a(read.o)
 .ARM.attributes
                0x000000000000083e       0x2e c:/xpack-arm-none-eabi-gcc/bin/../lib/gcc/arm-none-eabi/11.2.1/../../../../arm-none-eabi/lib/thumb/v7e-m/nofp\libnosys.a(sbrk.o)
 .ARM.attributes
                0x000000000000086c       0x2e c:/xpack-arm-none-eabi-gcc/bin/../lib/gcc/arm-none-eabi/11.2.1/../../../../arm-none-eabi/lib/thumb/v7e-m/nofp\libnosys.a(write.o)
 .ARM.attributes
                0x000000000000089a       0x2e c:/xpack-arm-none-eabi-gcc/bin/../lib/gcc/arm-none-eabi/11.2.1/../../../../arm-none-eabi/lib/thumb/v7e-m/nofp\libnosys.a(_exit.o)
 .ARM.attributes
                0x00000000000008c8       0x2e c:/xpack-arm-none-eabi-gcc/bin/../lib/gcc/arm-none-eabi/11.2.1/thumb/v7e-m/nofp/crtend.o
 .ARM.attributes
                0x00000000000008f6       0x1e c:/xpack-arm-none-eabi-gcc/bin/../lib/gcc/arm-none-eabi/11.2.1/thumb/v7e-m/nofp/crtn.o
OUTPUT(main-debug.elf elf32-littlearm)
LOAD linker stubs
LOAD c:/xpack-arm-none-eabi-gcc/bin/../lib/gcc/arm-none-eabi/11.2.1/../../../../arm-none-eabi/lib/thumb/v7e-m/nofp\libc.a
LOAD c:/xpack-arm-none-eabi-gcc/bin/../lib/gcc/arm-none-eabi/11.2.1/../../../../arm-none-eabi/lib/thumb/v7e-m/nofp\libm.a
LOAD c:/xpack-arm-none-eabi-gcc/bin/../lib/gcc/arm-none-eabi/11.2.1/thumb/v7e-m/nofp\libgcc.a

.comment        0x0000000000000000       0x39
 .comment       0x0000000000000000       0x39 c:/xpack-arm-none-eabi-gcc/bin/../lib/gcc/arm-none-eabi/11.2.1/thumb/v7e-m/nofp/crtbegin.o
                                         0x3a (size before relaxing)
 .comment       0x0000000000000039       0x3a C:\Users\vqtrong\AppData\Roaming\MOBAXT~1\slash\tmp\ccqMjMXs.o
 .comment       0x0000000000000039       0x3a C:\Users\vqtrong\AppData\Roaming\MOBAXT~1\slash\tmp\cc2Vr8HG.o
 .comment       0x0000000000000039       0x3a C:\Users\vqtrong\AppData\Roaming\MOBAXT~1\slash\tmp\ccaAPgDS.o
 .comment       0x0000000000000039       0x3a C:\Users\vqtrong\AppData\Roaming\MOBAXT~1\slash\tmp\cccBuhn7.o
 .comment       0x0000000000000039       0x3a c:/xpack-arm-none-eabi-gcc/bin/../lib/gcc/arm-none-eabi/11.2.1/../../../../arm-none-eabi/lib/thumb/v7e-m/nofp\libg_nano.a(lib_a-atexit.o)
 .comment       0x0000000000000039       0x3a c:/xpack-arm-none-eabi-gcc/bin/../lib/gcc/arm-none-eabi/11.2.1/../../../../arm-none-eabi/lib/thumb/v7e-m/nofp\libg_nano.a(lib_a-exit.o)
 .comment       0x0000000000000039       0x3a c:/xpack-arm-none-eabi-gcc/bin/../lib/gcc/arm-none-eabi/11.2.1/../../../../arm-none-eabi/lib/thumb/v7e-m/nofp\libg_nano.a(lib_a-fini.o)
 .comment       0x0000000000000039       0x3a c:/xpack-arm-none-eabi-gcc/bin/../lib/gcc/arm-none-eabi/11.2.1/../../../../arm-none-eabi/lib/thumb/v7e-m/nofp\libg_nano.a(lib_a-impure.o)
 .comment       0x0000000000000039       0x3a c:/xpack-arm-none-eabi-gcc/bin/../lib/gcc/arm-none-eabi/11.2.1/../../../../arm-none-eabi/lib/thumb/v7e-m/nofp\libg_nano.a(lib_a-init.o)
 .comment       0x0000000000000039       0x3a c:/xpack-arm-none-eabi-gcc/bin/../lib/gcc/arm-none-eabi/11.2.1/../../../../arm-none-eabi/lib/thumb/v7e-m/nofp\libg_nano.a(lib_a-memset.o)
 .comment       0x0000000000000039       0x3a c:/xpack-arm-none-eabi-gcc/bin/../lib/gcc/arm-none-eabi/11.2.1/../../../../arm-none-eabi/lib/thumb/v7e-m/nofp\libg_nano.a(lib_a-printf.o)
 .comment       0x0000000000000039       0x3a c:/xpack-arm-none-eabi-gcc/bin/../lib/gcc/arm-none-eabi/11.2.1/../../../../arm-none-eabi/lib/thumb/v7e-m/nofp\libg_nano.a(lib_a-__atexit.o)
 .comment       0x0000000000000039       0x3a c:/xpack-arm-none-eabi-gcc/bin/../lib/gcc/arm-none-eabi/11.2.1/../../../../arm-none-eabi/lib/thumb/v7e-m/nofp\libg_nano.a(lib_a-__call_atexit.o)
 .comment       0x0000000000000039       0x3a c:/xpack-arm-none-eabi-gcc/bin/../lib/gcc/arm-none-eabi/11.2.1/../../../../arm-none-eabi/lib/thumb/v7e-m/nofp\libg_nano.a(lib_a-findfp.o)
 .comment       0x0000000000000039       0x3a c:/xpack-arm-none-eabi-gcc/bin/../lib/gcc/arm-none-eabi/11.2.1/../../../../arm-none-eabi/lib/thumb/v7e-m/nofp\libg_nano.a(lib_a-fwalk.o)
 .comment       0x0000000000000039       0x3a c:/xpack-arm-none-eabi-gcc/bin/../lib/gcc/arm-none-eabi/11.2.1/../../../../arm-none-eabi/lib/thumb/v7e-m/nofp\libg_nano.a(lib_a-nano-mallocr.o)
 .comment       0x0000000000000039       0x3a c:/xpack-arm-none-eabi-gcc/bin/../lib/gcc/arm-none-eabi/11.2.1/../../../../arm-none-eabi/lib/thumb/v7e-m/nofp\libg_nano.a(lib_a-nano-vfprintf.o)
 .comment       0x0000000000000039       0x3a c:/xpack-arm-none-eabi-gcc/bin/../lib/gcc/arm-none-eabi/11.2.1/../../../../arm-none-eabi/lib/thumb/v7e-m/nofp\libg_nano.a(lib_a-sbrkr.o)
 .comment       0x0000000000000039       0x3a c:/xpack-arm-none-eabi-gcc/bin/../lib/gcc/arm-none-eabi/11.2.1/../../../../arm-none-eabi/lib/thumb/v7e-m/nofp\libg_nano.a(lib_a-stdio.o)
 .comment       0x0000000000000039       0x3a c:/xpack-arm-none-eabi-gcc/bin/../lib/gcc/arm-none-eabi/11.2.1/../../../../arm-none-eabi/lib/thumb/v7e-m/nofp\libg_nano.a(lib_a-wbuf.o)
 .comment       0x0000000000000039       0x3a c:/xpack-arm-none-eabi-gcc/bin/../lib/gcc/arm-none-eabi/11.2.1/../../../../arm-none-eabi/lib/thumb/v7e-m/nofp\libg_nano.a(lib_a-writer.o)
 .comment       0x0000000000000039       0x3a c:/xpack-arm-none-eabi-gcc/bin/../lib/gcc/arm-none-eabi/11.2.1/../../../../arm-none-eabi/lib/thumb/v7e-m/nofp\libg_nano.a(lib_a-wsetup.o)
 .comment       0x0000000000000039       0x3a c:/xpack-arm-none-eabi-gcc/bin/../lib/gcc/arm-none-eabi/11.2.1/../../../../arm-none-eabi/lib/thumb/v7e-m/nofp\libg_nano.a(lib_a-closer.o)
 .comment       0x0000000000000039       0x3a c:/xpack-arm-none-eabi-gcc/bin/../lib/gcc/arm-none-eabi/11.2.1/../../../../arm-none-eabi/lib/thumb/v7e-m/nofp\libg_nano.a(lib_a-fflush.o)
 .comment       0x0000000000000039       0x3a c:/xpack-arm-none-eabi-gcc/bin/../lib/gcc/arm-none-eabi/11.2.1/../../../../arm-none-eabi/lib/thumb/v7e-m/nofp\libg_nano.a(lib_a-fvwrite.o)
 .comment       0x0000000000000039       0x3a c:/xpack-arm-none-eabi-gcc/bin/../lib/gcc/arm-none-eabi/11.2.1/../../../../arm-none-eabi/lib/thumb/v7e-m/nofp\libg_nano.a(lib_a-lseekr.o)
 .comment       0x0000000000000039       0x3a c:/xpack-arm-none-eabi-gcc/bin/../lib/gcc/arm-none-eabi/11.2.1/../../../../arm-none-eabi/lib/thumb/v7e-m/nofp\libg_nano.a(lib_a-makebuf.o)
 .comment       0x0000000000000039       0x3a c:/xpack-arm-none-eabi-gcc/bin/../lib/gcc/arm-none-eabi/11.2.1/../../../../arm-none-eabi/lib/thumb/v7e-m/nofp\libg_nano.a(lib_a-memcpy-stub.o)
 .comment       0x0000000000000039       0x3a c:/xpack-arm-none-eabi-gcc/bin/../lib/gcc/arm-none-eabi/11.2.1/../../../../arm-none-eabi/lib/thumb/v7e-m/nofp\libg_nano.a(lib_a-memmove.o)
 .comment       0x0000000000000039       0x3a c:/xpack-arm-none-eabi-gcc/bin/../lib/gcc/arm-none-eabi/11.2.1/../../../../arm-none-eabi/lib/thumb/v7e-m/nofp\libg_nano.a(lib_a-mlock.o)
 .comment       0x0000000000000039       0x3a c:/xpack-arm-none-eabi-gcc/bin/../lib/gcc/arm-none-eabi/11.2.1/../../../../arm-none-eabi/lib/thumb/v7e-m/nofp\libg_nano.a(lib_a-nano-freer.o)
 .comment       0x0000000000000039       0x3a c:/xpack-arm-none-eabi-gcc/bin/../lib/gcc/arm-none-eabi/11.2.1/../../../../arm-none-eabi/lib/thumb/v7e-m/nofp\libg_nano.a(lib_a-nano-reallocr.o)
 .comment       0x0000000000000039       0x3a c:/xpack-arm-none-eabi-gcc/bin/../lib/gcc/arm-none-eabi/11.2.1/../../../../arm-none-eabi/lib/thumb/v7e-m/nofp\libg_nano.a(lib_a-nano-vfprintf_i.o)
 .comment       0x0000000000000039       0x3a c:/xpack-arm-none-eabi-gcc/bin/../lib/gcc/arm-none-eabi/11.2.1/../../../../arm-none-eabi/lib/thumb/v7e-m/nofp\libg_nano.a(lib_a-readr.o)
 .comment       0x0000000000000039       0x3a c:/xpack-arm-none-eabi-gcc/bin/../lib/gcc/arm-none-eabi/11.2.1/../../../../arm-none-eabi/lib/thumb/v7e-m/nofp\libg_nano.a(lib_a-reent.o)
 .comment       0x0000000000000039       0x3a c:/xpack-arm-none-eabi-gcc/bin/../lib/gcc/arm-none-eabi/11.2.1/../../../../arm-none-eabi/lib/thumb/v7e-m/nofp\libg_nano.a(lib_a-fstatr.o)
 .comment       0x0000000000000039       0x3a c:/xpack-arm-none-eabi-gcc/bin/../lib/gcc/arm-none-eabi/11.2.1/../../../../arm-none-eabi/lib/thumb/v7e-m/nofp\libg_nano.a(lib_a-isattyr.o)
 .comment       0x0000000000000039       0x3a c:/xpack-arm-none-eabi-gcc/bin/../lib/gcc/arm-none-eabi/11.2.1/../../../../arm-none-eabi/lib/thumb/v7e-m/nofp\libg_nano.a(lib_a-nano-msizer.o)
 .comment       0x0000000000000039       0x3a c:/xpack-arm-none-eabi-gcc/bin/../lib/gcc/arm-none-eabi/11.2.1/../../../../arm-none-eabi/lib/thumb/v7e-m/nofp\libnosys.a(close.o)
 .comment       0x0000000000000039       0x3a c:/xpack-arm-none-eabi-gcc/bin/../lib/gcc/arm-none-eabi/11.2.1/../../../../arm-none-eabi/lib/thumb/v7e-m/nofp\libnosys.a(fstat.o)
 .comment       0x0000000000000039       0x3a c:/xpack-arm-none-eabi-gcc/bin/../lib/gcc/arm-none-eabi/11.2.1/../../../../arm-none-eabi/lib/thumb/v7e-m/nofp\libnosys.a(isatty.o)
 .comment       0x0000000000000039       0x3a c:/xpack-arm-none-eabi-gcc/bin/../lib/gcc/arm-none-eabi/11.2.1/../../../../arm-none-eabi/lib/thumb/v7e-m/nofp\libnosys.a(lseek.o)
 .comment       0x0000000000000039       0x3a c:/xpack-arm-none-eabi-gcc/bin/../lib/gcc/arm-none-eabi/11.2.1/../../../../arm-none-eabi/lib/thumb/v7e-m/nofp\libnosys.a(read.o)
 .comment       0x0000000000000039       0x3a c:/xpack-arm-none-eabi-gcc/bin/../lib/gcc/arm-none-eabi/11.2.1/../../../../arm-none-eabi/lib/thumb/v7e-m/nofp\libnosys.a(sbrk.o)
 .comment       0x0000000000000039       0x3a c:/xpack-arm-none-eabi-gcc/bin/../lib/gcc/arm-none-eabi/11.2.1/../../../../arm-none-eabi/lib/thumb/v7e-m/nofp\libnosys.a(write.o)
 .comment       0x0000000000000039       0x3a c:/xpack-arm-none-eabi-gcc/bin/../lib/gcc/arm-none-eabi/11.2.1/../../../../arm-none-eabi/lib/thumb/v7e-m/nofp\libnosys.a(_exit.o)
 .comment       0x0000000000000039       0x3a c:/xpack-arm-none-eabi-gcc/bin/../lib/gcc/arm-none-eabi/11.2.1/thumb/v7e-m/nofp/crtend.o

.debug_info     0x0000000000000000      0x3bf
 .debug_info    0x0000000000000000       0xfb C:\Users\vqtrong\AppData\Roaming\MOBAXT~1\slash\tmp\ccqMjMXs.o
 .debug_info    0x00000000000000fb       0xbe C:\Users\vqtrong\AppData\Roaming\MOBAXT~1\slash\tmp\cc2Vr8HG.o
 .debug_info    0x00000000000001b9       0xb9 C:\Users\vqtrong\AppData\Roaming\MOBAXT~1\slash\tmp\ccaAPgDS.o
 .debug_info    0x0000000000000272      0x14d C:\Users\vqtrong\AppData\Roaming\MOBAXT~1\slash\tmp\cccBuhn7.o

.debug_abbrev   0x0000000000000000      0x25f
 .debug_abbrev  0x0000000000000000       0xbc C:\Users\vqtrong\AppData\Roaming\MOBAXT~1\slash\tmp\ccqMjMXs.o
 .debug_abbrev  0x00000000000000bc       0x6b C:\Users\vqtrong\AppData\Roaming\MOBAXT~1\slash\tmp\cc2Vr8HG.o
 .debug_abbrev  0x0000000000000127       0x77 C:\Users\vqtrong\AppData\Roaming\MOBAXT~1\slash\tmp\ccaAPgDS.o
 .debug_abbrev  0x000000000000019e       0xc1 C:\Users\vqtrong\AppData\Roaming\MOBAXT~1\slash\tmp\cccBuhn7.o

.debug_aranges  0x0000000000000000       0x80
 .debug_aranges
                0x0000000000000000       0x20 C:\Users\vqtrong\AppData\Roaming\MOBAXT~1\slash\tmp\ccqMjMXs.o
 .debug_aranges
                0x0000000000000020       0x20 C:\Users\vqtrong\AppData\Roaming\MOBAXT~1\slash\tmp\cc2Vr8HG.o
 .debug_aranges
                0x0000000000000040       0x20 C:\Users\vqtrong\AppData\Roaming\MOBAXT~1\slash\tmp\ccaAPgDS.o
 .debug_aranges
                0x0000000000000060       0x20 C:\Users\vqtrong\AppData\Roaming\MOBAXT~1\slash\tmp\cccBuhn7.o

.debug_line     0x0000000000000000      0x419
 .debug_line    0x0000000000000000      0x136 C:\Users\vqtrong\AppData\Roaming\MOBAXT~1\slash\tmp\ccqMjMXs.o
 .debug_line    0x0000000000000136       0xdd C:\Users\vqtrong\AppData\Roaming\MOBAXT~1\slash\tmp\cc2Vr8HG.o
 .debug_line    0x0000000000000213       0xce C:\Users\vqtrong\AppData\Roaming\MOBAXT~1\slash\tmp\ccaAPgDS.o
 .debug_line    0x00000000000002e1      0x138 C:\Users\vqtrong\AppData\Roaming\MOBAXT~1\slash\tmp\cccBuhn7.o

.debug_str      0x0000000000000000      0x1fa
 .debug_str     0x0000000000000000      0x14d C:\Users\vqtrong\AppData\Roaming\MOBAXT~1\slash\tmp\ccqMjMXs.o
                                        0x197 (size before relaxing)
 .debug_str     0x000000000000014d       0x20 C:\Users\vqtrong\AppData\Roaming\MOBAXT~1\slash\tmp\cc2Vr8HG.o
                                        0x184 (size before relaxing)
 .debug_str     0x000000000000016d       0x26 C:\Users\vqtrong\AppData\Roaming\MOBAXT~1\slash\tmp\ccaAPgDS.o
                                        0x184 (size before relaxing)
 .debug_str     0x0000000000000193       0x67 C:\Users\vqtrong\AppData\Roaming\MOBAXT~1\slash\tmp\cccBuhn7.o
                                        0x1d2 (size before relaxing)

.debug_frame    0x0000000000000000       0xc0
 .debug_frame   0x0000000000000000       0x34 C:\Users\vqtrong\AppData\Roaming\MOBAXT~1\slash\tmp\ccqMjMXs.o
 .debug_frame   0x0000000000000034       0x30 C:\Users\vqtrong\AppData\Roaming\MOBAXT~1\slash\tmp\cc2Vr8HG.o
 .debug_frame   0x0000000000000064       0x28 C:\Users\vqtrong\AppData\Roaming\MOBAXT~1\slash\tmp\ccaAPgDS.o
 .debug_frame   0x000000000000008c       0x34 C:\Users\vqtrong\AppData\Roaming\MOBAXT~1\slash\tmp\cccBuhn7.o
