
Memory Configuration

Name             Origin             Length             Attributes
RAM              0x0000000020000000 0x0000000000020000 xrw
FLASH            0x0000000008000000 0x0000000000080000 xr
*default*        0x0000000000000000 0xffffffffffffffff

Linker script and memory map

LOAD C:\Users\vqtrong\AppData\Roaming\MOBAXT~1\slash\tmp\ccI4nsiN.o
LOAD C:\Users\vqtrong\AppData\Roaming\MOBAXT~1\slash\tmp\cct1qvta.o
LOAD C:\Users\vqtrong\AppData\Roaming\MOBAXT~1\slash\tmp\ccYP9jGz.o
LOAD C:\Users\vqtrong\AppData\Roaming\MOBAXT~1\slash\tmp\ccJuPZmX.o
                0x0000000020020000                _estack = (ORIGIN (RAM) + LENGTH (RAM))

.isr_vector     0x0000000008000000      0x198
 *(.isr_vector)
 .isr_vector    0x0000000008000000      0x198 C:\Users\vqtrong\AppData\Roaming\MOBAXT~1\slash\tmp\ccYP9jGz.o
                0x0000000008000000                vector_table

.text           0x0000000008000198      0x120
 *(.text)
 .text          0x0000000008000198       0x68 C:\Users\vqtrong\AppData\Roaming\MOBAXT~1\slash\tmp\ccI4nsiN.o
                0x0000000008000198                main
 .text          0x0000000008000200       0x2c C:\Users\vqtrong\AppData\Roaming\MOBAXT~1\slash\tmp\cct1qvta.o
                0x0000000008000200                delay
 .text          0x000000000800022c        0x6 C:\Users\vqtrong\AppData\Roaming\MOBAXT~1\slash\tmp\ccYP9jGz.o
                0x000000000800022c                RTC_Alarm_IRQHandler
                0x000000000800022c                EXTI2_IRQHandler
                0x000000000800022c                DebugMon_Handler
                0x000000000800022c                SPI4_IRQHandler
                0x000000000800022c                TIM1_CC_IRQHandler
                0x000000000800022c                DMA2_Stream5_IRQHandler
                0x000000000800022c                HardFault_Handler
                0x000000000800022c                DMA1_Stream5_IRQHandler
                0x000000000800022c                SysTick_Handler
                0x000000000800022c                PVD_IRQHandler
                0x000000000800022c                SDIO_IRQHandler
                0x000000000800022c                TAMP_STAMP_IRQHandler
                0x000000000800022c                PendSV_Handler
                0x000000000800022c                NMI_Handler
                0x000000000800022c                EXTI3_IRQHandler
                0x000000000800022c                TIM1_UP_TIM10_IRQHandler
                0x000000000800022c                I2C3_ER_IRQHandler
                0x000000000800022c                EXTI0_IRQHandler
                0x000000000800022c                I2C2_EV_IRQHandler
                0x000000000800022c                DMA1_Stream2_IRQHandler
                0x000000000800022c                FPU_IRQHandler
                0x000000000800022c                UsageFault_Handler
                0x000000000800022c                DMA2_Stream2_IRQHandler
                0x000000000800022c                SPI1_IRQHandler
                0x000000000800022c                TIM1_BRK_TIM9_IRQHandler
                0x000000000800022c                DMA2_Stream3_IRQHandler
                0x000000000800022c                USART6_IRQHandler
                0x000000000800022c                DMA2_Stream0_IRQHandler
                0x000000000800022c                TIM4_IRQHandler
                0x000000000800022c                I2C1_EV_IRQHandler
                0x000000000800022c                DMA1_Stream6_IRQHandler
                0x000000000800022c                DMA1_Stream1_IRQHandler
                0x000000000800022c                TIM3_IRQHandler
                0x000000000800022c                RCC_IRQHandler
                0x000000000800022c                Default_Handler
                0x000000000800022c                EXTI15_10_IRQHandler
                0x000000000800022c                ADC_IRQHandler
                0x000000000800022c                DMA1_Stream7_IRQHandler
                0x000000000800022c                SPI5_IRQHandler
                0x000000000800022c                TIM5_IRQHandler
                0x000000000800022c                DMA2_Stream7_IRQHandler
                0x000000000800022c                I2C3_EV_IRQHandler
                0x000000000800022c                EXTI9_5_IRQHandler
                0x000000000800022c                RTC_WKUP_IRQHandler
                0x000000000800022c                SPI2_IRQHandler
                0x000000000800022c                MemManage_Handler
                0x000000000800022c                DMA1_Stream0_IRQHandler
                0x000000000800022c                SVC_Handler
                0x000000000800022c                EXTI4_IRQHandler
                0x000000000800022c                WWDG_IRQHandler
                0x000000000800022c                TIM2_IRQHandler
                0x000000000800022c                OTG_FS_WKUP_IRQHandler
                0x000000000800022c                TIM1_TRG_COM_TIM11_IRQHandler
                0x000000000800022c                EXTI1_IRQHandler
                0x000000000800022c                USART2_IRQHandler
                0x000000000800022c                I2C2_ER_IRQHandler
                0x000000000800022c                DMA2_Stream1_IRQHandler
                0x000000000800022c                FLASH_IRQHandler
                0x000000000800022c                DMA2_Stream4_IRQHandler
                0x000000000800022c                BusFault_Handler
                0x000000000800022c                USART1_IRQHandler
                0x000000000800022c                OTG_FS_IRQHandler
                0x000000000800022c                SPI3_IRQHandler
                0x000000000800022c                DMA1_Stream4_IRQHandler
                0x000000000800022c                I2C1_ER_IRQHandler
                0x000000000800022c                DMA2_Stream6_IRQHandler
                0x000000000800022c                DMA1_Stream3_IRQHandler
 *fill*         0x0000000008000232        0x2 
 .text          0x0000000008000234       0x84 C:\Users\vqtrong\AppData\Roaming\MOBAXT~1\slash\tmp\ccJuPZmX.o
                0x0000000008000234                Reset_Handler
                0x00000000080002b8                _etext = .

.glue_7         0x00000000080002b8        0x0
 .glue_7        0x00000000080002b8        0x0 linker stubs

.glue_7t        0x00000000080002b8        0x0
 .glue_7t       0x00000000080002b8        0x0 linker stubs

.vfp11_veneer   0x00000000080002b8        0x0
 .vfp11_veneer  0x00000000080002b8        0x0 linker stubs

.v4_bx          0x00000000080002b8        0x0
 .v4_bx         0x00000000080002b8        0x0 linker stubs

.iplt           0x00000000080002b8        0x0
 .iplt          0x00000000080002b8        0x0 C:\Users\vqtrong\AppData\Roaming\MOBAXT~1\slash\tmp\ccI4nsiN.o

.rodata         0x00000000080002b8        0x4
 *(.rodata)
 .rodata        0x00000000080002b8        0x4 C:\Users\vqtrong\AppData\Roaming\MOBAXT~1\slash\tmp\cct1qvta.o
                0x00000000080002b8                DELAY_MAX
                0x00000000080002bc                _lddata = LOADADDR (.data)

.rel.dyn        0x00000000080002bc        0x0
 .rel.iplt      0x00000000080002bc        0x0 C:\Users\vqtrong\AppData\Roaming\MOBAXT~1\slash\tmp\ccI4nsiN.o

.data           0x0000000020000000        0x4 load address 0x00000000080002bc
                0x0000000020000000                _sdata = .
 *(.data)
 .data          0x0000000020000000        0x4 C:\Users\vqtrong\AppData\Roaming\MOBAXT~1\slash\tmp\ccI4nsiN.o
                0x0000000020000000                isLoop
 .data          0x0000000020000004        0x0 C:\Users\vqtrong\AppData\Roaming\MOBAXT~1\slash\tmp\cct1qvta.o
 .data          0x0000000020000004        0x0 C:\Users\vqtrong\AppData\Roaming\MOBAXT~1\slash\tmp\ccYP9jGz.o
 .data          0x0000000020000004        0x0 C:\Users\vqtrong\AppData\Roaming\MOBAXT~1\slash\tmp\ccJuPZmX.o
                0x0000000020000004                _edata = .

.igot.plt       0x0000000020000004        0x0 load address 0x00000000080002c0
 .igot.plt      0x0000000020000004        0x0 C:\Users\vqtrong\AppData\Roaming\MOBAXT~1\slash\tmp\ccI4nsiN.o

.bss            0x0000000020000004        0x4 load address 0x00000000080002c0
                0x0000000020000004                _sbss = .
 *(.bss)
 .bss           0x0000000020000004        0x0 C:\Users\vqtrong\AppData\Roaming\MOBAXT~1\slash\tmp\ccI4nsiN.o
 .bss           0x0000000020000004        0x4 C:\Users\vqtrong\AppData\Roaming\MOBAXT~1\slash\tmp\cct1qvta.o
                0x0000000020000004                delay_counter
 .bss           0x0000000020000008        0x0 C:\Users\vqtrong\AppData\Roaming\MOBAXT~1\slash\tmp\ccYP9jGz.o
 .bss           0x0000000020000008        0x0 C:\Users\vqtrong\AppData\Roaming\MOBAXT~1\slash\tmp\ccJuPZmX.o
                0x0000000020000008                _ebss = .
OUTPUT(main-debug.elf elf32-littlearm)
LOAD linker stubs

.debug_info     0x0000000000000000      0x37b
 .debug_info    0x0000000000000000       0xbb C:\Users\vqtrong\AppData\Roaming\MOBAXT~1\slash\tmp\ccI4nsiN.o
 .debug_info    0x00000000000000bb       0xbe C:\Users\vqtrong\AppData\Roaming\MOBAXT~1\slash\tmp\cct1qvta.o
 .debug_info    0x0000000000000179       0xb9 C:\Users\vqtrong\AppData\Roaming\MOBAXT~1\slash\tmp\ccYP9jGz.o
 .debug_info    0x0000000000000232      0x149 C:\Users\vqtrong\AppData\Roaming\MOBAXT~1\slash\tmp\ccJuPZmX.o

.debug_abbrev   0x0000000000000000      0x21e
 .debug_abbrev  0x0000000000000000       0x7d C:\Users\vqtrong\AppData\Roaming\MOBAXT~1\slash\tmp\ccI4nsiN.o
 .debug_abbrev  0x000000000000007d       0x6b C:\Users\vqtrong\AppData\Roaming\MOBAXT~1\slash\tmp\cct1qvta.o
 .debug_abbrev  0x00000000000000e8       0x77 C:\Users\vqtrong\AppData\Roaming\MOBAXT~1\slash\tmp\ccYP9jGz.o
 .debug_abbrev  0x000000000000015f       0xbf C:\Users\vqtrong\AppData\Roaming\MOBAXT~1\slash\tmp\ccJuPZmX.o

.debug_aranges  0x0000000000000000       0x80
 .debug_aranges
                0x0000000000000000       0x20 C:\Users\vqtrong\AppData\Roaming\MOBAXT~1\slash\tmp\ccI4nsiN.o
 .debug_aranges
                0x0000000000000020       0x20 C:\Users\vqtrong\AppData\Roaming\MOBAXT~1\slash\tmp\cct1qvta.o
 .debug_aranges
                0x0000000000000040       0x20 C:\Users\vqtrong\AppData\Roaming\MOBAXT~1\slash\tmp\ccYP9jGz.o
 .debug_aranges
                0x0000000000000060       0x20 C:\Users\vqtrong\AppData\Roaming\MOBAXT~1\slash\tmp\ccJuPZmX.o

.debug_line     0x0000000000000000      0x3d5
 .debug_line    0x0000000000000000       0xf3 C:\Users\vqtrong\AppData\Roaming\MOBAXT~1\slash\tmp\ccI4nsiN.o
 .debug_line    0x00000000000000f3       0xdd C:\Users\vqtrong\AppData\Roaming\MOBAXT~1\slash\tmp\cct1qvta.o
 .debug_line    0x00000000000001d0       0xce C:\Users\vqtrong\AppData\Roaming\MOBAXT~1\slash\tmp\ccYP9jGz.o
 .debug_line    0x000000000000029e      0x137 C:\Users\vqtrong\AppData\Roaming\MOBAXT~1\slash\tmp\ccJuPZmX.o

.debug_str      0x0000000000000000      0x1d2
 .debug_str     0x0000000000000000      0x137 C:\Users\vqtrong\AppData\Roaming\MOBAXT~1\slash\tmp\ccI4nsiN.o
                                        0x174 (size before relaxing)
 .debug_str     0x0000000000000137       0x20 C:\Users\vqtrong\AppData\Roaming\MOBAXT~1\slash\tmp\cct1qvta.o
                                        0x181 (size before relaxing)
 .debug_str     0x0000000000000157       0x26 C:\Users\vqtrong\AppData\Roaming\MOBAXT~1\slash\tmp\ccYP9jGz.o
                                        0x181 (size before relaxing)
 .debug_str     0x000000000000017d       0x55 C:\Users\vqtrong\AppData\Roaming\MOBAXT~1\slash\tmp\ccJuPZmX.o
                                        0x1bd (size before relaxing)

.comment        0x0000000000000000       0x39
 .comment       0x0000000000000000       0x39 C:\Users\vqtrong\AppData\Roaming\MOBAXT~1\slash\tmp\ccI4nsiN.o
                                         0x3a (size before relaxing)
 .comment       0x0000000000000039       0x3a C:\Users\vqtrong\AppData\Roaming\MOBAXT~1\slash\tmp\cct1qvta.o
 .comment       0x0000000000000039       0x3a C:\Users\vqtrong\AppData\Roaming\MOBAXT~1\slash\tmp\ccYP9jGz.o
 .comment       0x0000000000000039       0x3a C:\Users\vqtrong\AppData\Roaming\MOBAXT~1\slash\tmp\ccJuPZmX.o

.ARM.attributes
                0x0000000000000000       0x2e
 .ARM.attributes
                0x0000000000000000       0x2e C:\Users\vqtrong\AppData\Roaming\MOBAXT~1\slash\tmp\ccI4nsiN.o
 .ARM.attributes
                0x000000000000002e       0x2e C:\Users\vqtrong\AppData\Roaming\MOBAXT~1\slash\tmp\cct1qvta.o
 .ARM.attributes
                0x000000000000005c       0x2e C:\Users\vqtrong\AppData\Roaming\MOBAXT~1\slash\tmp\ccYP9jGz.o
 .ARM.attributes
                0x000000000000008a       0x2e C:\Users\vqtrong\AppData\Roaming\MOBAXT~1\slash\tmp\ccJuPZmX.o

.debug_frame    0x0000000000000000       0xb8
 .debug_frame   0x0000000000000000       0x2c C:\Users\vqtrong\AppData\Roaming\MOBAXT~1\slash\tmp\ccI4nsiN.o
 .debug_frame   0x000000000000002c       0x30 C:\Users\vqtrong\AppData\Roaming\MOBAXT~1\slash\tmp\cct1qvta.o
 .debug_frame   0x000000000000005c       0x28 C:\Users\vqtrong\AppData\Roaming\MOBAXT~1\slash\tmp\ccYP9jGz.o
 .debug_frame   0x0000000000000084       0x34 C:\Users\vqtrong\AppData\Roaming\MOBAXT~1\slash\tmp\ccJuPZmX.o
